Archive member included because of file (symbol)

.\CortexM3\ARM_GCC_493\Debug\ZumoBot_Lib_Gyro.a(cyfitter_cfg.o)
                              .\CortexM3\ARM_GCC_493\Debug\Cm3Start.o (cyfitter_cfg)
.\CortexM3\ARM_GCC_493\Debug\ZumoBot_Lib_Gyro.a(PWM.o)
                              .\CortexM3\ARM_GCC_493\Debug\Motor.o (PWM_Stop)
.\CortexM3\ARM_GCC_493\Debug\ZumoBot_Lib_Gyro.a(I2C.o)
                              .\CortexM3\ARM_GCC_493\Debug\main.o (I2C_Start)
.\CortexM3\ARM_GCC_493\Debug\ZumoBot_Lib_Gyro.a(I2C_INT.o)
                              .\CortexM3\ARM_GCC_493\Debug\ZumoBot_Lib_Gyro.a(I2C.o) (I2C_ISR)
.\CortexM3\ARM_GCC_493\Debug\ZumoBot_Lib_Gyro.a(I2C_PM.o)
                              .\CortexM3\ARM_GCC_493\Debug\ZumoBot_Lib_Gyro.a(I2C.o) (I2C_backup)
.\CortexM3\ARM_GCC_493\Debug\ZumoBot_Lib_Gyro.a(I2C_MASTER.o)
                              .\CortexM3\ARM_GCC_493\Debug\nunchuk.o (I2C_MasterWriteBuf)
.\CortexM3\ARM_GCC_493\Debug\ZumoBot_Lib_Gyro.a(UART.o)
                              .\CortexM3\ARM_GCC_493\Debug\main.o (UART_Start)
.\CortexM3\ARM_GCC_493\Debug\ZumoBot_Lib_Gyro.a(UART_IntClock.o)
                              .\CortexM3\ARM_GCC_493\Debug\ZumoBot_Lib_Gyro.a(UART.o) (UART_IntClock_Start)
.\CortexM3\ARM_GCC_493\Debug\ZumoBot_Lib_Gyro.a(CyBootAsmGnu.o)
                              .\CortexM3\ARM_GCC_493\Debug\ZumoBot_Lib_Gyro.a(cyfitter_cfg.o) (CyDelayCycles)
.\CortexM3\ARM_GCC_493\Debug\ZumoBot_Lib_Gyro.a(CyLib.o)
                              .\CortexM3\ARM_GCC_493\Debug\Cm3Start.o (CyHalt)
.\CortexM3\ARM_GCC_493\Debug\ZumoBot_Lib_Gyro.a(cyPm.o)
                              .\CortexM3\ARM_GCC_493\Debug\ZumoBot_Lib_Gyro.a(CyLib.o) (CyPmReadStatus)
.\CortexM3\ARM_GCC_493\Debug\ZumoBot_Lib_Gyro.a(MotorDirLeft.o)
                              .\CortexM3\ARM_GCC_493\Debug\Motor.o (MotorDirLeft_Write)
.\CortexM3\ARM_GCC_493\Debug\ZumoBot_Lib_Gyro.a(MotorDirRight.o)
                              .\CortexM3\ARM_GCC_493\Debug\Motor.o (MotorDirRight_Write)
.\CortexM3\ARM_GCC_493\Debug\ZumoBot_Lib_Gyro.a(LL.o)
                              .\CortexM3\ARM_GCC_493\Debug\Reflectance.o (LL_Write)
.\CortexM3\ARM_GCC_493\Debug\ZumoBot_Lib_Gyro.a(Timer_LL.o)
                              .\CortexM3\ARM_GCC_493\Debug\Reflectance.o (Timer_LL_ReadStatusRegister)
.\CortexM3\ARM_GCC_493\Debug\ZumoBot_Lib_Gyro.a(Timer_RR.o)
                              .\CortexM3\ARM_GCC_493\Debug\Reflectance.o (Timer_RR_ReadStatusRegister)
.\CortexM3\ARM_GCC_493\Debug\ZumoBot_Lib_Gyro.a(Timer_RL.o)
                              .\CortexM3\ARM_GCC_493\Debug\Reflectance.o (Timer_RL_ReadStatusRegister)
.\CortexM3\ARM_GCC_493\Debug\ZumoBot_Lib_Gyro.a(RL.o)
                              .\CortexM3\ARM_GCC_493\Debug\Reflectance.o (RL_Write)
.\CortexM3\ARM_GCC_493\Debug\ZumoBot_Lib_Gyro.a(RR.o)
                              .\CortexM3\ARM_GCC_493\Debug\Reflectance.o (RR_Write)
.\CortexM3\ARM_GCC_493\Debug\ZumoBot_Lib_Gyro.a(Timer_LR.o)
                              .\CortexM3\ARM_GCC_493\Debug\Reflectance.o (Timer_LR_ReadStatusRegister)
.\CortexM3\ARM_GCC_493\Debug\ZumoBot_Lib_Gyro.a(LR.o)
                              .\CortexM3\ARM_GCC_493\Debug\Reflectance.o (LR_Write)
.\CortexM3\ARM_GCC_493\Debug\ZumoBot_Lib_Gyro.a(Timer.o)
                              .\CortexM3\ARM_GCC_493\Debug\Ultra.o (Timer_Stop)
.\CortexM3\ARM_GCC_493\Debug\ZumoBot_Lib_Gyro.a(Echo.o)
                              .\CortexM3\ARM_GCC_493\Debug\Ultra.o (Echo_Read)
.\CortexM3\ARM_GCC_493\Debug\ZumoBot_Lib_Gyro.a(CyFlash.o)
                              .\CortexM3\ARM_GCC_493\Debug\ZumoBot_Lib_Gyro.a(cyPm.o) (CyFlash_SetWaitCycles)
.\CortexM3\ARM_GCC_493\Debug\ZumoBot_Lib_Gyro.a(CySpc.o)
                              .\CortexM3\ARM_GCC_493\Debug\ZumoBot_Lib_Gyro.a(CyFlash.o) (CySpcStart)
c:/program files (x86)/cypress/psoc creator/3.3/psoc creator/import/gnu/arm/4.9.3/bin/../lib/gcc/arm-none-eabi/4.9.3/../../../../arm-none-eabi/lib/armv7-m\libm.a(lib_a-w_atan2.o)
                              .\CortexM3\ARM_GCC_493\Debug\accel.o (atan2)
c:/program files (x86)/cypress/psoc creator/3.3/psoc creator/import/gnu/arm/4.9.3/bin/../lib/gcc/arm-none-eabi/4.9.3/../../../../arm-none-eabi/lib/armv7-m\libm.a(lib_a-e_atan2.o)
                              c:/program files (x86)/cypress/psoc creator/3.3/psoc creator/import/gnu/arm/4.9.3/bin/../lib/gcc/arm-none-eabi/4.9.3/../../../../arm-none-eabi/lib/armv7-m\libm.a(lib_a-w_atan2.o) (__ieee754_atan2)
c:/program files (x86)/cypress/psoc creator/3.3/psoc creator/import/gnu/arm/4.9.3/bin/../lib/gcc/arm-none-eabi/4.9.3/../../../../arm-none-eabi/lib/armv7-m\libm.a(lib_a-s_atan.o)
                              c:/program files (x86)/cypress/psoc creator/3.3/psoc creator/import/gnu/arm/4.9.3/bin/../lib/gcc/arm-none-eabi/4.9.3/../../../../arm-none-eabi/lib/armv7-m\libm.a(lib_a-e_atan2.o) (atan)
[...]
Memory Configuration

Name             Origin             Length             Attributes
rom              0x00000000         0x00040000         xr
ram              0x1fff8000         0x00010000         xrw
*default*        0x00000000         0xffffffff

Linker script and memory map

LOAD c:/program files (x86)/cypress/psoc creator/3.3/psoc creator/import/gnu/arm/4.9.3/bin/../lib/gcc/arm-none-eabi/4.9.3/armv7-m/crti.o
LOAD c:/program files (x86)/cypress/psoc creator/3.3/psoc creator/import/gnu/arm/4.9.3/bin/../lib/gcc/arm-none-eabi/4.9.3/armv7-m/crtbegin.o
LOAD c:/program files (x86)/cypress/psoc creator/3.3/psoc creator/import/gnu/arm/4.9.3/bin/../lib/gcc/arm-none-eabi/4.9.3/../../../../arm-none-eabi/lib/armv7-m/crt0.o
START GROUP
LOAD .\CortexM3\ARM_GCC_493\Debug\main.o
LOAD .\CortexM3\ARM_GCC_493\Debug\nunchuk.o
LOAD .\CortexM3\ARM_GCC_493\Debug\Motor.o
LOAD .\CortexM3\ARM_GCC_493\Debug\Ultra.o
LOAD .\CortexM3\ARM_GCC_493\Debug\accel.o
LOAD .\CortexM3\ARM_GCC_493\Debug\gyro.o
LOAD .\CortexM3\ARM_GCC_493\Debug\I2C_made.o
LOAD .\CortexM3\ARM_GCC_493\Debug\magnet.o
LOAD .\CortexM3\ARM_GCC_493\Debug\Reflectance.o
LOAD .\CortexM3\ARM_GCC_493\Debug\cymetadata.o
LOAD .\CortexM3\ARM_GCC_493\Debug\Cm3Start.o
LOAD .\CortexM3\ARM_GCC_493\Debug\ZumoBot_Lib_Gyro.a
LOAD C:\Program Files (x86)\Cypress\PSoC Creator\3.3\PSoC Creator\psoc\content\cycomponentlibrary\CyComponentLibrary.cylib\CortexM3\ARM_GCC_493\Debug\CyComponentLibrary.a
LOAD c:/program files (x86)/cypress/psoc creator/3.3/psoc creator/import/gnu/arm/4.9.3/bin/../lib/gcc/arm-none-eabi/4.9.3/../../../../arm-none-eabi/lib/armv7-m\libm.a
END GROUP
START GROUP
LOAD c:/program files (x86)/cypress/psoc creator/3.3/psoc creator/import/gnu/arm/4.9.3/bin/../lib/gcc/arm-none-eabi/4.9.3/armv7-m\libgcc.a
LOAD c:/program files (x86)/cypress/psoc creator/3.3/psoc creator/import/gnu/arm/4.9.3/bin/../lib/gcc/arm-none-eabi/4.9.3/../../../../arm-none-eabi/lib/armv7-m\libg_nano.a
LOAD c:/program files (x86)/cypress/psoc creator/3.3/psoc creator/import/gnu/arm/4.9.3/bin/../lib/gcc/arm-none-eabi/4.9.3/../../../../arm-none-eabi/lib/armv7-m\libc_nano.a
END GROUP
START GROUP
LOAD c:/program files (x86)/cypress/psoc creator/3.3/psoc creator/import/gnu/arm/4.9.3/bin/../lib/gcc/arm-none-eabi/4.9.3/armv7-m\libgcc.a
LOAD c:/program files (x86)/cypress/psoc creator/3.3/psoc creator/import/gnu/arm/4.9.3/bin/../lib/gcc/arm-none-eabi/4.9.3/../../../../arm-none-eabi/lib/armv7-m\libc_nano.a
END GROUP
LOAD c:/program files (x86)/cypress/psoc creator/3.3/psoc creator/import/gnu/arm/4.9.3/bin/../lib/gcc/arm-none-eabi/4.9.3/armv7-m/crtend.o
LOAD c:/program files (x86)/cypress/psoc creator/3.3/psoc creator/import/gnu/arm/4.9.3/bin/../lib/gcc/arm-none-eabi/4.9.3/armv7-m/crtn.o
START GROUP
LOAD c:/program files (x86)/cypress/psoc creator/3.3/psoc creator/import/gnu/arm/4.9.3/bin/../lib/gcc/arm-none-eabi/4.9.3/armv7-m\libgcc.a
LOAD c:/program files (x86)/cypress/psoc creator/3.3/psoc creator/import/gnu/arm/4.9.3/bin/../lib/gcc/arm-none-eabi/4.9.3/../../../../arm-none-eabi/lib/armv7-m\libc.a
LOAD c:/program files (x86)/cypress/psoc creator/3.3/psoc creator/import/gnu/arm/4.9.3/bin/../lib/gcc/arm-none-eabi/4.9.3/../../../../arm-none-eabi/lib/armv7-m\libnosys.a
END GROUP
                0x00000000                CY_APPL_ORIGIN = 0x0
                0x00000100                CY_FLASH_ROW_SIZE = 0x100
                0x00000020                CY_ECC_ROW_SIZE = 0x20
                0x00000000                CY_EE_IN_BTLDR = 0x0
                0x00000000                CY_APPL_LOADABLE = 0x0
                0x00000800                CY_EE_SIZE = 0x800
                0x00000001                CY_APPL_NUM = 0x1
                0x00000001                CY_APPL_MAX = 0x1
                0x00000040                CY_METADATA_SIZE = 0x40
                0x00000000                CY_APPL_LOADABLE = 0x0
                0x00000000                CY_CHECKSUM_EXCLUDE_SIZE = ALIGN (0x0, CY_FLASH_ROW_SIZE)
                0x1fff8200                PROVIDE (__cy_heap_start, _end)
                0x00000001                PROVIDE (__cy_region_num, ((__cy_regions_end - __cy_regions) / 0x10))
                0x20008000                PROVIDE (__cy_stack, (ORIGIN (ram) + 0x10000))
                0x20007800                PROVIDE (__cy_heap_end, (__cy_stack - 0x800))

.cybootloader   0x00000000        0x0
 *(.cybootloader)
                0x00000000                appl1_start = CY_APPL_ORIGIN?CY_APPL_ORIGIN:ALIGN (CY_FLASH_ROW_SIZE)
                0x0001ff00                appl2_start = (appl1_start + ALIGN ((((0x40000 - appl1_start) - (0x2 * CY_FLASH_ROW_SIZE)) / 0x2), CY_FLASH_ROW_SIZE))
                0x00000000                appl_start = (CY_APPL_NUM == 0x1)?appl1_start:appl2_start
                0x00000000                ecc_offset = ((appl_start / CY_FLASH_ROW_SIZE) * CY_ECC_ROW_SIZE)
                0x00000000                ee_offset = (CY_APPL_LOADABLE && ! (CY_EE_IN_BTLDR))?((CY_EE_SIZE / CY_APPL_MAX) * (CY_APPL_NUM - 0x1)):0x0
                0x00000800                ee_size = (CY_APPL_LOADABLE && ! (CY_EE_IN_BTLDR))?(CY_EE_SIZE / CY_APPL_MAX):CY_EE_SIZE
                0x00000000                PROVIDE (CY_ECC_OFFSET, ecc_offset)

.text           0x00000000     0x429c
 CREATE_OBJECT_SYMBOLS
                0x00000000                PROVIDE (__cy_interrupt_vector, RomVectors)
 *(.romvectors)
 .romvectors    0x00000000       0x10 .\CortexM3\ARM_GCC_493\Debug\Cm3Start.o
                0x00000000                RomVectors
                0x00000001                ASSERT ((. != __cy_interrupt_vector), No interrupt vector)
                0x00000001                ASSERT (CY_APPL_ORIGIN?(SIZEOF (.cybootloader) <= CY_APPL_ORIGIN):0x1, Wrong image location)
                0x00000010                PROVIDE (__cy_reset, Reset)
 *(.text.Reset)
 .text.Reset    0x00000010       0x18 .\CortexM3\ARM_GCC_493\Debug\Cm3Start.o
                0x00000010                Reset
                0x00000001                ASSERT ((. != __cy_reset), No reset code)
 *(.dma_init)
                0x00000001                ASSERT ((((appl_start + .) <= 0x10000) || 0x1), DMA Init must be within the first 64k of flash)
 *(.text .text.* .gnu.linkonce.t.*)
 .text          0x00000028       0x5c c:/program files (x86)/cypress/psoc creator/3.3/psoc creator/import/gnu/arm/4.9.3/bin/../lib/gcc/arm-none-eabi/4.9.3/armv7-m/crtbegin.o
 *fill*         0x00000084        0x4 
 .text.value_convert_gyro
                0x00000088       0x48 .\CortexM3\ARM_GCC_493\Debug\main.o
                0x00000088                value_convert_gyro
 .text.convert_raw
                0x000000d0        0x8 .\CortexM3\ARM_GCC_493\Debug\main.o
                0x000000d0                convert_raw
 .text.main     0x000000d8       0xb4 .\CortexM3\ARM_GCC_493\Debug\main.o
                0x000000d8                main
 .text._write   0x0000018c       0x1c .\CortexM3\ARM_GCC_493\Debug\main.o
                0x0000018c                _write
 .text.I2C_write
                0x000001a8       0x2c .\CortexM3\ARM_GCC_493\Debug\I2C_made.o
                0x000001a8                I2C_write
 .text.I2C_read
                0x000001d4       0x58 .\CortexM3\ARM_GCC_493\Debug\I2C_made.o
                0x000001d4                I2C_read
 .text.IntDefaultHandler
                0x0000022c        0x4 .\CortexM3\ARM_GCC_493\Debug\Cm3Start.o
                0x0000022c                IntDefaultHandler
 .text._sbrk    0x00000230       0x30 .\CortexM3\ARM_GCC_493\Debug\Cm3Start.o
                0x00000230                _sbrk
 .text.Start_c  0x00000260       0x4c .\CortexM3\ARM_GCC_493\Debug\Cm3Start.o
                0x00000260                Start_c
 .text.initialize_psoc
                0x000002ac       0x74 .\CortexM3\ARM_GCC_493\Debug\Cm3Start.o
                0x000002ac                initialize_psoc
 .text.CyClockStartupError
                0x00000320        0x4 .\CortexM3\ARM_GCC_493\Debug\ZumoBot_Lib_Gyro.a(cyfitter_cfg.o)
 .text.cfg_write_bytes32
                0x00000324       0x34 .\CortexM3\ARM_GCC_493\Debug\ZumoBot_Lib_Gyro.a(cyfitter_cfg.o)
 .text.AnalogSetDefault
                0x00000358       0x28 .\CortexM3\ARM_GCC_493\Debug\ZumoBot_Lib_Gyro.a(cyfitter_cfg.o)
 .text.CYMEMZERO
                0x00000380        0xc .\CortexM3\ARM_GCC_493\Debug\ZumoBot_Lib_Gyro.a(cyfitter_cfg.o)
 .text.ClockSetup
                0x0000038c       0xdc .\CortexM3\ARM_GCC_493\Debug\ZumoBot_Lib_Gyro.a(cyfitter_cfg.o)
 .text.CYCONFIGCPY
                0x00000468        0x8 .\CortexM3\ARM_GCC_493\Debug\ZumoBot_Lib_Gyro.a(cyfitter_cfg.o)
 .text.cyfitter_cfg
                0x00000470      0x124 .\CortexM3\ARM_GCC_493\Debug\ZumoBot_Lib_Gyro.a(cyfitter_cfg.o)
                0x00000470                cyfitter_cfg
 .text.I2C_Init
                0x00000594       0x68 .\CortexM3\ARM_GCC_493\Debug\ZumoBot_Lib_Gyro.a(I2C.o)
                0x00000594                I2C_Init
 .text.I2C_Enable
                0x000005fc       0x24 .\CortexM3\ARM_GCC_493\Debug\ZumoBot_Lib_Gyro.a(I2C.o)
                0x000005fc                I2C_Enable
 .text.I2C_Start
                0x00000620       0x28 .\CortexM3\ARM_GCC_493\Debug\ZumoBot_Lib_Gyro.a(I2C.o)
                0x00000620                I2C_Start
 .text.I2C_ISR  0x00000648      0x2cc .\CortexM3\ARM_GCC_493\Debug\ZumoBot_Lib_Gyro.a(I2C_INT.o)
                0x00000648                I2C_ISR
 .text.I2C_MasterWriteBuf
                0x00000914       0xcc .\CortexM3\ARM_GCC_493\Debug\ZumoBot_Lib_Gyro.a(I2C_MASTER.o)
                0x00000914                I2C_MasterWriteBuf
 .text.I2C_MasterReadBuf
                0x000009e0       0xd0 .\CortexM3\ARM_GCC_493\Debug\ZumoBot_Lib_Gyro.a(I2C_MASTER.o)
                0x000009e0                I2C_MasterReadBuf
 .text.I2C_MasterStatus
                0x00000ab0       0x38 .\CortexM3\ARM_GCC_493\Debug\ZumoBot_Lib_Gyro.a(I2C_MASTER.o)
                0x00000ab0                I2C_MasterStatus
 .text.I2C_MasterClearStatus
                0x00000ae8       0x24 .\CortexM3\ARM_GCC_493\Debug\ZumoBot_Lib_Gyro.a(I2C_MASTER.o)
                0x00000ae8                I2C_MasterClearStatus
 .text.UART_Init
                0x00000b0c       0x24 .\CortexM3\ARM_GCC_493\Debug\ZumoBot_Lib_Gyro.a(UART.o)
                0x00000b0c                UART_Init
 .text.UART_Enable
                0x00000b30       0x38 .\CortexM3\ARM_GCC_493\Debug\ZumoBot_Lib_Gyro.a(UART.o)
                0x00000b30                UART_Enable
 .text.UART_Start
                0x00000b68       0x1c .\CortexM3\ARM_GCC_493\Debug\ZumoBot_Lib_Gyro.a(UART.o)
                0x00000b68                UART_Start
 .text.UART_PutChar
                0x00000b84       0x18 .\CortexM3\ARM_GCC_493\Debug\ZumoBot_Lib_Gyro.a(UART.o)
                0x00000b84                UART_PutChar
 .text.UART_IntClock_Start
                0x00000b9c       0x1c .\CortexM3\ARM_GCC_493\Debug\ZumoBot_Lib_Gyro.a(UART_IntClock.o)
                0x00000b9c                UART_IntClock_Start
 .text          0x00000bb8       0x20 .\CortexM3\ARM_GCC_493\Debug\ZumoBot_Lib_Gyro.a(CyBootAsmGnu.o)
                0x00000bb8                CyDelayCycles
                0x00000bc8                CyEnterCriticalSection
                0x00000bd0                CyExitCriticalSection
 .text.CyHalt   0x00000bd8        0x4 .\CortexM3\ARM_GCC_493\Debug\ZumoBot_Lib_Gyro.a(CyLib.o)
                0x00000bd8                CyHalt
 .text.CyDelay  0x00000bdc       0x2c .\CortexM3\ARM_GCC_493\Debug\ZumoBot_Lib_Gyro.a(CyLib.o)
                0x00000bdc                CyDelay
 .text.CyIntSetVector
                0x00000c08       0x28 .\CortexM3\ARM_GCC_493\Debug\ZumoBot_Lib_Gyro.a(CyLib.o)
                0x00000c08                CyIntSetVector
 .text.CyIntSetPriority
                0x00000c30       0x30 .\CortexM3\ARM_GCC_493\Debug\ZumoBot_Lib_Gyro.a(CyLib.o)
                0x00000c30                CyIntSetPriority
 .text          0x00000c60      0x370 c:/program files (x86)/cypress/psoc creator/3.3/psoc creator/import/gnu/arm/4.9.3/bin/../lib/gcc/arm-none-eabi/4.9.3/armv7-m\libgcc.a(_arm_addsubdf3.o)
                0x00000c60                __aeabi_drsub
                0x00000c68                __aeabi_dsub
                0x00000c68                __subdf3
                0x00000c6c                __aeabi_dadd
                0x00000c6c                __adddf3
                0x00000ee4                __floatunsidf
                0x00000ee4                __aeabi_ui2d
                0x00000f04                __floatsidf
                0x00000f04                __aeabi_i2d
                0x00000f28                __aeabi_f2d
                0x00000f28                __extendsfdf2
                0x00000f64                __floatundidf
                0x00000f64                __aeabi_ul2d
                0x00000f74                __floatdidf
                0x00000f74                __aeabi_l2d
 .text          0x00000fd0      0x424 c:/program files (x86)/cypress/psoc creator/3.3/psoc creator/import/gnu/arm/4.9.3/bin/../lib/gcc/arm-none-eabi/4.9.3/armv7-m\libgcc.a(_arm_muldivdf3.o)
                0x00000fd0                __aeabi_dmul
                0x00000fd0                __muldf3
                0x00001224                __divdf3
                0x00001224                __aeabi_ddiv
 .text          0x000013f4      0x110 c:/program files (x86)/cypress/psoc creator/3.3/psoc creator/import/gnu/arm/4.9.3/bin/../lib/gcc/arm-none-eabi/4.9.3/armv7-m\libgcc.a(_arm_cmpdf2.o)
                0x000013f4                __gtdf2
                0x000013f4                __gedf2
                0x000013fc                __ltdf2
                0x000013fc                __ledf2
                0x00001404                __nedf2
                0x00001404                __eqdf2
                0x00001404                __cmpdf2
                0x00001480                __aeabi_cdrcmple
                0x00001490                __aeabi_cdcmpeq
                0x00001490                __aeabi_cdcmple
                0x000014a0                __aeabi_dcmpeq
                0x000014b4                __aeabi_dcmplt
                0x000014c8                __aeabi_dcmple
                0x000014dc                __aeabi_dcmpge
                0x000014f0                __aeabi_dcmpgt
 .text          0x00001504       0xa0 c:/program files (x86)/cypress/psoc creator/3.3/psoc creator/import/gnu/arm/4.9.3/bin/../lib/gcc/arm-none-eabi/4.9.3/armv7-m\libgcc.a(_arm_truncdfsf2.o)
                0x00001504                __truncdfsf2
                0x00001504                __aeabi_d2f
 .text          0x000015a4      0x21c c:/program files (x86)/cypress/psoc creator/3.3/psoc creator/import/gnu/arm/4.9.3/bin/../lib/gcc/arm-none-eabi/4.9.3/armv7-m\libgcc.a(_arm_addsubsf3.o)
                0x000015a4                __aeabi_frsub
                0x000015ac                __subsf3
                0x000015ac                __aeabi_fsub
                0x000015b0                __aeabi_fadd
                0x000015b0                __addsf3
                0x00001710                __aeabi_ui2f
                0x00001710                __floatunsisf
                0x00001718                __aeabi_i2f
                0x00001718                __floatsisf
                0x00001734                __aeabi_ul2f
                0x00001734                __floatundisf
                0x00001744                __aeabi_l2f
                0x00001744                __floatdisf
 .text          0x000017c0      0x2a0 c:/program files (x86)/cypress/psoc creator/3.3/psoc creator/import/gnu/arm/4.9.3/bin/../lib/gcc/arm-none-eabi/4.9.3/armv7-m\libgcc.a(_arm_muldivsf3.o)
                0x000017c0                __mulsf3
                0x000017c0                __aeabi_fmul
                0x00001928                __aeabi_fdiv
                0x00001928                __divsf3
 .text          0x00001a60       0x40 c:/program files (x86)/cypress/psoc creator/3.3/psoc creator/import/gnu/arm/4.9.3/bin/../lib/gcc/arm-none-eabi/4.9.3/armv7-m\libgcc.a(_arm_fixunssfsi.o)
                0x00001a60                __fixunssfsi
                0x00001a60                __aeabi_f2uiz
 .text.__errno  0x00001aa0        0xc c:/program files (x86)/cypress/psoc creator/3.3/psoc creator/import/gnu/arm/4.9.3/bin/../lib/gcc/arm-none-eabi/4.9.3/../../../../arm-none-eabi/lib/armv7-m\libg_nano.a(lib_a-errno.o)
                0x00001aa0                __errno
 .text.__libc_init_array
                0x00001aac       0x4c c:/program files (x86)/cypress/psoc creator/3.3/psoc creator/import/gnu/arm/4.9.3/bin/../lib/gcc/arm-none-eabi/4.9.3/../../../../arm-none-eabi/lib/armv7-m\libg_nano.a(lib_a-init.o)
                0x00001aac                __libc_init_array
 .text.memcpy   0x00001af8       0x16 c:/program files (x86)/cypress/psoc creator/3.3/psoc creator/import/gnu/arm/4.9.3/bin/../lib/gcc/arm-none-eabi/4.9.3/../../../../arm-none-eabi/lib/armv7-m\libg_nano.a(lib_a-memcpy.o)
                0x00001af8                memcpy
 .text.memset   0x00001b0e       0x10 c:/program files (x86)/cypress/psoc creator/3.3/psoc creator/import/gnu/arm/4.9.3/bin/../lib/gcc/arm-none-eabi/4.9.3/../../../../arm-none-eabi/lib/armv7-m\libg_nano.a(lib_a-memset.o)
                0x00001b0e                memset
 .text.__cvt    0x00001b1e       0xbc c:/program files (x86)/cypress/psoc creator/3.3/psoc creator/import/gnu/arm/4.9.3/bin/../lib/gcc/arm-none-eabi/4.9.3/../../../../arm-none-eabi/lib/armv7-m\libg_nano.a(lib_a-nano-vfprintf_float.o)
                0x00001b1e                __cvt
 .text.__exponent
                0x00001bda       0x62 c:/program files (x86)/cypress/psoc creator/3.3/psoc creator/import/gnu/arm/4.9.3/bin/../lib/gcc/arm-none-eabi/4.9.3/../../../../arm-none-eabi/lib/armv7-m\libg_nano.a(lib_a-nano-vfprintf_float.o)
                0x00001bda                __exponent
 .text._printf_float
                0x00001c3c      0x48c c:/program files (x86)/cypress/psoc creator/3.3/psoc creator/import/gnu/arm/4.9.3/bin/../lib/gcc/arm-none-eabi/4.9.3/../../../../arm-none-eabi/lib/armv7-m\libg_nano.a(lib_a-nano-vfprintf_float.o)
                0x00001c3c                _printf_float
 .text._printf_common
                0x000020c8       0xea c:/program files (x86)/cypress/psoc creator/3.3/psoc creator/import/gnu/arm/4.9.3/bin/../lib/gcc/arm-none-eabi/4.9.3/../../../../arm-none-eabi/lib/armv7-m\libg_nano.a(lib_a-nano-vfprintf_i.o)
                0x000020c8                _printf_common
 *fill*         0x000021b2        0x2 
 .text._printf_i
                0x000021b4      0x240 c:/program files (x86)/cypress/psoc creator/3.3/psoc creator/import/gnu/arm/4.9.3/bin/../lib/gcc/arm-none-eabi/4.9.3/../../../../arm-none-eabi/lib/armv7-m\libg_nano.a(lib_a-nano-vfprintf_i.o)
                0x000021b4                _printf_i
 .text.printf   0x000023f4       0x30 c:/program files (x86)/cypress/psoc creator/3.3/psoc creator/import/gnu/arm/4.9.3/bin/../lib/gcc/arm-none-eabi/4.9.3/../../../../arm-none-eabi/lib/armv7-m\libg_nano.a(lib_a-printf.o)
                0x000023f4                iprintf
                0x000023f4                printf
 .text._puts_r  0x00002424       0xbc c:/program files (x86)/cypress/psoc creator/3.3/psoc creator/import/gnu/arm/4.9.3/bin/../lib/gcc/arm-none-eabi/4.9.3/../../../../arm-none-eabi/lib/armv7-m\libg_nano.a(lib_a-puts.o)
                0x00002424                _puts_r
 .text.puts     0x000024e0       0x10 c:/program files (x86)/cypress/psoc creator/3.3/psoc creator/import/gnu/arm/4.9.3/bin/../lib/gcc/arm-none-eabi/4.9.3/../../../../arm-none-eabi/lib/armv7-m\libg_nano.a(lib_a-puts.o)
                0x000024e0                puts
 .text.__fpclassifyd
                0x000024f0       0x50 c:/program files (x86)/cypress/psoc creator/3.3/psoc creator/import/gnu/arm/4.9.3/bin/../lib/gcc/arm-none-eabi/4.9.3/../../../../arm-none-eabi/lib/armv7-m\libg_nano.a(lib_a-s_fpclassify.o)
                0x000024f0                __fpclassifyd
 .text.strlen   0x00002540       0x10 c:/program files (x86)/cypress/psoc creator/3.3/psoc creator/import/gnu/arm/4.9.3/bin/../lib/gcc/arm-none-eabi/4.9.3/../../../../arm-none-eabi/lib/armv7-m\libg_nano.a(lib_a-strlen.o)
                0x00002540                strlen
 .text.__swbuf_r
                0x00002550       0xa8 c:/program files (x86)/cypress/psoc creator/3.3/psoc creator/import/gnu/arm/4.9.3/bin/../lib/gcc/arm-none-eabi/4.9.3/../../../../arm-none-eabi/lib/armv7-m\libg_nano.a(lib_a-wbuf.o)
                0x00002550                __swbuf_r
 .text.__swsetup_r
                0x000025f8       0xd8 c:/program files (x86)/cypress/psoc creator/3.3/psoc creator/import/gnu/arm/4.9.3/bin/../lib/gcc/arm-none-eabi/4.9.3/../../../../arm-none-eabi/lib/armv7-m\libg_nano.a(lib_a-wsetup.o)
                0x000025f8                __swsetup_r
 .text.quorem   0x000026d0      0x114 c:/program files (x86)/cypress/psoc creator/3.3/psoc creator/import/gnu/arm/4.9.3/bin/../lib/gcc/arm-none-eabi/4.9.3/../../../../arm-none-eabi/lib/armv7-m\libg_nano.a(lib_a-dtoa.o)
 *fill*         0x000027e4        0x4 
 .text._dtoa_r  0x000027e8      0xb78 c:/program files (x86)/cypress/psoc creator/3.3/psoc creator/import/gnu/arm/4.9.3/bin/../lib/gcc/arm-none-eabi/4.9.3/../../../../arm-none-eabi/lib/armv7-m\libg_nano.a(lib_a-dtoa.o)
                0x000027e8                _dtoa_r
 .text.__sflush_r
                0x00003360      0x106 c:/program files (x86)/cypress/psoc creator/3.3/psoc creator/import/gnu/arm/4.9.3/bin/../lib/gcc/arm-none-eabi/4.9.3/../../../../arm-none-eabi/lib/armv7-m\libg_nano.a(lib_a-fflush.o)
                0x00003360                __sflush_r
 *fill*         0x00003466        0x2 
 .text._fflush_r
                0x00003468       0x54 c:/program files (x86)/cypress/psoc creator/3.3/psoc creator/import/gnu/arm/4.9.3/bin/../lib/gcc/arm-none-eabi/4.9.3/../../../../arm-none-eabi/lib/armv7-m\libg_nano.a(lib_a-fflush.o)
                0x00003468                _fflush_r
 .text._cleanup_r
                0x000034bc        0xc c:/program files (x86)/cypress/psoc creator/3.3/psoc creator/import/gnu/arm/4.9.3/bin/../lib/gcc/arm-none-eabi/4.9.3/../../../../arm-none-eabi/lib/armv7-m\libg_nano.a(lib_a-findfp.o)
                0x000034bc                _cleanup_r
 .text.std.isra.0
                0x000034c8       0x48 c:/program files (x86)/cypress/psoc creator/3.3/psoc creator/import/gnu/arm/4.9.3/bin/../lib/gcc/arm-none-eabi/4.9.3/../../../../arm-none-eabi/lib/armv7-m\libg_nano.a(lib_a-findfp.o)
 .text.__sfmoreglue
                0x00003510       0x2c c:/program files (x86)/cypress/psoc creator/3.3/psoc creator/import/gnu/arm/4.9.3/bin/../lib/gcc/arm-none-eabi/4.9.3/../../../../arm-none-eabi/lib/armv7-m\libg_nano.a(lib_a-findfp.o)
                0x00003510                __sfmoreglue
 .text.__sinit  0x0000353c       0x60 c:/program files (x86)/cypress/psoc creator/3.3/psoc creator/import/gnu/arm/4.9.3/bin/../lib/gcc/arm-none-eabi/4.9.3/../../../../arm-none-eabi/lib/armv7-m\libg_nano.a(lib_a-findfp.o)
                0x0000353c                __sinit
 .text.__sfp    0x0000359c       0x74 c:/program files (x86)/cypress/psoc creator/3.3/psoc creator/import/gnu/arm/4.9.3/bin/../lib/gcc/arm-none-eabi/4.9.3/../../../../arm-none-eabi/lib/armv7-m\libg_nano.a(lib_a-findfp.o)
                0x0000359c                __sfp
 .text._fwalk_reent
                0x00003610       0x3c c:/program files (x86)/cypress/psoc creator/3.3/psoc creator/import/gnu/arm/4.9.3/bin/../lib/gcc/arm-none-eabi/4.9.3/../../../../arm-none-eabi/lib/armv7-m\libg_nano.a(lib_a-fwalk.o)
                0x00003610                _fwalk_reent
 .text._localeconv_r
                0x0000364c        0x8 c:/program files (x86)/cypress/psoc creator/3.3/psoc creator/import/gnu/arm/4.9.3/bin/../lib/gcc/arm-none-eabi/4.9.3/../../../../arm-none-eabi/lib/armv7-m\libg_nano.a(lib_a-locale.o)
                0x0000364c                _localeconv_r
 .text.__smakebuf_r
                0x00003654       0x98 c:/program files (x86)/cypress/psoc creator/3.3/psoc creator/import/gnu/arm/4.9.3/bin/../lib/gcc/arm-none-eabi/4.9.3/../../../../arm-none-eabi/lib/armv7-m\libg_nano.a(lib_a-makebuf.o)
                0x00003654                __smakebuf_r
 .text.malloc   0x000036ec       0x10 c:/program files (x86)/cypress/psoc creator/3.3/psoc creator/import/gnu/arm/4.9.3/bin/../lib/gcc/arm-none-eabi/4.9.3/../../../../arm-none-eabi/lib/armv7-m\libg_nano.a(lib_a-malloc.o)
                0x000036ec                malloc
 .text.memchr   0x000036fc       0x1c c:/program files (x86)/cypress/psoc creator/3.3/psoc creator/import/gnu/arm/4.9.3/bin/../lib/gcc/arm-none-eabi/4.9.3/../../../../arm-none-eabi/lib/armv7-m\libg_nano.a(lib_a-memchr.o)
                0x000036fc                memchr
 .text._Balloc  0x00003718       0x6a c:/program files (x86)/cypress/psoc creator/3.3/psoc creator/import/gnu/arm/4.9.3/bin/../lib/gcc/arm-none-eabi/4.9.3/../../../../arm-none-eabi/lib/armv7-m\libg_nano.a(lib_a-mprec.o)
                0x00003718                _Balloc
 .text._Bfree   0x00003782       0x2e c:/program files (x86)/cypress/psoc creator/3.3/psoc creator/import/gnu/arm/4.9.3/bin/../lib/gcc/arm-none-eabi/4.9.3/../../../../arm-none-eabi/lib/armv7-m\libg_nano.a(lib_a-mprec.o)
                0x00003782                _Bfree
 .text.__multadd
                0x000037b0       0x7c c:/program files (x86)/cypress/psoc creator/3.3/psoc creator/import/gnu/arm/4.9.3/bin/../lib/gcc/arm-none-eabi/4.9.3/../../../../arm-none-eabi/lib/armv7-m\libg_nano.a(lib_a-mprec.o)
                0x000037b0                __multadd
 .text.__hi0bits
                0x0000382c       0x40 c:/program files (x86)/cypress/psoc creator/3.3/psoc creator/import/gnu/arm/4.9.3/bin/../lib/gcc/arm-none-eabi/4.9.3/../../../../arm-none-eabi/lib/armv7-m\libg_nano.a(lib_a-mprec.o)
                0x0000382c                __hi0bits
 .text.__lo0bits
                0x0000386c       0x5a c:/program files (x86)/cypress/psoc creator/3.3/psoc creator/import/gnu/arm/4.9.3/bin/../lib/gcc/arm-none-eabi/4.9.3/../../../../arm-none-eabi/lib/armv7-m\libg_nano.a(lib_a-mprec.o)
                0x0000386c                __lo0bits
 .text.__i2b    0x000038c6       0x12 c:/program files (x86)/cypress/psoc creator/3.3/psoc creator/import/gnu/arm/4.9.3/bin/../lib/gcc/arm-none-eabi/4.9.3/../../../../arm-none-eabi/lib/armv7-m\libg_nano.a(lib_a-mprec.o)
                0x000038c6                __i2b
 .text.__multiply
                0x000038d8      0x120 c:/program files (x86)/cypress/psoc creator/3.3/psoc creator/import/gnu/arm/4.9.3/bin/../lib/gcc/arm-none-eabi/4.9.3/../../../../arm-none-eabi/lib/armv7-m\libg_nano.a(lib_a-mprec.o)
                0x000038d8                __multiply
 .text.__pow5mult
                0x000039f8       0x9c c:/program files (x86)/cypress/psoc creator/3.3/psoc creator/import/gnu/arm/4.9.3/bin/../lib/gcc/arm-none-eabi/4.9.3/../../../../arm-none-eabi/lib/armv7-m\libg_nano.a(lib_a-mprec.o)
                0x000039f8                __pow5mult
 .text.__lshift
                0x00003a94       0xa6 c:/program files (x86)/cypress/psoc creator/3.3/psoc creator/import/gnu/arm/4.9.3/bin/../lib/gcc/arm-none-eabi/4.9.3/../../../../arm-none-eabi/lib/armv7-m\libg_nano.a(lib_a-mprec.o)
                0x00003a94                __lshift
 .text.__mcmp   0x00003b3a       0x38 c:/program files (x86)/cypress/psoc creator/3.3/psoc creator/import/gnu/arm/4.9.3/bin/../lib/gcc/arm-none-eabi/4.9.3/../../../../arm-none-eabi/lib/armv7-m\libg_nano.a(lib_a-mprec.o)
                0x00003b3a                __mcmp
 .text.__mdiff  0x00003b72       0xbe c:/program files (x86)/cypress/psoc creator/3.3/psoc creator/import/gnu/arm/4.9.3/bin/../lib/gcc/arm-none-eabi/4.9.3/../../../../arm-none-eabi/lib/armv7-m\libg_nano.a(lib_a-mprec.o)
                0x00003b72                __mdiff
 .text.__d2b    0x00003c30       0xa4 c:/program files (x86)/cypress/psoc creator/3.3/psoc creator/import/gnu/arm/4.9.3/bin/../lib/gcc/arm-none-eabi/4.9.3/../../../../arm-none-eabi/lib/armv7-m\libg_nano.a(lib_a-mprec.o)
                0x00003c30                __d2b
 .text._calloc_r
                0x00003cd4       0x1c c:/program files (x86)/cypress/psoc creator/3.3/psoc creator/import/gnu/arm/4.9.3/bin/../lib/gcc/arm-none-eabi/4.9.3/../../../../arm-none-eabi/lib/armv7-m\libg_nano.a(lib_a-nano-callocr.o)
                0x00003cd4                _calloc_r
 .text._free_r  0x00003cf0       0x88 c:/program files (x86)/cypress/psoc creator/3.3/psoc creator/import/gnu/arm/4.9.3/bin/../lib/gcc/arm-none-eabi/4.9.3/../../../../arm-none-eabi/lib/armv7-m\libg_nano.a(lib_a-nano-freer.o)
                0x00003cf0                _free_r
 .text._malloc_r
                0x00003d78       0xac c:/program files (x86)/cypress/psoc creator/3.3/psoc creator/import/gnu/arm/4.9.3/bin/../lib/gcc/arm-none-eabi/4.9.3/../../../../arm-none-eabi/lib/armv7-m\libg_nano.a(lib_a-nano-mallocr.o)
                0x00003d78                _malloc_r
 .text.__sfputc_r
                0x00003e24       0x2c c:/program files (x86)/cypress/psoc creator/3.3/psoc creator/import/gnu/arm/4.9.3/bin/../lib/gcc/arm-none-eabi/4.9.3/../../../../arm-none-eabi/lib/armv7-m\libg_nano.a(lib_a-nano-vfprintf.o)
 .text.__sfputs_r
                0x00003e50       0x24 c:/program files (x86)/cypress/psoc creator/3.3/psoc creator/import/gnu/arm/4.9.3/bin/../lib/gcc/arm-none-eabi/4.9.3/../../../../arm-none-eabi/lib/armv7-m\libg_nano.a(lib_a-nano-vfprintf.o)
                0x00003e50                __sfputs_r
 .text._vfprintf_r
                0x00003e74      0x210 c:/program files (x86)/cypress/psoc creator/3.3/psoc creator/import/gnu/arm/4.9.3/bin/../lib/gcc/arm-none-eabi/4.9.3/../../../../arm-none-eabi/lib/armv7-m\libg_nano.a(lib_a-nano-vfprintf.o)
                0x00003e74                _vfprintf_r
                0x00003e74                _vfiprintf_r
 .text._sbrk_r  0x00004084       0x20 c:/program files (x86)/cypress/psoc creator/3.3/psoc creator/import/gnu/arm/4.9.3/bin/../lib/gcc/arm-none-eabi/4.9.3/../../../../arm-none-eabi/lib/armv7-m\libg_nano.a(lib_a-sbrkr.o)
                0x00004084                _sbrk_r
 .text.__sread  0x000040a4       0x22 c:/program files (x86)/cypress/psoc creator/3.3/psoc creator/import/gnu/arm/4.9.3/bin/../lib/gcc/arm-none-eabi/4.9.3/../../../../arm-none-eabi/lib/armv7-m\libg_nano.a(lib_a-stdio.o)
                0x000040a4                __sread
 .text.__swrite
                0x000040c6       0x38 c:/program files (x86)/cypress/psoc creator/3.3/psoc creator/import/gnu/arm/4.9.3/bin/../lib/gcc/arm-none-eabi/4.9.3/../../../../arm-none-eabi/lib/armv7-m\libg_nano.a(lib_a-stdio.o)
                0x000040c6                __swrite
 .text.__sseek  0x000040fe       0x24 c:/program files (x86)/cypress/psoc creator/3.3/psoc creator/import/gnu/arm/4.9.3/bin/../lib/gcc/arm-none-eabi/4.9.3/../../../../arm-none-eabi/lib/armv7-m\libg_nano.a(lib_a-stdio.o)
                0x000040fe                __sseek
 .text.__sclose
                0x00004122        0x8 c:/program files (x86)/cypress/psoc creator/3.3/psoc creator/import/gnu/arm/4.9.3/bin/../lib/gcc/arm-none-eabi/4.9.3/../../../../arm-none-eabi/lib/armv7-m\libg_nano.a(lib_a-stdio.o)
                0x00004122                __sclose
 *fill*         0x0000412a        0x2 
 .text._write_r
                0x0000412c       0x24 c:/program files (x86)/cypress/psoc creator/3.3/psoc creator/import/gnu/arm/4.9.3/bin/../lib/gcc/arm-none-eabi/4.9.3/../../../../arm-none-eabi/lib/armv7-m\libg_nano.a(lib_a-writer.o)
                0x0000412c                _write_r
 .text._close_r
                0x00004150       0x20 c:/program files (x86)/cypress/psoc creator/3.3/psoc creator/import/gnu/arm/4.9.3/bin/../lib/gcc/arm-none-eabi/4.9.3/../../../../arm-none-eabi/lib/armv7-m\libg_nano.a(lib_a-closer.o)
                0x00004150                _close_r
 .text._fstat_r
                0x00004170       0x24 c:/program files (x86)/cypress/psoc creator/3.3/psoc creator/import/gnu/arm/4.9.3/bin/../lib/gcc/arm-none-eabi/4.9.3/../../../../arm-none-eabi/lib/armv7-m\libg_nano.a(lib_a-fstatr.o)
                0x00004170                _fstat_r
 .text._isatty_r
                0x00004194       0x20 c:/program files (x86)/cypress/psoc creator/3.3/psoc creator/import/gnu/arm/4.9.3/bin/../lib/gcc/arm-none-eabi/4.9.3/../../../../arm-none-eabi/lib/armv7-m\libg_nano.a(lib_a-isattyr.o)
                0x00004194                _isatty_r
 .text._lseek_r
                0x000041b4       0x24 c:/program files (x86)/cypress/psoc creator/3.3/psoc creator/import/gnu/arm/4.9.3/bin/../lib/gcc/arm-none-eabi/4.9.3/../../../../arm-none-eabi/lib/armv7-m\libg_nano.a(lib_a-lseekr.o)
                0x000041b4                _lseek_r
 .text._read_r  0x000041d8       0x24 c:/program files (x86)/cypress/psoc creator/3.3/psoc creator/import/gnu/arm/4.9.3/bin/../lib/gcc/arm-none-eabi/4.9.3/../../../../arm-none-eabi/lib/armv7-m\libg_nano.a(lib_a-readr.o)
                0x000041d8                _read_r
 .text          0x000041fc       0x50 c:/program files (x86)/cypress/psoc creator/3.3/psoc creator/import/gnu/arm/4.9.3/bin/../lib/gcc/arm-none-eabi/4.9.3/armv7-m\libgcc.a(_arm_fixdfsi.o)
                0x000041fc                __aeabi_d2iz
                0x000041fc                __fixdfsi
 .text._close   0x0000424c       0x10 c:/program files (x86)/cypress/psoc creator/3.3/psoc creator/import/gnu/arm/4.9.3/bin/../lib/gcc/arm-none-eabi/4.9.3/../../../../arm-none-eabi/lib/armv7-m\libnosys.a(close.o)
                0x0000424c                _close
 .text._fstat   0x0000425c       0x10 c:/program files (x86)/cypress/psoc creator/3.3/psoc creator/import/gnu/arm/4.9.3/bin/../lib/gcc/arm-none-eabi/4.9.3/../../../../arm-none-eabi/lib/armv7-m\libnosys.a(fstat.o)
                0x0000425c                _fstat
 .text._isatty  0x0000426c       0x10 c:/program files (x86)/cypress/psoc creator/3.3/psoc creator/import/gnu/arm/4.9.3/bin/../lib/gcc/arm-none-eabi/4.9.3/../../../../arm-none-eabi/lib/armv7-m\libnosys.a(isatty.o)
                0x0000426c                _isatty
 .text._lseek   0x0000427c       0x10 c:/program files (x86)/cypress/psoc creator/3.3/psoc creator/import/gnu/arm/4.9.3/bin/../lib/gcc/arm-none-eabi/4.9.3/../../../../arm-none-eabi/lib/armv7-m\libnosys.a(lseek.o)
                0x0000427c                _lseek
 .text._read    0x0000428c       0x10 c:/program files (x86)/cypress/psoc creator/3.3/psoc creator/import/gnu/arm/4.9.3/bin/../lib/gcc/arm-none-eabi/4.9.3/../../../../arm-none-eabi/lib/armv7-m\libnosys.a(read.o)
                0x0000428c                _read
 *(.plt)
 *(.gnu.warning)
 *(.glue_7t)
 .glue_7t       0x00000000        0x0 linker stubs
 *(.glue_7)
 .glue_7        0x00000000        0x0 linker stubs
 *(.vfp11_veneer)
 .vfp11_veneer  0x00000000        0x0 linker stubs
 *(.bootloader)
 *(.ARM.extab* .gnu.linkonce.armextab.*)
 *(.gcc_except_table)

.v4_bx          0x0000429c        0x0
 .v4_bx         0x00000000        0x0 linker stubs

.iplt           0x0000429c        0x0
 .iplt          0x00000000        0x0 c:/program files (x86)/cypress/psoc creator/3.3/psoc creator/import/gnu/arm/4.9.3/bin/../lib/gcc/arm-none-eabi/4.9.3/armv7-m/crtbegin.o

.eh_frame_hdr
 *(.eh_frame_hdr)

.eh_frame       0x0000429c        0x4
 *(.eh_frame)
 .eh_frame      0x0000429c        0x0 c:/program files (x86)/cypress/psoc creator/3.3/psoc creator/import/gnu/arm/4.9.3/bin/../lib/gcc/arm-none-eabi/4.9.3/armv7-m/crtbegin.o
 .eh_frame      0x0000429c        0x0 c:/program files (x86)/cypress/psoc creator/3.3/psoc creator/import/gnu/arm/4.9.3/bin/../lib/gcc/arm-none-eabi/4.9.3/../../../../arm-none-eabi/lib/armv7-m\libg_nano.a(lib_a-strcmp.o)
                                 0x28 (size before relaxing)
 .eh_frame      0x0000429c        0x4 c:/program files (x86)/cypress/psoc creator/3.3/psoc creator/import/gnu/arm/4.9.3/bin/../lib/gcc/arm-none-eabi/4.9.3/armv7-m/crtend.o
                0x000042a0                PROVIDE (__exidx_start, .)

.ARM.exidx
 *(.ARM.exidx* .gnu.linkonce.armexidx.*)
                0x000042a0                __exidx_end = .

.rodata         0x000042a0      0x240
 *(.rodata .rodata.* .gnu.linkonce.r.*)
 .rodata.str1.4
                0x000042a0       0x14 .\CortexM3\ARM_GCC_493\Debug\main.o
 .rodata        0x000042b4       0x30 .\CortexM3\ARM_GCC_493\Debug\ZumoBot_Lib_Gyro.a(cyfitter_cfg.o)
 .rodata.str1.1
                0x000042e4        0x2 c:/program files (x86)/cypress/psoc creator/3.3/psoc creator/import/gnu/arm/4.9.3/bin/../lib/gcc/arm-none-eabi/4.9.3/../../../../arm-none-eabi/lib/armv7-m\libg_nano.a(lib_a-impure.o)
 *fill*         0x000042e6        0x2 
 .rodata._global_impure_ptr
                0x000042e8        0x4 c:/program files (x86)/cypress/psoc creator/3.3/psoc creator/import/gnu/arm/4.9.3/bin/../lib/gcc/arm-none-eabi/4.9.3/../../../../arm-none-eabi/lib/armv7-m\libg_nano.a(lib_a-impure.o)
                0x000042e8                _global_impure_ptr
 .rodata.str1.1
                0x000042ec       0x12 c:/program files (x86)/cypress/psoc creator/3.3/psoc creator/import/gnu/arm/4.9.3/bin/../lib/gcc/arm-none-eabi/4.9.3/../../../../arm-none-eabi/lib/armv7-m\libg_nano.a(lib_a-nano-vfprintf_float.o)
 .rodata.str1.1
                0x000042fe       0x22 c:/program files (x86)/cypress/psoc creator/3.3/psoc creator/import/gnu/arm/4.9.3/bin/../lib/gcc/arm-none-eabi/4.9.3/../../../../arm-none-eabi/lib/armv7-m\libg_nano.a(lib_a-nano-vfprintf_i.o)
 .rodata.str1.1
                0x00004320        0xd c:/program files (x86)/cypress/psoc creator/3.3/psoc creator/import/gnu/arm/4.9.3/bin/../lib/gcc/arm-none-eabi/4.9.3/../../../../arm-none-eabi/lib/armv7-m\libg_nano.a(lib_a-dtoa.o)
                                  0xf (size before relaxing)
 *fill*         0x0000432d        0x3 
 .rodata.__sf_fake_stdin
                0x00004330       0x20 c:/program files (x86)/cypress/psoc creator/3.3/psoc creator/import/gnu/arm/4.9.3/bin/../lib/gcc/arm-none-eabi/4.9.3/../../../../arm-none-eabi/lib/armv7-m\libg_nano.a(lib_a-findfp.o)
                0x00004330                __sf_fake_stdin
 .rodata.__sf_fake_stdout
                0x00004350       0x20 c:/program files (x86)/cypress/psoc creator/3.3/psoc creator/import/gnu/arm/4.9.3/bin/../lib/gcc/arm-none-eabi/4.9.3/../../../../arm-none-eabi/lib/armv7-m\libg_nano.a(lib_a-findfp.o)
                0x00004350                __sf_fake_stdout
 .rodata.__sf_fake_stderr
                0x00004370       0x20 c:/program files (x86)/cypress/psoc creator/3.3/psoc creator/import/gnu/arm/4.9.3/bin/../lib/gcc/arm-none-eabi/4.9.3/../../../../arm-none-eabi/lib/armv7-m\libg_nano.a(lib_a-findfp.o)
                0x00004370                __sf_fake_stderr
 .rodata.str1.1
                0x00004390        0x8 c:/program files (x86)/cypress/psoc creator/3.3/psoc creator/import/gnu/arm/4.9.3/bin/../lib/gcc/arm-none-eabi/4.9.3/../../../../arm-none-eabi/lib/armv7-m\libg_nano.a(lib_a-locale.o)
                                  0xb (size before relaxing)
 .rodata.__mprec_tens
                0x00004398       0xc8 c:/program files (x86)/cypress/psoc creator/3.3/psoc creator/import/gnu/arm/4.9.3/bin/../lib/gcc/arm-none-eabi/4.9.3/../../../../arm-none-eabi/lib/armv7-m\libg_nano.a(lib_a-mprec.o)
                0x00004398                __mprec_tens
 .rodata.__mprec_bigtens
                0x00004460       0x28 c:/program files (x86)/cypress/psoc creator/3.3/psoc creator/import/gnu/arm/4.9.3/bin/../lib/gcc/arm-none-eabi/4.9.3/../../../../arm-none-eabi/lib/armv7-m\libg_nano.a(lib_a-mprec.o)
                0x00004460                __mprec_bigtens
 .rodata.p05.5308
                0x00004488        0xc c:/program files (x86)/cypress/psoc creator/3.3/psoc creator/import/gnu/arm/4.9.3/bin/../lib/gcc/arm-none-eabi/4.9.3/../../../../arm-none-eabi/lib/armv7-m\libg_nano.a(lib_a-mprec.o)
 .rodata.str1.1
                0x00004494       0x11 c:/program files (x86)/cypress/psoc creator/3.3/psoc creator/import/gnu/arm/4.9.3/bin/../lib/gcc/arm-none-eabi/4.9.3/../../../../arm-none-eabi/lib/armv7-m\libg_nano.a(lib_a-nano-vfprintf.o)
                0x000044a8                . = ALIGN (0x4)
 *fill*         0x000044a5        0x3 
 *(.init)
 .init          0x000044a8        0x4 c:/program files (x86)/cypress/psoc creator/3.3/psoc creator/import/gnu/arm/4.9.3/bin/../lib/gcc/arm-none-eabi/4.9.3/armv7-m/crti.o
                0x000044a8                _init
 .init          0x000044ac        0x8 c:/program files (x86)/cypress/psoc creator/3.3/psoc creator/import/gnu/arm/4.9.3/bin/../lib/gcc/arm-none-eabi/4.9.3/armv7-m/crtn.o
                0x000044b4                . = ALIGN (0x4)
                0x000044b4                __preinit_array_start = .
 *(.preinit_array)
                0x000044b4                __preinit_array_end = .
                0x000044b4                . = ALIGN (0x4)
                0x000044b4                __init_array_start = .
 *(SORT(.init_array.*))
 *(.init_array)
 .init_array    0x000044b4        0x4 c:/program files (x86)/cypress/psoc creator/3.3/psoc creator/import/gnu/arm/4.9.3/bin/../lib/gcc/arm-none-eabi/4.9.3/armv7-m/crtbegin.o
 .init_array    0x000044b8        0x4 .\CortexM3\ARM_GCC_493\Debug\Cm3Start.o
                0x000044bc                __init_array_end = .
                0x000044bc                . = ALIGN (0x4)
 *(.fini)
 .fini          0x000044bc        0x4 c:/program files (x86)/cypress/psoc creator/3.3/psoc creator/import/gnu/arm/4.9.3/bin/../lib/gcc/arm-none-eabi/4.9.3/armv7-m/crti.o
                0x000044bc                _fini
 .fini          0x000044c0        0x8 c:/program files (x86)/cypress/psoc creator/3.3/psoc creator/import/gnu/arm/4.9.3/bin/../lib/gcc/arm-none-eabi/4.9.3/armv7-m/crtn.o
                0x000044c8                . = ALIGN (0x4)
                0x000044c8                __fini_array_start = .
 *(.fini_array)
 .fini_array    0x000044c8        0x4 c:/program files (x86)/cypress/psoc creator/3.3/psoc creator/import/gnu/arm/4.9.3/bin/../lib/gcc/arm-none-eabi/4.9.3/armv7-m/crtbegin.o
 *(SORT(.fini_array.*))
                0x000044cc                __fini_array_end = .
                0x000044cc                . = ALIGN (0x4)
 *crtbegin.o(.ctors)
 *(EXCLUDE_FILE(*crtend.o) .ctors)
 *(SORT(.ctors.*))
 *crtend.o(.ctors)
                0x000044cc                . = ALIGN (0x4)
 *crtbegin.o(.dtors)
 *(EXCLUDE_FILE(*crtend.o) .dtors)
 *(SORT(.dtors.*))
 *crtend.o(.dtors)
                0x000044cc                . = ALIGN (0x4)
                0x000044cc                __cy_regions = .
                0x000044cc        0x4 LONG 0x44e0 __cy_region_init_ram
                0x000044d0        0x4 LONG 0x1fff8108 __cy_region_start_data
                0x000044d4        0x4 LONG 0xb8 __cy_region_init_size_ram
                0x000044d8        0x4 LONG 0x40 __cy_region_zero_size_ram
                0x000044dc                __cy_regions_end = .
                0x000044e0                . = ALIGN (0x8)
 *fill*         0x000044dc        0x4 
                0x000044e0                _etext = .

.cy_checksum_exclude
                0x000044e0        0x0
 *(.cy_checksum_exclude)

.ramvectors     0x1fff8000      0x100
                0x1fff8000                __cy_region_start_ram = .
 *(.ramvectors)
 .ramvectors    0x1fff8000      0x100 .\CortexM3\ARM_GCC_493\Debug\Cm3Start.o
                0x1fff8000                CyRamVectors

.noinit         0x1fff8100        0x5
 *(.noinit)
 .noinit        0x1fff8100        0x4 .\CortexM3\ARM_GCC_493\Debug\Cm3Start.o
 .noinit        0x1fff8104        0x1 .\CortexM3\ARM_GCC_493\Debug\ZumoBot_Lib_Gyro.a(CyLib.o)
                0x1fff8104                CyResetStatus

.data           0x1fff8108       0xb8 load address 0x000044e0
                0x1fff8108                __cy_region_start_data = .
 *(.jcr)
 .jcr           0x1fff8108        0x0 c:/program files (x86)/cypress/psoc creator/3.3/psoc creator/import/gnu/arm/4.9.3/bin/../lib/gcc/arm-none-eabi/4.9.3/armv7-m/crtbegin.o
 .jcr           0x1fff8108        0x4 c:/program files (x86)/cypress/psoc creator/3.3/psoc creator/import/gnu/arm/4.9.3/bin/../lib/gcc/arm-none-eabi/4.9.3/armv7-m/crtend.o
 *(.got.plt)
 *(.got)
 *(.shdata)
 *(.data .data.* .gnu.linkonce.d.*)
 .data          0x1fff810c        0x4 .\CortexM3\ARM_GCC_493\Debug\Cm3Start.o
 .data          0x1fff8110       0x10 .\CortexM3\ARM_GCC_493\Debug\ZumoBot_Lib_Gyro.a(CyLib.o)
                0x1fff8110                cydelay_32k_ms
                0x1fff8114                cydelay_freq_khz
                0x1fff8118                cydelay_freq_mhz
                0x1fff811c                cydelay_freq_hz
 .data.impure_data
                0x1fff8120       0x60 c:/program files (x86)/cypress/psoc creator/3.3/psoc creator/import/gnu/arm/4.9.3/bin/../lib/gcc/arm-none-eabi/4.9.3/../../../../arm-none-eabi/lib/armv7-m\libg_nano.a(lib_a-impure.o)
 .data._impure_ptr
                0x1fff8180        0x4 c:/program files (x86)/cypress/psoc creator/3.3/psoc creator/import/gnu/arm/4.9.3/bin/../lib/gcc/arm-none-eabi/4.9.3/../../../../arm-none-eabi/lib/armv7-m\libg_nano.a(lib_a-impure.o)
                0x1fff8180                _impure_ptr
 .data.lconv    0x1fff8184       0x38 c:/program files (x86)/cypress/psoc creator/3.3/psoc creator/import/gnu/arm/4.9.3/bin/../lib/gcc/arm-none-eabi/4.9.3/../../../../arm-none-eabi/lib/armv7-m\libg_nano.a(lib_a-locale.o)
                0x1fff81c0                . = ALIGN (0x8)
 *fill*         0x1fff81bc        0x4 
 *(.ram)
                0x1fff81c0                _edata = .

.igot.plt       0x1fff81c0        0x0 load address 0x00004598
 .igot.plt      0x00000000        0x0 c:/program files (x86)/cypress/psoc creator/3.3/psoc creator/import/gnu/arm/4.9.3/bin/../lib/gcc/arm-none-eabi/4.9.3/armv7-m/crtbegin.o

.bss            0x1fff81c0       0x40 load address 0x00004598
                0x1fff81c0                PROVIDE (__bss_start__, .)
 *(.shbss)
 *(.bss .bss.* .gnu.linkonce.b.*)
 .bss           0x1fff81c0       0x1c c:/program files (x86)/cypress/psoc creator/3.3/psoc creator/import/gnu/arm/4.9.3/bin/../lib/gcc/arm-none-eabi/4.9.3/armv7-m/crtbegin.o
 .bss           0x1fff81dc        0x1 .\CortexM3\ARM_GCC_493\Debug\ZumoBot_Lib_Gyro.a(I2C.o)
                0x1fff81dc                I2C_initVar
 .bss           0x1fff81dd        0x2 .\CortexM3\ARM_GCC_493\Debug\ZumoBot_Lib_Gyro.a(UART.o)
                0x1fff81dd                UART_initVar
 *fill*         0x1fff81df        0x1 
 .bss.__malloc_sbrk_start
                0x1fff81e0        0x4 c:/program files (x86)/cypress/psoc creator/3.3/psoc creator/import/gnu/arm/4.9.3/bin/../lib/gcc/arm-none-eabi/4.9.3/../../../../arm-none-eabi/lib/armv7-m\libg_nano.a(lib_a-nano-mallocr.o)
                0x1fff81e0                __malloc_sbrk_start
 .bss.__malloc_free_list
                0x1fff81e4        0x4 c:/program files (x86)/cypress/psoc creator/3.3/psoc creator/import/gnu/arm/4.9.3/bin/../lib/gcc/arm-none-eabi/4.9.3/../../../../arm-none-eabi/lib/armv7-m\libg_nano.a(lib_a-nano-mallocr.o)
                0x1fff81e4                __malloc_free_list
 *(COMMON)
 COMMON         0x1fff81e8        0x1 .\CortexM3\ARM_GCC_493\Debug\ZumoBot_Lib_Gyro.a(I2C.o)
                0x1fff81e8                I2C_state
 *fill*         0x1fff81e9        0x3 
 COMMON         0x1fff81ec       0x10 .\CortexM3\ARM_GCC_493\Debug\ZumoBot_Lib_Gyro.a(I2C_MASTER.o)
                0x1fff81ec                I2C_mstrWrBufIndex
                0x1fff81ed                I2C_mstrWrBufSize
                0x1fff81ee                I2C_mstrStatus
                0x1fff81f0                I2C_mstrRdBufPtr
                0x1fff81f4                I2C_mstrControl
                0x1fff81f5                I2C_mstrRdBufSize
                0x1fff81f6                I2C_mstrRdBufIndex
                0x1fff81f8                I2C_mstrWrBufPtr
 COMMON         0x1fff81fc        0x4 c:/program files (x86)/cypress/psoc creator/3.3/psoc creator/import/gnu/arm/4.9.3/bin/../lib/gcc/arm-none-eabi/4.9.3/../../../../arm-none-eabi/lib/armv7-m\libg_nano.a(lib_a-reent.o)
                0x1fff81fc                errno
                0x1fff8200                . = ALIGN (0x8)
 *(.ram.b)
                0x1fff8200                _end = .
                0x1fff8200                __end = .
                0x1fff8200                PROVIDE (end, .)
                0x1fff8200                PROVIDE (__bss_end__, .)
                0x000044e0                __cy_region_init_ram = LOADADDR (.data)
                0x000000b8                __cy_region_init_size_ram = (_edata - ADDR (.data))
                0x00000040                __cy_region_zero_size_ram = (_end - _edata)

.heap           0x1fff8200     0x1000 load address 0x00004598
                0x1fff8200                . = _end
                0x1fff9200                . = (. + 0x1000)
 *fill*         0x1fff8200     0x1000 
                0x1fff9200                __cy_heap_limit = .

.stack          0x20007800      0x800
                0x20007800                __cy_stack_limit = .
                0x20008000                . = (. + 0x800)
 *fill*         0x20007800      0x800 
                0x00000001                ASSERT ((__cy_stack_limit >= __cy_heap_limit), region RAM overflowed with stack)
                0x00000000                cy_checksum_exclude_size = (CY_APPL_LOADABLE == 0x1)?SIZEOF (.cy_checksum_exclude):0x0
                0x00000001                ASSERT ((cy_checksum_exclude_size <= CY_CHECKSUM_EXCLUDE_SIZE), CY_BOOT: Section .cy_checksum_exclude size exceedes specified limit.)

.cyloadermeta
 *(.cyloadermeta)

.cyloadablemeta
 *(.cyloadablemeta)

.cyconfigecc    0x80000000      0xc50
 *(.cyconfigecc)
 .cyconfigecc   0x80000000      0xc50 .\CortexM3\ARM_GCC_493\Debug\cymetadata.o
                0x80000000                cy_meta_configecc

.cycustnvl      0x90000000        0x4
 *(.cycustnvl)
 .cycustnvl     0x90000000        0x4 .\CortexM3\ARM_GCC_493\Debug\cymetadata.o
                0x90000000                cy_meta_custnvl

.cywolatch      0x90100000        0x4
 *(.cywolatch)
 .cywolatch     0x90100000        0x4 .\CortexM3\ARM_GCC_493\Debug\cymetadata.o
                0x90100000                cy_meta_wonvl

.cyeeprom       0x90200000        0x0
 *(.cyeeprom)
                0x00000001                ASSERT ((. <= ((0x90200000 + ee_offset) + ee_size)), .cyeeprom data will not fit in EEPROM)

.cyflashprotect
                0x90400000      0x100
 *(.cyflashprotect)
 .cyflashprotect
                0x90400000      0x100 .\CortexM3\ARM_GCC_493\Debug\cymetadata.o
                0x90400000                cy_meta_flashprotect

.cymeta         0x90500000        0xc
 *(.cymeta)
 .cymeta        0x90500000        0xc .\CortexM3\ARM_GCC_493\Debug\cymetadata.o
                0x90500000                cy_metadata

.rel.dyn        0x00004598        0x0 load address 0x9050000c
 .rel.iplt      0x00000000        0x0 c:/program files (x86)/cypress/psoc creator/3.3/psoc creator/import/gnu/arm/4.9.3/bin/../lib/gcc/arm-none-eabi/4.9.3/armv7-m/crtbegin.o

.stab           0x00000000       0x84
 *(.stab)
 .stab          0x00000000       0x24 c:/program files (x86)/cypress/psoc creator/3.3/psoc creator/import/gnu/arm/4.9.3/bin/../lib/gcc/arm-none-eabi/4.9.3/../../../../arm-none-eabi/lib/armv7-m\libnosys.a(close.o)
 .stab          0x00000024       0x18 c:/program files (x86)/cypress/psoc creator/3.3/psoc creator/import/gnu/arm/4.9.3/bin/../lib/gcc/arm-none-eabi/4.9.3/../../../../arm-none-eabi/lib/armv7-m\libnosys.a(fstat.o)
                                 0x24 (size before relaxing)
 .stab          0x0000003c       0x18 c:/program files (x86)/cypress/psoc creator/3.3/psoc creator/import/gnu/arm/4.9.3/bin/../lib/gcc/arm-none-eabi/4.9.3/../../../../arm-none-eabi/lib/armv7-m\libnosys.a(isatty.o)
                                 0x24 (size before relaxing)
 .stab          0x00000054       0x18 c:/program files (x86)/cypress/psoc creator/3.3/psoc creator/import/gnu/arm/4.9.3/bin/../lib/gcc/arm-none-eabi/4.9.3/../../../../arm-none-eabi/lib/armv7-m\libnosys.a(lseek.o)
                                 0x24 (size before relaxing)
 .stab          0x0000006c       0x18 c:/program files (x86)/cypress/psoc creator/3.3/psoc creator/import/gnu/arm/4.9.3/bin/../lib/gcc/arm-none-eabi/4.9.3/../../../../arm-none-eabi/lib/armv7-m\libnosys.a(read.o)
                                 0x24 (size before relaxing)

.stabstr        0x00000000      0x117
 *(.stabstr)
 .stabstr       0x00000000      0x117 c:/program files (x86)/cypress/psoc creator/3.3/psoc creator/import/gnu/arm/4.9.3/bin/../lib/gcc/arm-none-eabi/4.9.3/../../../../arm-none-eabi/lib/armv7-m\libnosys.a(close.o)

.debug
 *(.debug)

.line
 *(.line)

.debug_srcinfo
 *(.debug_srcinfo)

.debug_sfnames
 *(.debug_sfnames)

.debug_aranges  0x00000000      0xdd0
 *(.debug_aranges)
 .debug_aranges
                0x00000000       0x38 .\CortexM3\ARM_GCC_493\Debug\main.o
 .debug_aranges
                0x00000038       0x30 .\CortexM3\ARM_GCC_493\Debug\nunchuk.o
 .debug_aranges
                0x00000068       0x40 .\CortexM3\ARM_GCC_493\Debug\Motor.o
 .debug_aranges
                0x000000a8       0x28 .\CortexM3\ARM_GCC_493\Debug\Ultra.o
 .debug_aranges
                0x000000d0       0x20 .\CortexM3\ARM_GCC_493\Debug\accel.o
 .debug_aranges
                0x000000f0       0x18 .\CortexM3\ARM_GCC_493\Debug\gyro.o
 .debug_aranges
                0x00000108       0x28 .\CortexM3\ARM_GCC_493\Debug\I2C_made.o
 .debug_aranges
                0x00000130       0x20 .\CortexM3\ARM_GCC_493\Debug\magnet.o
 .debug_aranges
                0x00000150       0x38 .\CortexM3\ARM_GCC_493\Debug\Reflectance.o
 .debug_aranges
                0x00000188       0x18 .\CortexM3\ARM_GCC_493\Debug\cymetadata.o
 .debug_aranges
                0x000001a0       0x48 .\CortexM3\ARM_GCC_493\Debug\Cm3Start.o
 .debug_aranges
                0x000001e8       0x58 .\CortexM3\ARM_GCC_493\Debug\ZumoBot_Lib_Gyro.a(cyfitter_cfg.o)
 .debug_aranges
                0x00000240       0xa8 .\CortexM3\ARM_GCC_493\Debug\ZumoBot_Lib_Gyro.a(PWM.o)
 .debug_aranges
                0x000002e8       0x38 .\CortexM3\ARM_GCC_493\Debug\ZumoBot_Lib_Gyro.a(I2C.o)
 .debug_aranges
                0x00000320       0x20 .\CortexM3\ARM_GCC_493\Debug\ZumoBot_Lib_Gyro.a(I2C_INT.o)
 .debug_aranges
                0x00000340       0x38 .\CortexM3\ARM_GCC_493\Debug\ZumoBot_Lib_Gyro.a(I2C_PM.o)
 .debug_aranges
                0x00000378       0x80 .\CortexM3\ARM_GCC_493\Debug\ZumoBot_Lib_Gyro.a(I2C_MASTER.o)
 .debug_aranges
                0x000003f8       0xf0 .\CortexM3\ARM_GCC_493\Debug\ZumoBot_Lib_Gyro.a(UART.o)
 .debug_aranges
                0x000004e8       0x70 .\CortexM3\ARM_GCC_493\Debug\ZumoBot_Lib_Gyro.a(UART_IntClock.o)
 .debug_aranges
                0x00000558       0x20 .\CortexM3\ARM_GCC_493\Debug\ZumoBot_Lib_Gyro.a(CyBootAsmGnu.o)
 .debug_aranges
                0x00000578      0x298 .\CortexM3\ARM_GCC_493\Debug\ZumoBot_Lib_Gyro.a(CyLib.o)
 .debug_aranges
                0x00000810       0x98 .\CortexM3\ARM_GCC_493\Debug\ZumoBot_Lib_Gyro.a(cyPm.o)
 .debug_aranges
                0x000008a8       0x38 .\CortexM3\ARM_GCC_493\Debug\ZumoBot_Lib_Gyro.a(MotorDirLeft.o)
 .debug_aranges
                0x000008e0       0x38 .\CortexM3\ARM_GCC_493\Debug\ZumoBot_Lib_Gyro.a(MotorDirRight.o)
 .debug_aranges
                0x00000918       0x38 .\CortexM3\ARM_GCC_493\Debug\ZumoBot_Lib_Gyro.a(LL.o)
 .debug_aranges
                0x00000950       0x88 .\CortexM3\ARM_GCC_493\Debug\ZumoBot_Lib_Gyro.a(Timer_LL.o)
 .debug_aranges
                0x000009d8       0x88 .\CortexM3\ARM_GCC_493\Debug\ZumoBot_Lib_Gyro.a(Timer_RR.o)
 .debug_aranges
                0x00000a60       0x88 .\CortexM3\ARM_GCC_493\Debug\ZumoBot_Lib_Gyro.a(Timer_RL.o)
 .debug_aranges
                0x00000ae8       0x38 .\CortexM3\ARM_GCC_493\Debug\ZumoBot_Lib_Gyro.a(RL.o)
 .debug_aranges
                0x00000b20       0x38 .\CortexM3\ARM_GCC_493\Debug\ZumoBot_Lib_Gyro.a(RR.o)
 .debug_aranges
                0x00000b58       0x88 .\CortexM3\ARM_GCC_493\Debug\ZumoBot_Lib_Gyro.a(Timer_LR.o)
 .debug_aranges
                0x00000be0       0x38 .\CortexM3\ARM_GCC_493\Debug\ZumoBot_Lib_Gyro.a(LR.o)
 .debug_aranges
                0x00000c18       0x88 .\CortexM3\ARM_GCC_493\Debug\ZumoBot_Lib_Gyro.a(Timer.o)
 .debug_aranges
                0x00000ca0       0x38 .\CortexM3\ARM_GCC_493\Debug\ZumoBot_Lib_Gyro.a(Echo.o)
 .debug_aranges
                0x00000cd8       0x80 .\CortexM3\ARM_GCC_493\Debug\ZumoBot_Lib_Gyro.a(CyFlash.o)
 .debug_aranges
                0x00000d58       0x78 .\CortexM3\ARM_GCC_493\Debug\ZumoBot_Lib_Gyro.a(CySpc.o)

.debug_pubnames
 *(.debug_pubnames)

.debug_info     0x00000000     0x7851
 *(.debug_info .gnu.linkonce.wi.*)
 .debug_info    0x00000000      0x583 .\CortexM3\ARM_GCC_493\Debug\main.o
 .debug_info    0x00000583      0x354 .\CortexM3\ARM_GCC_493\Debug\nunchuk.o
 .debug_info    0x000008d7      0x2d2 .\CortexM3\ARM_GCC_493\Debug\Motor.o
 .debug_info    0x00000ba9      0x216 .\CortexM3\ARM_GCC_493\Debug\Ultra.o
 .debug_info    0x00000dbf      0x17f .\CortexM3\ARM_GCC_493\Debug\accel.o
 .debug_info    0x00000f3e       0xae .\CortexM3\ARM_GCC_493\Debug\gyro.o
 .debug_info    0x00000fec      0x2c9 .\CortexM3\ARM_GCC_493\Debug\I2C_made.o
 .debug_info    0x000012b5      0x19e .\CortexM3\ARM_GCC_493\Debug\magnet.o
 .debug_info    0x00001453      0x548 .\CortexM3\ARM_GCC_493\Debug\Reflectance.o
 .debug_info    0x0000199b      0x13f .\CortexM3\ARM_GCC_493\Debug\cymetadata.o
 .debug_info    0x00001ada      0x3a5 .\CortexM3\ARM_GCC_493\Debug\Cm3Start.o
 .debug_info    0x00001e7f      0x542 .\CortexM3\ARM_GCC_493\Debug\ZumoBot_Lib_Gyro.a(cyfitter_cfg.o)
 .debug_info    0x000023c1      0x37e .\CortexM3\ARM_GCC_493\Debug\ZumoBot_Lib_Gyro.a(PWM.o)
 .debug_info    0x0000273f      0x2db .\CortexM3\ARM_GCC_493\Debug\ZumoBot_Lib_Gyro.a(I2C.o)
 .debug_info    0x00002a1a      0x17f .\CortexM3\ARM_GCC_493\Debug\ZumoBot_Lib_Gyro.a(I2C_INT.o)
 .debug_info    0x00002b99      0x1fe .\CortexM3\ARM_GCC_493\Debug\ZumoBot_Lib_Gyro.a(I2C_PM.o)
 .debug_info    0x00002d97      0x400 .\CortexM3\ARM_GCC_493\Debug\ZumoBot_Lib_Gyro.a(I2C_MASTER.o)
 .debug_info    0x00003197      0x603 .\CortexM3\ARM_GCC_493\Debug\ZumoBot_Lib_Gyro.a(UART.o)
 .debug_info    0x0000379a      0x283 .\CortexM3\ARM_GCC_493\Debug\ZumoBot_Lib_Gyro.a(UART_IntClock.o)
 .debug_info    0x00003a1d       0x90 .\CortexM3\ARM_GCC_493\Debug\ZumoBot_Lib_Gyro.a(CyBootAsmGnu.o)
 .debug_info    0x00003aad     0x1371 .\CortexM3\ARM_GCC_493\Debug\ZumoBot_Lib_Gyro.a(CyLib.o)
 .debug_info    0x00004e1e      0xa58 .\CortexM3\ARM_GCC_493\Debug\ZumoBot_Lib_Gyro.a(cyPm.o)
 .debug_info    0x00005876      0x121 .\CortexM3\ARM_GCC_493\Debug\ZumoBot_Lib_Gyro.a(MotorDirLeft.o)
 .debug_info    0x00005997      0x11f .\CortexM3\ARM_GCC_493\Debug\ZumoBot_Lib_Gyro.a(MotorDirRight.o)
 .debug_info    0x00005ab6      0x11f .\CortexM3\ARM_GCC_493\Debug\ZumoBot_Lib_Gyro.a(LL.o)
 .debug_info    0x00005bd5      0x28e .\CortexM3\ARM_GCC_493\Debug\ZumoBot_Lib_Gyro.a(Timer_LL.o)
 .debug_info    0x00005e63      0x28e .\CortexM3\ARM_GCC_493\Debug\ZumoBot_Lib_Gyro.a(Timer_RR.o)
 .debug_info    0x000060f1      0x28e .\CortexM3\ARM_GCC_493\Debug\ZumoBot_Lib_Gyro.a(Timer_RL.o)
 .debug_info    0x0000637f      0x11f .\CortexM3\ARM_GCC_493\Debug\ZumoBot_Lib_Gyro.a(RL.o)
 .debug_info    0x0000649e      0x11f .\CortexM3\ARM_GCC_493\Debug\ZumoBot_Lib_Gyro.a(RR.o)
 .debug_info    0x000065bd      0x28e .\CortexM3\ARM_GCC_493\Debug\ZumoBot_Lib_Gyro.a(Timer_LR.o)
 .debug_info    0x0000684b      0x11f .\CortexM3\ARM_GCC_493\Debug\ZumoBot_Lib_Gyro.a(LR.o)
 .debug_info    0x0000696a      0x2ce .\CortexM3\ARM_GCC_493\Debug\ZumoBot_Lib_Gyro.a(Timer.o)
 .debug_info    0x00006c38      0x11f .\CortexM3\ARM_GCC_493\Debug\ZumoBot_Lib_Gyro.a(Echo.o)
 .debug_info    0x00006d57      0x60a .\CortexM3\ARM_GCC_493\Debug\ZumoBot_Lib_Gyro.a(CyFlash.o)
 .debug_info    0x00007361      0x4f0 .\CortexM3\ARM_GCC_493\Debug\ZumoBot_Lib_Gyro.a(CySpc.o)

.debug_abbrev   0x00000000     0x29a6
 *(.debug_abbrev)
 .debug_abbrev  0x00000000      0x1f2 .\CortexM3\ARM_GCC_493\Debug\main.o
 .debug_abbrev  0x000001f2      0x177 .\CortexM3\ARM_GCC_493\Debug\nunchuk.o
 .debug_abbrev  0x00000369      0x108 .\CortexM3\ARM_GCC_493\Debug\Motor.o
 .debug_abbrev  0x00000471      0x13c .\CortexM3\ARM_GCC_493\Debug\Ultra.o
 .debug_abbrev  0x000005ad       0xfa .\CortexM3\ARM_GCC_493\Debug\accel.o
 .debug_abbrev  0x000006a7       0x4b .\CortexM3\ARM_GCC_493\Debug\gyro.o
 .debug_abbrev  0x000006f2      0x153 .\CortexM3\ARM_GCC_493\Debug\I2C_made.o
 .debug_abbrev  0x00000845       0xfa .\CortexM3\ARM_GCC_493\Debug\magnet.o
 .debug_abbrev  0x0000093f      0x161 .\CortexM3\ARM_GCC_493\Debug\Reflectance.o
 .debug_abbrev  0x00000aa0       0x77 .\CortexM3\ARM_GCC_493\Debug\cymetadata.o
 .debug_abbrev  0x00000b17      0x20f .\CortexM3\ARM_GCC_493\Debug\Cm3Start.o
 .debug_abbrev  0x00000d26      0x203 .\CortexM3\ARM_GCC_493\Debug\ZumoBot_Lib_Gyro.a(cyfitter_cfg.o)
 .debug_abbrev  0x00000f29      0x14d .\CortexM3\ARM_GCC_493\Debug\ZumoBot_Lib_Gyro.a(PWM.o)
 .debug_abbrev  0x00001076      0x15c .\CortexM3\ARM_GCC_493\Debug\ZumoBot_Lib_Gyro.a(I2C.o)
 .debug_abbrev  0x000011d2       0xbd .\CortexM3\ARM_GCC_493\Debug\ZumoBot_Lib_Gyro.a(I2C_INT.o)
 .debug_abbrev  0x0000128f      0x12b .\CortexM3\ARM_GCC_493\Debug\ZumoBot_Lib_Gyro.a(I2C_PM.o)
 .debug_abbrev  0x000013ba      0x13c .\CortexM3\ARM_GCC_493\Debug\ZumoBot_Lib_Gyro.a(I2C_MASTER.o)
 .debug_abbrev  0x000014f6      0x1a2 .\CortexM3\ARM_GCC_493\Debug\ZumoBot_Lib_Gyro.a(UART.o)
 .debug_abbrev  0x00001698      0x139 .\CortexM3\ARM_GCC_493\Debug\ZumoBot_Lib_Gyro.a(UART_IntClock.o)
 .debug_abbrev  0x000017d1       0x14 .\CortexM3\ARM_GCC_493\Debug\ZumoBot_Lib_Gyro.a(CyBootAsmGnu.o)
 .debug_abbrev  0x000017e5      0x296 .\CortexM3\ARM_GCC_493\Debug\ZumoBot_Lib_Gyro.a(CyLib.o)
 .debug_abbrev  0x00001a7b      0x1ed .\CortexM3\ARM_GCC_493\Debug\ZumoBot_Lib_Gyro.a(cyPm.o)
 .debug_abbrev  0x00001c68       0x90 .\CortexM3\ARM_GCC_493\Debug\ZumoBot_Lib_Gyro.a(MotorDirLeft.o)
 .debug_abbrev  0x00001cf8       0x90 .\CortexM3\ARM_GCC_493\Debug\ZumoBot_Lib_Gyro.a(MotorDirRight.o)
 .debug_abbrev  0x00001d88       0x90 .\CortexM3\ARM_GCC_493\Debug\ZumoBot_Lib_Gyro.a(LL.o)
 .debug_abbrev  0x00001e18      0x11a .\CortexM3\ARM_GCC_493\Debug\ZumoBot_Lib_Gyro.a(Timer_LL.o)
 .debug_abbrev  0x00001f32      0x11a .\CortexM3\ARM_GCC_493\Debug\ZumoBot_Lib_Gyro.a(Timer_RR.o)
 .debug_abbrev  0x0000204c      0x11a .\CortexM3\ARM_GCC_493\Debug\ZumoBot_Lib_Gyro.a(Timer_RL.o)
 .debug_abbrev  0x00002166       0x90 .\CortexM3\ARM_GCC_493\Debug\ZumoBot_Lib_Gyro.a(RL.o)
 .debug_abbrev  0x000021f6       0x90 .\CortexM3\ARM_GCC_493\Debug\ZumoBot_Lib_Gyro.a(RR.o)
 .debug_abbrev  0x00002286      0x11a .\CortexM3\ARM_GCC_493\Debug\ZumoBot_Lib_Gyro.a(Timer_LR.o)
 .debug_abbrev  0x000023a0       0x90 .\CortexM3\ARM_GCC_493\Debug\ZumoBot_Lib_Gyro.a(LR.o)
 .debug_abbrev  0x00002430      0x154 .\CortexM3\ARM_GCC_493\Debug\ZumoBot_Lib_Gyro.a(Timer.o)
 .debug_abbrev  0x00002584       0x90 .\CortexM3\ARM_GCC_493\Debug\ZumoBot_Lib_Gyro.a(Echo.o)
 .debug_abbrev  0x00002614      0x1d1 .\CortexM3\ARM_GCC_493\Debug\ZumoBot_Lib_Gyro.a(CyFlash.o)
 .debug_abbrev  0x000027e5      0x1c1 .\CortexM3\ARM_GCC_493\Debug\ZumoBot_Lib_Gyro.a(CySpc.o)

.debug_line     0x00000000     0x39c4
 *(.debug_line)
 .debug_line    0x00000000      0x24d .\CortexM3\ARM_GCC_493\Debug\main.o
 .debug_line    0x0000024d      0x1cf .\CortexM3\ARM_GCC_493\Debug\nunchuk.o
 .debug_line    0x0000041c      0x1e5 .\CortexM3\ARM_GCC_493\Debug\Motor.o
 .debug_line    0x00000601      0x19d .\CortexM3\ARM_GCC_493\Debug\Ultra.o
 .debug_line    0x0000079e      0x17e .\CortexM3\ARM_GCC_493\Debug\accel.o
 .debug_line    0x0000091c      0x13a .\CortexM3\ARM_GCC_493\Debug\gyro.o
 .debug_line    0x00000a56      0x1a7 .\CortexM3\ARM_GCC_493\Debug\I2C_made.o
 .debug_line    0x00000bfd      0x189 .\CortexM3\ARM_GCC_493\Debug\magnet.o
 .debug_line    0x00000d86      0x24b .\CortexM3\ARM_GCC_493\Debug\Reflectance.o
 .debug_line    0x00000fd1       0x53 .\CortexM3\ARM_GCC_493\Debug\cymetadata.o
 .debug_line    0x00001024      0x249 .\CortexM3\ARM_GCC_493\Debug\Cm3Start.o
 .debug_line    0x0000126d      0x1e7 .\CortexM3\ARM_GCC_493\Debug\ZumoBot_Lib_Gyro.a(cyfitter_cfg.o)
 .debug_line    0x00001454      0x1a9 .\CortexM3\ARM_GCC_493\Debug\ZumoBot_Lib_Gyro.a(PWM.o)
 .debug_line    0x000015fd       0xdb .\CortexM3\ARM_GCC_493\Debug\ZumoBot_Lib_Gyro.a(I2C.o)
 .debug_line    0x000016d8      0x116 .\CortexM3\ARM_GCC_493\Debug\ZumoBot_Lib_Gyro.a(I2C_INT.o)
 .debug_line    0x000017ee       0xbd .\CortexM3\ARM_GCC_493\Debug\ZumoBot_Lib_Gyro.a(I2C_PM.o)
 .debug_line    0x000018ab      0x1ff .\CortexM3\ARM_GCC_493\Debug\ZumoBot_Lib_Gyro.a(I2C_MASTER.o)
 .debug_line    0x00001aaa      0x2be .\CortexM3\ARM_GCC_493\Debug\ZumoBot_Lib_Gyro.a(UART.o)
 .debug_line    0x00001d68      0x195 .\CortexM3\ARM_GCC_493\Debug\ZumoBot_Lib_Gyro.a(UART_IntClock.o)
 .debug_line    0x00001efd       0x68 .\CortexM3\ARM_GCC_493\Debug\ZumoBot_Lib_Gyro.a(CyBootAsmGnu.o)
 .debug_line    0x00001f65      0x806 .\CortexM3\ARM_GCC_493\Debug\ZumoBot_Lib_Gyro.a(CyLib.o)
 .debug_line    0x0000276b      0x366 .\CortexM3\ARM_GCC_493\Debug\ZumoBot_Lib_Gyro.a(cyPm.o)
 .debug_line    0x00002ad1       0x9b .\CortexM3\ARM_GCC_493\Debug\ZumoBot_Lib_Gyro.a(MotorDirLeft.o)
 .debug_line    0x00002b6c       0x9c .\CortexM3\ARM_GCC_493\Debug\ZumoBot_Lib_Gyro.a(MotorDirRight.o)
 .debug_line    0x00002c08       0x91 .\CortexM3\ARM_GCC_493\Debug\ZumoBot_Lib_Gyro.a(LL.o)
 .debug_line    0x00002c99      0x158 .\CortexM3\ARM_GCC_493\Debug\ZumoBot_Lib_Gyro.a(Timer_LL.o)
 .debug_line    0x00002df1      0x158 .\CortexM3\ARM_GCC_493\Debug\ZumoBot_Lib_Gyro.a(Timer_RR.o)
 .debug_line    0x00002f49      0x158 .\CortexM3\ARM_GCC_493\Debug\ZumoBot_Lib_Gyro.a(Timer_RL.o)
 .debug_line    0x000030a1       0x91 .\CortexM3\ARM_GCC_493\Debug\ZumoBot_Lib_Gyro.a(RL.o)
 .debug_line    0x00003132       0x91 .\CortexM3\ARM_GCC_493\Debug\ZumoBot_Lib_Gyro.a(RR.o)
 .debug_line    0x000031c3      0x158 .\CortexM3\ARM_GCC_493\Debug\ZumoBot_Lib_Gyro.a(Timer_LR.o)
 .debug_line    0x0000331b       0x91 .\CortexM3\ARM_GCC_493\Debug\ZumoBot_Lib_Gyro.a(LR.o)
 .debug_line    0x000033ac      0x15b .\CortexM3\ARM_GCC_493\Debug\ZumoBot_Lib_Gyro.a(Timer.o)
 .debug_line    0x00003507       0x93 .\CortexM3\ARM_GCC_493\Debug\ZumoBot_Lib_Gyro.a(Echo.o)
 .debug_line    0x0000359a      0x1ec .\CortexM3\ARM_GCC_493\Debug\ZumoBot_Lib_Gyro.a(CyFlash.o)
 .debug_line    0x00003786      0x23e .\CortexM3\ARM_GCC_493\Debug\ZumoBot_Lib_Gyro.a(CySpc.o)

.debug_frame    0x00000000     0x2d2c
 *(.debug_frame)
 .debug_frame   0x00000000       0x8c .\CortexM3\ARM_GCC_493\Debug\main.o
 .debug_frame   0x0000008c       0x74 .\CortexM3\ARM_GCC_493\Debug\nunchuk.o
 .debug_frame   0x00000100       0xa8 .\CortexM3\ARM_GCC_493\Debug\Motor.o
 .debug_frame   0x000001a8       0x4c .\CortexM3\ARM_GCC_493\Debug\Ultra.o
 .debug_frame   0x000001f4       0x3c .\CortexM3\ARM_GCC_493\Debug\accel.o
 .debug_frame   0x00000230       0x54 .\CortexM3\ARM_GCC_493\Debug\I2C_made.o
 .debug_frame   0x00000284       0x30 .\CortexM3\ARM_GCC_493\Debug\magnet.o
 .debug_frame   0x000002b4       0x90 .\CortexM3\ARM_GCC_493\Debug\Reflectance.o
 .debug_frame   0x00000344       0xac .\CortexM3\ARM_GCC_493\Debug\Cm3Start.o
 .debug_frame   0x000003f0       0xe4 .\CortexM3\ARM_GCC_493\Debug\ZumoBot_Lib_Gyro.a(cyfitter_cfg.o)
 .debug_frame   0x000004d4      0x154 .\CortexM3\ARM_GCC_493\Debug\ZumoBot_Lib_Gyro.a(PWM.o)
 .debug_frame   0x00000628       0x94 .\CortexM3\ARM_GCC_493\Debug\ZumoBot_Lib_Gyro.a(I2C.o)
 .debug_frame   0x000006bc       0x30 .\CortexM3\ARM_GCC_493\Debug\ZumoBot_Lib_Gyro.a(I2C_INT.o)
 .debug_frame   0x000006ec       0x74 .\CortexM3\ARM_GCC_493\Debug\ZumoBot_Lib_Gyro.a(I2C_PM.o)
 .debug_frame   0x00000760      0x138 .\CortexM3\ARM_GCC_493\Debug\ZumoBot_Lib_Gyro.a(I2C_MASTER.o)
 .debug_frame   0x00000898      0x250 .\CortexM3\ARM_GCC_493\Debug\ZumoBot_Lib_Gyro.a(UART.o)
 .debug_frame   0x00000ae8       0xe0 .\CortexM3\ARM_GCC_493\Debug\ZumoBot_Lib_Gyro.a(UART_IntClock.o)
 .debug_frame   0x00000bc8      0x728 .\CortexM3\ARM_GCC_493\Debug\ZumoBot_Lib_Gyro.a(CyLib.o)
 .debug_frame   0x000012f0      0x1f8 .\CortexM3\ARM_GCC_493\Debug\ZumoBot_Lib_Gyro.a(cyPm.o)
 .debug_frame   0x000014e8       0x50 .\CortexM3\ARM_GCC_493\Debug\ZumoBot_Lib_Gyro.a(MotorDirLeft.o)
 .debug_frame   0x00001538       0x50 .\CortexM3\ARM_GCC_493\Debug\ZumoBot_Lib_Gyro.a(MotorDirRight.o)
 .debug_frame   0x00001588       0x50 .\CortexM3\ARM_GCC_493\Debug\ZumoBot_Lib_Gyro.a(LL.o)
 .debug_frame   0x000015d8      0x108 .\CortexM3\ARM_GCC_493\Debug\ZumoBot_Lib_Gyro.a(Timer_LL.o)
 .debug_frame   0x000016e0      0x108 .\CortexM3\ARM_GCC_493\Debug\ZumoBot_Lib_Gyro.a(Timer_RR.o)
 .debug_frame   0x000017e8      0x108 .\CortexM3\ARM_GCC_493\Debug\ZumoBot_Lib_Gyro.a(Timer_RL.o)
 .debug_frame   0x000018f0       0x50 .\CortexM3\ARM_GCC_493\Debug\ZumoBot_Lib_Gyro.a(RL.o)
 .debug_frame   0x00001940       0x50 .\CortexM3\ARM_GCC_493\Debug\ZumoBot_Lib_Gyro.a(RR.o)
 .debug_frame   0x00001990      0x108 .\CortexM3\ARM_GCC_493\Debug\ZumoBot_Lib_Gyro.a(Timer_LR.o)
 .debug_frame   0x00001a98       0x50 .\CortexM3\ARM_GCC_493\Debug\ZumoBot_Lib_Gyro.a(LR.o)
 .debug_frame   0x00001ae8      0x114 .\CortexM3\ARM_GCC_493\Debug\ZumoBot_Lib_Gyro.a(Timer.o)
 .debug_frame   0x00001bfc       0x50 .\CortexM3\ARM_GCC_493\Debug\ZumoBot_Lib_Gyro.a(Echo.o)
 .debug_frame   0x00001c4c      0x174 .\CortexM3\ARM_GCC_493\Debug\ZumoBot_Lib_Gyro.a(CyFlash.o)
 .debug_frame   0x00001dc0      0x160 .\CortexM3\ARM_GCC_493\Debug\ZumoBot_Lib_Gyro.a(CySpc.o)
 .debug_frame   0x00001f20       0x20 c:/program files (x86)/cypress/psoc creator/3.3/psoc creator/import/gnu/arm/4.9.3/bin/../lib/gcc/arm-none-eabi/4.9.3/../../../../arm-none-eabi/lib/armv7-m\libm.a(lib_a-w_atan2.o)
 .debug_frame   0x00001f40       0x48 c:/program files (x86)/cypress/psoc creator/3.3/psoc creator/import/gnu/arm/4.9.3/bin/../lib/gcc/arm-none-eabi/4.9.3/../../../../arm-none-eabi/lib/armv7-m\libm.a(lib_a-e_atan2.o)
 .debug_frame   0x00001f88       0x38 c:/program files (x86)/cypress/psoc creator/3.3/psoc creator/import/gnu/arm/4.9.3/bin/../lib/gcc/arm-none-eabi/4.9.3/../../../../arm-none-eabi/lib/armv7-m\libm.a(lib_a-s_atan.o)
 .debug_frame   0x00001fc0       0x20 c:/program files (x86)/cypress/psoc creator/3.3/psoc creator/import/gnu/arm/4.9.3/bin/../lib/gcc/arm-none-eabi/4.9.3/../../../../arm-none-eabi/lib/armv7-m\libm.a(lib_a-s_fabs.o)
 .debug_frame   0x00001fe0       0x20 c:/program files (x86)/cypress/psoc creator/3.3/psoc creator/import/gnu/arm/4.9.3/bin/../lib/gcc/arm-none-eabi/4.9.3/../../../../arm-none-eabi/lib/armv7-m\libg_nano.a(lib_a-errno.o)
 .debug_frame   0x00002000       0x28 c:/program files (x86)/cypress/psoc creator/3.3/psoc creator/import/gnu/arm/4.9.3/bin/../lib/gcc/arm-none-eabi/4.9.3/../../../../arm-none-eabi/lib/armv7-m\libg_nano.a(lib_a-exit.o)
 .debug_frame   0x00002028       0x2c c:/program files (x86)/cypress/psoc creator/3.3/psoc creator/import/gnu/arm/4.9.3/bin/../lib/gcc/arm-none-eabi/4.9.3/../../../../arm-none-eabi/lib/armv7-m\libg_nano.a(lib_a-init.o)
 .debug_frame   0x00002054       0x28 c:/program files (x86)/cypress/psoc creator/3.3/psoc creator/import/gnu/arm/4.9.3/bin/../lib/gcc/arm-none-eabi/4.9.3/../../../../arm-none-eabi/lib/armv7-m\libg_nano.a(lib_a-memcpy.o)
 .debug_frame   0x0000207c       0x20 c:/program files (x86)/cypress/psoc creator/3.3/psoc creator/import/gnu/arm/4.9.3/bin/../lib/gcc/arm-none-eabi/4.9.3/../../../../arm-none-eabi/lib/armv7-m\libg_nano.a(lib_a-memset.o)
 .debug_frame   0x0000209c       0x8c c:/program files (x86)/cypress/psoc creator/3.3/psoc creator/import/gnu/arm/4.9.3/bin/../lib/gcc/arm-none-eabi/4.9.3/../../../../arm-none-eabi/lib/armv7-m\libg_nano.a(lib_a-nano-vfprintf_float.o)
 .debug_frame   0x00002128       0x58 c:/program files (x86)/cypress/psoc creator/3.3/psoc creator/import/gnu/arm/4.9.3/bin/../lib/gcc/arm-none-eabi/4.9.3/../../../../arm-none-eabi/lib/armv7-m\libg_nano.a(lib_a-nano-vfprintf_i.o)
 .debug_frame   0x00002180       0x74 c:/program files (x86)/cypress/psoc creator/3.3/psoc creator/import/gnu/arm/4.9.3/bin/../lib/gcc/arm-none-eabi/4.9.3/../../../../arm-none-eabi/lib/armv7-m\libg_nano.a(lib_a-printf.o)
 .debug_frame   0x000021f4       0x3c c:/program files (x86)/cypress/psoc creator/3.3/psoc creator/import/gnu/arm/4.9.3/bin/../lib/gcc/arm-none-eabi/4.9.3/../../../../arm-none-eabi/lib/armv7-m\libg_nano.a(lib_a-puts.o)
 .debug_frame   0x00002230       0x28 c:/program files (x86)/cypress/psoc creator/3.3/psoc creator/import/gnu/arm/4.9.3/bin/../lib/gcc/arm-none-eabi/4.9.3/../../../../arm-none-eabi/lib/armv7-m\libg_nano.a(lib_a-s_fpclassify.o)
 .debug_frame   0x00002258       0x20 c:/program files (x86)/cypress/psoc creator/3.3/psoc creator/import/gnu/arm/4.9.3/bin/../lib/gcc/arm-none-eabi/4.9.3/../../../../arm-none-eabi/lib/armv7-m\libg_nano.a(lib_a-strlen.o)
 .debug_frame   0x00002278       0x3c c:/program files (x86)/cypress/psoc creator/3.3/psoc creator/import/gnu/arm/4.9.3/bin/../lib/gcc/arm-none-eabi/4.9.3/../../../../arm-none-eabi/lib/armv7-m\libg_nano.a(lib_a-wbuf.o)
 .debug_frame   0x000022b4       0x2c c:/program files (x86)/cypress/psoc creator/3.3/psoc creator/import/gnu/arm/4.9.3/bin/../lib/gcc/arm-none-eabi/4.9.3/../../../../arm-none-eabi/lib/armv7-m\libg_nano.a(lib_a-wsetup.o)
 .debug_frame   0x000022e0       0x6c c:/program files (x86)/cypress/psoc creator/3.3/psoc creator/import/gnu/arm/4.9.3/bin/../lib/gcc/arm-none-eabi/4.9.3/../../../../arm-none-eabi/lib/armv7-m\libg_nano.a(lib_a-dtoa.o)
 .debug_frame   0x0000234c       0x68 c:/program files (x86)/cypress/psoc creator/3.3/psoc creator/import/gnu/arm/4.9.3/bin/../lib/gcc/arm-none-eabi/4.9.3/../../../../arm-none-eabi/lib/armv7-m\libg_nano.a(lib_a-fflush.o)
 .debug_frame   0x000023b4      0x11c c:/program files (x86)/cypress/psoc creator/3.3/psoc creator/import/gnu/arm/4.9.3/bin/../lib/gcc/arm-none-eabi/4.9.3/../../../../arm-none-eabi/lib/armv7-m\libg_nano.a(lib_a-findfp.o)
 .debug_frame   0x000024d0       0x54 c:/program files (x86)/cypress/psoc creator/3.3/psoc creator/import/gnu/arm/4.9.3/bin/../lib/gcc/arm-none-eabi/4.9.3/../../../../arm-none-eabi/lib/armv7-m\libg_nano.a(lib_a-fwalk.o)
 .debug_frame   0x00002524       0x98 c:/program files (x86)/cypress/psoc creator/3.3/psoc creator/import/gnu/arm/4.9.3/bin/../lib/gcc/arm-none-eabi/4.9.3/../../../../arm-none-eabi/lib/armv7-m\libg_nano.a(lib_a-locale.o)
 .debug_frame   0x000025bc       0x34 c:/program files (x86)/cypress/psoc creator/3.3/psoc creator/import/gnu/arm/4.9.3/bin/../lib/gcc/arm-none-eabi/4.9.3/../../../../arm-none-eabi/lib/armv7-m\libg_nano.a(lib_a-makebuf.o)
 .debug_frame   0x000025f0       0x30 c:/program files (x86)/cypress/psoc creator/3.3/psoc creator/import/gnu/arm/4.9.3/bin/../lib/gcc/arm-none-eabi/4.9.3/../../../../arm-none-eabi/lib/armv7-m\libg_nano.a(lib_a-malloc.o)
 .debug_frame   0x00002620       0x28 c:/program files (x86)/cypress/psoc creator/3.3/psoc creator/import/gnu/arm/4.9.3/bin/../lib/gcc/arm-none-eabi/4.9.3/../../../../arm-none-eabi/lib/armv7-m\libg_nano.a(lib_a-memchr.o)
 .debug_frame   0x00002648      0x230 c:/program files (x86)/cypress/psoc creator/3.3/psoc creator/import/gnu/arm/4.9.3/bin/../lib/gcc/arm-none-eabi/4.9.3/../../../../arm-none-eabi/lib/armv7-m\libg_nano.a(lib_a-mprec.o)
 .debug_frame   0x00002878       0x2c c:/program files (x86)/cypress/psoc creator/3.3/psoc creator/import/gnu/arm/4.9.3/bin/../lib/gcc/arm-none-eabi/4.9.3/../../../../arm-none-eabi/lib/armv7-m\libg_nano.a(lib_a-nano-callocr.o)
 .debug_frame   0x000028a4       0x2c c:/program files (x86)/cypress/psoc creator/3.3/psoc creator/import/gnu/arm/4.9.3/bin/../lib/gcc/arm-none-eabi/4.9.3/../../../../arm-none-eabi/lib/armv7-m\libg_nano.a(lib_a-nano-freer.o)
 .debug_frame   0x000028d0       0x2c c:/program files (x86)/cypress/psoc creator/3.3/psoc creator/import/gnu/arm/4.9.3/bin/../lib/gcc/arm-none-eabi/4.9.3/../../../../arm-none-eabi/lib/armv7-m\libg_nano.a(lib_a-nano-mallocr.o)
 .debug_frame   0x000028fc       0xb8 c:/program files (x86)/cypress/psoc creator/3.3/psoc creator/import/gnu/arm/4.9.3/bin/../lib/gcc/arm-none-eabi/4.9.3/../../../../arm-none-eabi/lib/armv7-m\libg_nano.a(lib_a-nano-vfprintf.o)
 .debug_frame   0x000029b4       0x2c c:/program files (x86)/cypress/psoc creator/3.3/psoc creator/import/gnu/arm/4.9.3/bin/../lib/gcc/arm-none-eabi/4.9.3/../../../../arm-none-eabi/lib/armv7-m\libg_nano.a(lib_a-sbrkr.o)
 .debug_frame   0x000029e0       0x88 c:/program files (x86)/cypress/psoc creator/3.3/psoc creator/import/gnu/arm/4.9.3/bin/../lib/gcc/arm-none-eabi/4.9.3/../../../../arm-none-eabi/lib/armv7-m\libg_nano.a(lib_a-stdio.o)
 .debug_frame   0x00002a68       0x2c c:/program files (x86)/cypress/psoc creator/3.3/psoc creator/import/gnu/arm/4.9.3/bin/../lib/gcc/arm-none-eabi/4.9.3/../../../../arm-none-eabi/lib/armv7-m\libg_nano.a(lib_a-writer.o)
 .debug_frame   0x00002a94       0x2c c:/program files (x86)/cypress/psoc creator/3.3/psoc creator/import/gnu/arm/4.9.3/bin/../lib/gcc/arm-none-eabi/4.9.3/../../../../arm-none-eabi/lib/armv7-m\libg_nano.a(lib_a-closer.o)
 .debug_frame   0x00002ac0       0x2c c:/program files (x86)/cypress/psoc creator/3.3/psoc creator/import/gnu/arm/4.9.3/bin/../lib/gcc/arm-none-eabi/4.9.3/../../../../arm-none-eabi/lib/armv7-m\libg_nano.a(lib_a-fstatr.o)
 .debug_frame   0x00002aec       0x3c c:/program files (x86)/cypress/psoc creator/3.3/psoc creator/import/gnu/arm/4.9.3/bin/../lib/gcc/arm-none-eabi/4.9.3/../../../../arm-none-eabi/lib/armv7-m\libg_nano.a(lib_a-fvwrite.o)
 .debug_frame   0x00002b28       0x2c c:/program files (x86)/cypress/psoc creator/3.3/psoc creator/import/gnu/arm/4.9.3/bin/../lib/gcc/arm-none-eabi/4.9.3/../../../../arm-none-eabi/lib/armv7-m\libg_nano.a(lib_a-isattyr.o)
 .debug_frame   0x00002b54       0x2c c:/program files (x86)/cypress/psoc creator/3.3/psoc creator/import/gnu/arm/4.9.3/bin/../lib/gcc/arm-none-eabi/4.9.3/../../../../arm-none-eabi/lib/armv7-m\libg_nano.a(lib_a-lseekr.o)
 .debug_frame   0x00002b80       0x28 c:/program files (x86)/cypress/psoc creator/3.3/psoc creator/import/gnu/arm/4.9.3/bin/../lib/gcc/arm-none-eabi/4.9.3/../../../../arm-none-eabi/lib/armv7-m\libg_nano.a(lib_a-memmove.o)
 .debug_frame   0x00002ba8       0x3c c:/program files (x86)/cypress/psoc creator/3.3/psoc creator/import/gnu/arm/4.9.3/bin/../lib/gcc/arm-none-eabi/4.9.3/../../../../arm-none-eabi/lib/armv7-m\libg_nano.a(lib_a-nano-reallocr.o)
 .debug_frame   0x00002be4       0x2c c:/program files (x86)/cypress/psoc creator/3.3/psoc creator/import/gnu/arm/4.9.3/bin/../lib/gcc/arm-none-eabi/4.9.3/../../../../arm-none-eabi/lib/armv7-m\libg_nano.a(lib_a-readr.o)
 .debug_frame   0x00002c10       0x5c c:/program files (x86)/cypress/psoc creator/3.3/psoc creator/import/gnu/arm/4.9.3/bin/../lib/gcc/arm-none-eabi/4.9.3/../../../../arm-none-eabi/lib/armv7-m\libg_nano.a(lib_a-reent.o)
 .debug_frame   0x00002c6c       0x20 c:/program files (x86)/cypress/psoc creator/3.3/psoc creator/import/gnu/arm/4.9.3/bin/../lib/gcc/arm-none-eabi/4.9.3/../../../../arm-none-eabi/lib/armv7-m\libg_nano.a(lib_a-nano-msizer.o)
 .debug_frame   0x00002c8c       0x20 c:/program files (x86)/cypress/psoc creator/3.3/psoc creator/import/gnu/arm/4.9.3/bin/../lib/gcc/arm-none-eabi/4.9.3/../../../../arm-none-eabi/lib/armv7-m\libnosys.a(close.o)
 .debug_frame   0x00002cac       0x20 c:/program files (x86)/cypress/psoc creator/3.3/psoc creator/import/gnu/arm/4.9.3/bin/../lib/gcc/arm-none-eabi/4.9.3/../../../../arm-none-eabi/lib/armv7-m\libnosys.a(fstat.o)
 .debug_frame   0x00002ccc       0x20 c:/program files (x86)/cypress/psoc creator/3.3/psoc creator/import/gnu/arm/4.9.3/bin/../lib/gcc/arm-none-eabi/4.9.3/../../../../arm-none-eabi/lib/armv7-m\libnosys.a(isatty.o)
 .debug_frame   0x00002cec       0x20 c:/program files (x86)/cypress/psoc creator/3.3/psoc creator/import/gnu/arm/4.9.3/bin/../lib/gcc/arm-none-eabi/4.9.3/../../../../arm-none-eabi/lib/armv7-m\libnosys.a(lseek.o)
 .debug_frame   0x00002d0c       0x20 c:/program files (x86)/cypress/psoc creator/3.3/psoc creator/import/gnu/arm/4.9.3/bin/../lib/gcc/arm-none-eabi/4.9.3/../../../../arm-none-eabi/lib/armv7-m\libnosys.a(read.o)

.debug_str      0x00000000     0x27b1
 *(.debug_str)
 .debug_str     0x00000000      0x28f .\CortexM3\ARM_GCC_493\Debug\main.o
                                0x2f2 (size before relaxing)
 .debug_str     0x0000028f       0x8a .\CortexM3\ARM_GCC_493\Debug\nunchuk.o
                                0x24b (size before relaxing)
 .debug_str     0x00000319       0xbd .\CortexM3\ARM_GCC_493\Debug\Motor.o
                                0x264 (size before relaxing)
 .debug_str     0x000003d6       0x95 .\CortexM3\ARM_GCC_493\Debug\Ultra.o
                                0x249 (size before relaxing)
 .debug_str     0x0000046b       0x44 .\CortexM3\ARM_GCC_493\Debug\accel.o
                                0x1f3 (size before relaxing)
 .debug_str     0x000004af        0x9 .\CortexM3\ARM_GCC_493\Debug\gyro.o
                                0x1a1 (size before relaxing)
 .debug_str     0x000004b8       0x2c .\CortexM3\ARM_GCC_493\Debug\I2C_made.o
                                0x232 (size before relaxing)
 .debug_str     0x000004e4       0x13 .\CortexM3\ARM_GCC_493\Debug\magnet.o
                                0x1d5 (size before relaxing)
 .debug_str     0x000004f7      0x249 .\CortexM3\ARM_GCC_493\Debug\Reflectance.o
                                0x442 (size before relaxing)
 .debug_str     0x00000740       0x77 .\CortexM3\ARM_GCC_493\Debug\cymetadata.o
                                0x1ea (size before relaxing)
 .debug_str     0x000007b7      0x160 .\CortexM3\ARM_GCC_493\Debug\Cm3Start.o
                                0x2fe (size before relaxing)
 .debug_str     0x00000917      0x150 .\CortexM3\ARM_GCC_493\Debug\ZumoBot_Lib_Gyro.a(cyfitter_cfg.o)
                                0x303 (size before relaxing)
 .debug_str     0x00000a67      0x187 .\CortexM3\ARM_GCC_493\Debug\ZumoBot_Lib_Gyro.a(PWM.o)
                                0x344 (size before relaxing)
 .debug_str     0x00000bee       0xff .\CortexM3\ARM_GCC_493\Debug\ZumoBot_Lib_Gyro.a(I2C.o)
                                0x2e2 (size before relaxing)
 .debug_str     0x00000ced       0x88 .\CortexM3\ARM_GCC_493\Debug\ZumoBot_Lib_Gyro.a(I2C_INT.o)
                                0x253 (size before relaxing)
 .debug_str     0x00000d75       0x58 .\CortexM3\ARM_GCC_493\Debug\ZumoBot_Lib_Gyro.a(I2C_PM.o)
                                0x271 (size before relaxing)
 .debug_str     0x00000dcd      0x12b .\CortexM3\ARM_GCC_493\Debug\ZumoBot_Lib_Gyro.a(I2C_MASTER.o)
                                0x398 (size before relaxing)
 .debug_str     0x00000ef8      0x289 .\CortexM3\ARM_GCC_493\Debug\ZumoBot_Lib_Gyro.a(UART.o)
                                0x469 (size before relaxing)
 .debug_str     0x00001181      0x185 .\CortexM3\ARM_GCC_493\Debug\ZumoBot_Lib_Gyro.a(UART_IntClock.o)
                                0x336 (size before relaxing)
 .debug_str     0x00001306      0x7bc .\CortexM3\ARM_GCC_493\Debug\ZumoBot_Lib_Gyro.a(CyLib.o)
                                0xa23 (size before relaxing)
 .debug_str     0x00001ac2      0x35b .\CortexM3\ARM_GCC_493\Debug\ZumoBot_Lib_Gyro.a(cyPm.o)
                                0x71b (size before relaxing)
 .debug_str     0x00001e1d       0x78 .\CortexM3\ARM_GCC_493\Debug\ZumoBot_Lib_Gyro.a(MotorDirLeft.o)
                                0x205 (size before relaxing)
 .debug_str     0x00001e95       0x71 .\CortexM3\ARM_GCC_493\Debug\ZumoBot_Lib_Gyro.a(MotorDirRight.o)
                                0x20a (size before relaxing)
 .debug_str     0x00001f06       0x35 .\CortexM3\ARM_GCC_493\Debug\ZumoBot_Lib_Gyro.a(LL.o)
                                0x1d3 (size before relaxing)
 .debug_str     0x00001f3b      0x11b .\CortexM3\ARM_GCC_493\Debug\ZumoBot_Lib_Gyro.a(Timer_LL.o)
                                0x319 (size before relaxing)
 .debug_str     0x00002056      0x10f .\CortexM3\ARM_GCC_493\Debug\ZumoBot_Lib_Gyro.a(Timer_RR.o)
                                0x319 (size before relaxing)
 .debug_str     0x00002165      0x10f .\CortexM3\ARM_GCC_493\Debug\ZumoBot_Lib_Gyro.a(Timer_RL.o)
                                0x319 (size before relaxing)
 .debug_str     0x00002274       0x35 .\CortexM3\ARM_GCC_493\Debug\ZumoBot_Lib_Gyro.a(RL.o)
                                0x1d3 (size before relaxing)
 .debug_str     0x000022a9       0x35 .\CortexM3\ARM_GCC_493\Debug\ZumoBot_Lib_Gyro.a(RR.o)
                                0x1d3 (size before relaxing)
 .debug_str     0x000022de      0x10f .\CortexM3\ARM_GCC_493\Debug\ZumoBot_Lib_Gyro.a(Timer_LR.o)
                                0x319 (size before relaxing)
 .debug_str     0x000023ed       0x35 .\CortexM3\ARM_GCC_493\Debug\ZumoBot_Lib_Gyro.a(LR.o)
                                0x1d3 (size before relaxing)
 .debug_str     0x00002422       0xf5 .\CortexM3\ARM_GCC_493\Debug\ZumoBot_Lib_Gyro.a(Timer.o)
                                0x319 (size before relaxing)
 .debug_str     0x00002517       0x4e .\CortexM3\ARM_GCC_493\Debug\ZumoBot_Lib_Gyro.a(Echo.o)
                                0x1dd (size before relaxing)
 .debug_str     0x00002565      0x19e .\CortexM3\ARM_GCC_493\Debug\ZumoBot_Lib_Gyro.a(CyFlash.o)
                                0x395 (size before relaxing)
 .debug_str     0x00002703       0xae .\CortexM3\ARM_GCC_493\Debug\ZumoBot_Lib_Gyro.a(CySpc.o)
                                0x31e (size before relaxing)

.debug_loc      0x00000000     0x28b9
 *(.debug_loc)
 .debug_loc     0x00000000      0x168 .\CortexM3\ARM_GCC_493\Debug\main.o
 .debug_loc     0x00000168       0x89 .\CortexM3\ARM_GCC_493\Debug\nunchuk.o
 .debug_loc     0x000001f1       0xde .\CortexM3\ARM_GCC_493\Debug\Motor.o
 .debug_loc     0x000002cf       0x9f .\CortexM3\ARM_GCC_493\Debug\accel.o
 .debug_loc     0x0000036e       0xa5 .\CortexM3\ARM_GCC_493\Debug\I2C_made.o
 .debug_loc     0x00000413       0x78 .\CortexM3\ARM_GCC_493\Debug\magnet.o
 .debug_loc     0x0000048b       0x70 .\CortexM3\ARM_GCC_493\Debug\Reflectance.o
 .debug_loc     0x000004fb      0x144 .\CortexM3\ARM_GCC_493\Debug\Cm3Start.o
 .debug_loc     0x0000063f      0x1d7 .\CortexM3\ARM_GCC_493\Debug\ZumoBot_Lib_Gyro.a(cyfitter_cfg.o)
 .debug_loc     0x00000816       0x26 .\CortexM3\ARM_GCC_493\Debug\ZumoBot_Lib_Gyro.a(PWM.o)
 .debug_loc     0x0000083c       0x39 .\CortexM3\ARM_GCC_493\Debug\ZumoBot_Lib_Gyro.a(I2C.o)
 .debug_loc     0x00000875       0x29 .\CortexM3\ARM_GCC_493\Debug\ZumoBot_Lib_Gyro.a(I2C_INT.o)
 .debug_loc     0x0000089e       0x13 .\CortexM3\ARM_GCC_493\Debug\ZumoBot_Lib_Gyro.a(I2C_PM.o)
 .debug_loc     0x000008b1      0x52f .\CortexM3\ARM_GCC_493\Debug\ZumoBot_Lib_Gyro.a(I2C_MASTER.o)
 .debug_loc     0x00000de0      0x258 .\CortexM3\ARM_GCC_493\Debug\ZumoBot_Lib_Gyro.a(UART.o)
 .debug_loc     0x00001038      0x128 .\CortexM3\ARM_GCC_493\Debug\ZumoBot_Lib_Gyro.a(UART_IntClock.o)
 .debug_loc     0x00001160      0xa11 .\CortexM3\ARM_GCC_493\Debug\ZumoBot_Lib_Gyro.a(CyLib.o)
 .debug_loc     0x00001b71      0x1e4 .\CortexM3\ARM_GCC_493\Debug\ZumoBot_Lib_Gyro.a(cyPm.o)
 .debug_loc     0x00001d55       0x55 .\CortexM3\ARM_GCC_493\Debug\ZumoBot_Lib_Gyro.a(MotorDirLeft.o)
 .debug_loc     0x00001daa       0x42 .\CortexM3\ARM_GCC_493\Debug\ZumoBot_Lib_Gyro.a(MotorDirRight.o)
 .debug_loc     0x00001dec       0x42 .\CortexM3\ARM_GCC_493\Debug\ZumoBot_Lib_Gyro.a(LL.o)
 .debug_loc     0x00001e2e       0x42 .\CortexM3\ARM_GCC_493\Debug\ZumoBot_Lib_Gyro.a(RL.o)
 .debug_loc     0x00001e70       0x42 .\CortexM3\ARM_GCC_493\Debug\ZumoBot_Lib_Gyro.a(RR.o)
 .debug_loc     0x00001eb2       0x42 .\CortexM3\ARM_GCC_493\Debug\ZumoBot_Lib_Gyro.a(LR.o)
 .debug_loc     0x00001ef4       0x36 .\CortexM3\ARM_GCC_493\Debug\ZumoBot_Lib_Gyro.a(Timer.o)
 .debug_loc     0x00001f2a       0x42 .\CortexM3\ARM_GCC_493\Debug\ZumoBot_Lib_Gyro.a(Echo.o)
 .debug_loc     0x00001f6c      0x300 .\CortexM3\ARM_GCC_493\Debug\ZumoBot_Lib_Gyro.a(CyFlash.o)
 .debug_loc     0x0000226c      0x64d .\CortexM3\ARM_GCC_493\Debug\ZumoBot_Lib_Gyro.a(CySpc.o)

.debug_macinfo
 *(.debug_macinfo)

.debug_ranges   0x00000000      0xb70
 *(.debug_ranges)
 .debug_ranges  0x00000000       0x28 .\CortexM3\ARM_GCC_493\Debug\main.o
 .debug_ranges  0x00000028       0x20 .\CortexM3\ARM_GCC_493\Debug\nunchuk.o
 .debug_ranges  0x00000048       0x30 .\CortexM3\ARM_GCC_493\Debug\Motor.o
 .debug_ranges  0x00000078       0x18 .\CortexM3\ARM_GCC_493\Debug\Ultra.o
 .debug_ranges  0x00000090       0x10 .\CortexM3\ARM_GCC_493\Debug\accel.o
 .debug_ranges  0x000000a0       0x18 .\CortexM3\ARM_GCC_493\Debug\I2C_made.o
 .debug_ranges  0x000000b8       0x10 .\CortexM3\ARM_GCC_493\Debug\magnet.o
 .debug_ranges  0x000000c8       0x28 .\CortexM3\ARM_GCC_493\Debug\Reflectance.o
 .debug_ranges  0x000000f0       0x38 .\CortexM3\ARM_GCC_493\Debug\Cm3Start.o
 .debug_ranges  0x00000128       0x48 .\CortexM3\ARM_GCC_493\Debug\ZumoBot_Lib_Gyro.a(cyfitter_cfg.o)
 .debug_ranges  0x00000170       0x98 .\CortexM3\ARM_GCC_493\Debug\ZumoBot_Lib_Gyro.a(PWM.o)
 .debug_ranges  0x00000208       0x28 .\CortexM3\ARM_GCC_493\Debug\ZumoBot_Lib_Gyro.a(I2C.o)
 .debug_ranges  0x00000230       0x10 .\CortexM3\ARM_GCC_493\Debug\ZumoBot_Lib_Gyro.a(I2C_INT.o)
 .debug_ranges  0x00000240       0x28 .\CortexM3\ARM_GCC_493\Debug\ZumoBot_Lib_Gyro.a(I2C_PM.o)
 .debug_ranges  0x00000268       0x70 .\CortexM3\ARM_GCC_493\Debug\ZumoBot_Lib_Gyro.a(I2C_MASTER.o)
 .debug_ranges  0x000002d8       0xe0 .\CortexM3\ARM_GCC_493\Debug\ZumoBot_Lib_Gyro.a(UART.o)
 .debug_ranges  0x000003b8       0x60 .\CortexM3\ARM_GCC_493\Debug\ZumoBot_Lib_Gyro.a(UART_IntClock.o)
 .debug_ranges  0x00000418      0x288 .\CortexM3\ARM_GCC_493\Debug\ZumoBot_Lib_Gyro.a(CyLib.o)
 .debug_ranges  0x000006a0       0x88 .\CortexM3\ARM_GCC_493\Debug\ZumoBot_Lib_Gyro.a(cyPm.o)
 .debug_ranges  0x00000728       0x28 .\CortexM3\ARM_GCC_493\Debug\ZumoBot_Lib_Gyro.a(MotorDirLeft.o)
 .debug_ranges  0x00000750       0x28 .\CortexM3\ARM_GCC_493\Debug\ZumoBot_Lib_Gyro.a(MotorDirRight.o)
 .debug_ranges  0x00000778       0x28 .\CortexM3\ARM_GCC_493\Debug\ZumoBot_Lib_Gyro.a(LL.o)
 .debug_ranges  0x000007a0       0x78 .\CortexM3\ARM_GCC_493\Debug\ZumoBot_Lib_Gyro.a(Timer_LL.o)
 .debug_ranges  0x00000818       0x78 .\CortexM3\ARM_GCC_493\Debug\ZumoBot_Lib_Gyro.a(Timer_RR.o)
 .debug_ranges  0x00000890       0x78 .\CortexM3\ARM_GCC_493\Debug\ZumoBot_Lib_Gyro.a(Timer_RL.o)
 .debug_ranges  0x00000908       0x28 .\CortexM3\ARM_GCC_493\Debug\ZumoBot_Lib_Gyro.a(RL.o)
 .debug_ranges  0x00000930       0x28 .\CortexM3\ARM_GCC_493\Debug\ZumoBot_Lib_Gyro.a(RR.o)
 .debug_ranges  0x00000958       0x78 .\CortexM3\ARM_GCC_493\Debug\ZumoBot_Lib_Gyro.a(Timer_LR.o)
 .debug_ranges  0x000009d0       0x28 .\CortexM3\ARM_GCC_493\Debug\ZumoBot_Lib_Gyro.a(LR.o)
 .debug_ranges  0x000009f8       0x78 .\CortexM3\ARM_GCC_493\Debug\ZumoBot_Lib_Gyro.a(Timer.o)
 .debug_ranges  0x00000a70       0x28 .\CortexM3\ARM_GCC_493\Debug\ZumoBot_Lib_Gyro.a(Echo.o)
 .debug_ranges  0x00000a98       0x70 .\CortexM3\ARM_GCC_493\Debug\ZumoBot_Lib_Gyro.a(CyFlash.o)
 .debug_ranges  0x00000b08       0x68 .\CortexM3\ARM_GCC_493\Debug\ZumoBot_Lib_Gyro.a(CySpc.o)

.comment        0x00000000       0x70
 .comment       0x00000000       0x70 .\CortexM3\ARM_GCC_493\Debug\main.o
                                 0x71 (size before relaxing)
 .comment       0x00000000       0x71 .\CortexM3\ARM_GCC_493\Debug\nunchuk.o
 .comment       0x00000000       0x71 .\CortexM3\ARM_GCC_493\Debug\Motor.o
 .comment       0x00000000       0x71 .\CortexM3\ARM_GCC_493\Debug\Ultra.o
 .comment       0x00000000       0x71 .\CortexM3\ARM_GCC_493\Debug\accel.o
 .comment       0x00000000       0x71 .\CortexM3\ARM_GCC_493\Debug\gyro.o
 .comment       0x00000000       0x71 .\CortexM3\ARM_GCC_493\Debug\I2C_made.o
 .comment       0x00000000       0x71 .\CortexM3\ARM_GCC_493\Debug\magnet.o
 .comment       0x00000000       0x71 .\CortexM3\ARM_GCC_493\Debug\Reflectance.o
 .comment       0x00000000       0x71 .\CortexM3\ARM_GCC_493\Debug\cymetadata.o
 .comment       0x00000000       0x71 .\CortexM3\ARM_GCC_493\Debug\Cm3Start.o
 .comment       0x00000000       0x71 .\CortexM3\ARM_GCC_493\Debug\ZumoBot_Lib_Gyro.a(cyfitter_cfg.o)
 .comment       0x00000000       0x71 .\CortexM3\ARM_GCC_493\Debug\ZumoBot_Lib_Gyro.a(PWM.o)
 .comment       0x00000000       0x71 .\CortexM3\ARM_GCC_493\Debug\ZumoBot_Lib_Gyro.a(I2C.o)
 .comment       0x00000000       0x71 .\CortexM3\ARM_GCC_493\Debug\ZumoBot_Lib_Gyro.a(I2C_INT.o)
 .comment       0x00000000       0x71 .\CortexM3\ARM_GCC_493\Debug\ZumoBot_Lib_Gyro.a(I2C_PM.o)
 .comment       0x00000000       0x71 .\CortexM3\ARM_GCC_493\Debug\ZumoBot_Lib_Gyro.a(I2C_MASTER.o)
 .comment       0x00000000       0x71 .\CortexM3\ARM_GCC_493\Debug\ZumoBot_Lib_Gyro.a(UART.o)
 .comment       0x00000000       0x71 .\CortexM3\ARM_GCC_493\Debug\ZumoBot_Lib_Gyro.a(UART_IntClock.o)
 .comment       0x00000000       0x71 .\CortexM3\ARM_GCC_493\Debug\ZumoBot_Lib_Gyro.a(CyLib.o)
 .comment       0x00000000       0x71 .\CortexM3\ARM_GCC_493\Debug\ZumoBot_Lib_Gyro.a(cyPm.o)
 .comment       0x00000000       0x71 .\CortexM3\ARM_GCC_493\Debug\ZumoBot_Lib_Gyro.a(MotorDirLeft.o)
 .comment       0x00000000       0x71 .\CortexM3\ARM_GCC_493\Debug\ZumoBot_Lib_Gyro.a(MotorDirRight.o)
 .comment       0x00000000       0x71 .\CortexM3\ARM_GCC_493\Debug\ZumoBot_Lib_Gyro.a(LL.o)
 .comment       0x00000000       0x71 .\CortexM3\ARM_GCC_493\Debug\ZumoBot_Lib_Gyro.a(Timer_LL.o)
 .comment       0x00000000       0x71 .\CortexM3\ARM_GCC_493\Debug\ZumoBot_Lib_Gyro.a(Timer_RR.o)
 .comment       0x00000000       0x71 .\CortexM3\ARM_GCC_493\Debug\ZumoBot_Lib_Gyro.a(Timer_RL.o)
 .comment       0x00000000       0x71 .\CortexM3\ARM_GCC_493\Debug\ZumoBot_Lib_Gyro.a(RL.o)
 .comment       0x00000000       0x71 .\CortexM3\ARM_GCC_493\Debug\ZumoBot_Lib_Gyro.a(RR.o)
 .comment       0x00000000       0x71 .\CortexM3\ARM_GCC_493\Debug\ZumoBot_Lib_Gyro.a(Timer_LR.o)
 .comment       0x00000000       0x71 .\CortexM3\ARM_GCC_493\Debug\ZumoBot_Lib_Gyro.a(LR.o)
 .comment       0x00000000       0x71 .\CortexM3\ARM_GCC_493\Debug\ZumoBot_Lib_Gyro.a(Timer.o)
 .comment       0x00000000       0x71 .\CortexM3\ARM_GCC_493\Debug\ZumoBot_Lib_Gyro.a(Echo.o)
 .comment       0x00000000       0x71 .\CortexM3\ARM_GCC_493\Debug\ZumoBot_Lib_Gyro.a(CyFlash.o)
 .comment       0x00000000       0x71 .\CortexM3\ARM_GCC_493\Debug\ZumoBot_Lib_Gyro.a(CySpc.o)

.debug_weaknames
 *(.debug_weaknames)

.debug_funcnames
 *(.debug_funcnames)

.debug_typenames
 *(.debug_typenames)

.debug_varnames
 *(.debug_varnames)

.note.gnu.arm.ident
 *(.note.gnu.arm.ident)
