Archive member included because of file (symbol)

.\CortexM3\ARM_GCC_493\Debug\ZumoBot_Lib.a(cyfitter_cfg.o)
                              .\CortexM3\ARM_GCC_493\Debug\Cm3Start.o (cyfitter_cfg)
.\CortexM3\ARM_GCC_493\Debug\ZumoBot_Lib.a(PWM.o)
                              .\CortexM3\ARM_GCC_493\Debug\Motor.o (PWM_Stop)
.\CortexM3\ARM_GCC_493\Debug\ZumoBot_Lib.a(I2C.o)
                              .\CortexM3\ARM_GCC_493\Debug\nunchuk.o (I2C_Start)
.\CortexM3\ARM_GCC_493\Debug\ZumoBot_Lib.a(I2C_INT.o)
                              .\CortexM3\ARM_GCC_493\Debug\ZumoBot_Lib.a(I2C.o) (I2C_ISR)
.\CortexM3\ARM_GCC_493\Debug\ZumoBot_Lib.a(I2C_PM.o)
                              .\CortexM3\ARM_GCC_493\Debug\ZumoBot_Lib.a(I2C.o) (I2C_backup)
.\CortexM3\ARM_GCC_493\Debug\ZumoBot_Lib.a(I2C_MASTER.o)
                              .\CortexM3\ARM_GCC_493\Debug\nunchuk.o (I2C_MasterWriteBuf)
.\CortexM3\ARM_GCC_493\Debug\ZumoBot_Lib.a(UART.o)
                              .\CortexM3\ARM_GCC_493\Debug\main.o (UART_Start)
.\CortexM3\ARM_GCC_493\Debug\ZumoBot_Lib.a(UART_IntClock.o)
                              .\CortexM3\ARM_GCC_493\Debug\ZumoBot_Lib.a(UART.o) (UART_IntClock_Start)
.\CortexM3\ARM_GCC_493\Debug\ZumoBot_Lib.a(CyBootAsmGnu.o)
                              .\CortexM3\ARM_GCC_493\Debug\ZumoBot_Lib.a(cyfitter_cfg.o) (CyDelayCycles)
.\CortexM3\ARM_GCC_493\Debug\ZumoBot_Lib.a(CyLib.o)
                              .\CortexM3\ARM_GCC_493\Debug\Cm3Start.o (CyHalt)
.\CortexM3\ARM_GCC_493\Debug\ZumoBot_Lib.a(cyPm.o)
                              .\CortexM3\ARM_GCC_493\Debug\ZumoBot_Lib.a(CyLib.o) (CyPmReadStatus)
.\CortexM3\ARM_GCC_493\Debug\ZumoBot_Lib.a(MotorDirLeft.o)
                              .\CortexM3\ARM_GCC_493\Debug\Motor.o (MotorDirLeft_Write)
.\CortexM3\ARM_GCC_493\Debug\ZumoBot_Lib.a(MotorDirRight.o)
                              .\CortexM3\ARM_GCC_493\Debug\Motor.o (MotorDirRight_Write)
.\CortexM3\ARM_GCC_493\Debug\ZumoBot_Lib.a(LL.o)
                              .\CortexM3\ARM_GCC_493\Debug\Reflectance.o (LL_Write)
.\CortexM3\ARM_GCC_493\Debug\ZumoBot_Lib.a(Timer_LL.o)
                              .\CortexM3\ARM_GCC_493\Debug\Reflectance.o (Timer_LL_ReadStatusRegister)
.\CortexM3\ARM_GCC_493\Debug\ZumoBot_Lib.a(Timer_RR.o)
                              .\CortexM3\ARM_GCC_493\Debug\Reflectance.o (Timer_RR_ReadStatusRegister)
.\CortexM3\ARM_GCC_493\Debug\ZumoBot_Lib.a(Timer_RL.o)
                              .\CortexM3\ARM_GCC_493\Debug\Reflectance.o (Timer_RL_ReadStatusRegister)
.\CortexM3\ARM_GCC_493\Debug\ZumoBot_Lib.a(RL.o)
                              .\CortexM3\ARM_GCC_493\Debug\Reflectance.o (RL_Write)
.\CortexM3\ARM_GCC_493\Debug\ZumoBot_Lib.a(RR.o)
                              .\CortexM3\ARM_GCC_493\Debug\Reflectance.o (RR_Write)
.\CortexM3\ARM_GCC_493\Debug\ZumoBot_Lib.a(Timer_LR.o)
                              .\CortexM3\ARM_GCC_493\Debug\Reflectance.o (Timer_LR_ReadStatusRegister)
.\CortexM3\ARM_GCC_493\Debug\ZumoBot_Lib.a(LR.o)
                              .\CortexM3\ARM_GCC_493\Debug\Reflectance.o (LR_Write)
.\CortexM3\ARM_GCC_493\Debug\ZumoBot_Lib.a(Timer.o)
                              .\CortexM3\ARM_GCC_493\Debug\Ultra.o (Timer_Stop)
.\CortexM3\ARM_GCC_493\Debug\ZumoBot_Lib.a(Echo.o)
                              .\CortexM3\ARM_GCC_493\Debug\Ultra.o (Echo_Read)
.\CortexM3\ARM_GCC_493\Debug\ZumoBot_Lib.a(CyFlash.o)
                              .\CortexM3\ARM_GCC_493\Debug\ZumoBot_Lib.a(cyPm.o) (CyFlash_SetWaitCycles)
.\CortexM3\ARM_GCC_493\Debug\ZumoBot_Lib.a(CySpc.o)
                              .\CortexM3\ARM_GCC_493\Debug\ZumoBot_Lib.a(CyFlash.o) (CySpcStart)
c:/program files (x86)/cypress/psoc creator/3.3/psoc creator/import/gnu/arm/4.9.3/bin/../lib/gcc/arm-none-eabi/4.9.3/armv7-m\libgcc.a(_arm_addsubdf3.o)
                              .\CortexM3\ARM_GCC_493\Debug\accel.o (__aeabi_dadd)
c:/program files (x86)/cypress/psoc creator/3.3/psoc creator/import/gnu/arm/4.9.3/bin/../lib/gcc/arm-none-eabi/4.9.3/armv7-m\libgcc.a(_arm_muldivdf3.o)
                              .\CortexM3\ARM_GCC_493\Debug\magnet.o (__aeabi_dmul)
c:/program files (x86)/cypress/psoc creator/3.3/psoc creator/import/gnu/arm/4.9.3/bin/../lib/gcc/arm-none-eabi/4.9.3/armv7-m\libgcc.a(_arm_cmpdf2.o)
                              .\CortexM3\ARM_GCC_493\Debug\magnet.o (__aeabi_dcmplt)
c:/program files (x86)/cypress/psoc creator/3.3/psoc creator/import/gnu/arm/4.9.3/bin/../lib/gcc/arm-none-eabi/4.9.3/armv7-m\libgcc.a(_arm_truncdfsf2.o)
                              .\CortexM3\ARM_GCC_493\Debug\accel.o (__aeabi_d2f)
c:/program files (x86)/cypress/psoc creator/3.3/psoc creator/import/gnu/arm/4.9.3/bin/../lib/gcc/arm-none-eabi/4.9.3/armv7-m\libgcc.a(_arm_addsubsf3.o)
                              .\CortexM3\ARM_GCC_493\Debug\Ultra.o (__aeabi_fsub)
c:/program files (x86)/cypress/psoc creator/3.3/psoc creator/import/gnu/arm/4.9.3/bin/../lib/gcc/arm-none-eabi/4.9.3/armv7-m\libgcc.a(_arm_muldivsf3.o)
[...]
Memory Configuration

Name             Origin             Length             Attributes
rom              0x00000000         0x00040000         xr
ram              0x1fff8000         0x00010000         xrw
*default*        0x00000000         0xffffffff

Linker script and memory map

LOAD c:/program files (x86)/cypress/psoc creator/3.3/psoc creator/import/gnu/arm/4.9.3/bin/../lib/gcc/arm-none-eabi/4.9.3/armv7-m/crti.o
LOAD c:/program files (x86)/cypress/psoc creator/3.3/psoc creator/import/gnu/arm/4.9.3/bin/../lib/gcc/arm-none-eabi/4.9.3/armv7-m/crtbegin.o
LOAD c:/program files (x86)/cypress/psoc creator/3.3/psoc creator/import/gnu/arm/4.9.3/bin/../lib/gcc/arm-none-eabi/4.9.3/../../../../arm-none-eabi/lib/armv7-m/crt0.o
START GROUP
LOAD .\CortexM3\ARM_GCC_493\Debug\main.o
LOAD .\CortexM3\ARM_GCC_493\Debug\nunchuk.o
LOAD .\CortexM3\ARM_GCC_493\Debug\Motor.o
LOAD .\CortexM3\ARM_GCC_493\Debug\Ultra.o
LOAD .\CortexM3\ARM_GCC_493\Debug\Reflectance.o
LOAD .\CortexM3\ARM_GCC_493\Debug\accel.o
LOAD .\CortexM3\ARM_GCC_493\Debug\gyro.o
LOAD .\CortexM3\ARM_GCC_493\Debug\I2C_made.o
LOAD .\CortexM3\ARM_GCC_493\Debug\magnet.o
LOAD .\CortexM3\ARM_GCC_493\Debug\cymetadata.o
LOAD .\CortexM3\ARM_GCC_493\Debug\Cm3Start.o
LOAD .\CortexM3\ARM_GCC_493\Debug\ZumoBot_Lib.a
LOAD C:\Program Files (x86)\Cypress\PSoC Creator\3.3\PSoC Creator\psoc\content\cycomponentlibrary\CyComponentLibrary.cylib\CortexM3\ARM_GCC_493\Debug\CyComponentLibrary.a
END GROUP
START GROUP
LOAD c:/program files (x86)/cypress/psoc creator/3.3/psoc creator/import/gnu/arm/4.9.3/bin/../lib/gcc/arm-none-eabi/4.9.3/armv7-m\libgcc.a
LOAD c:/program files (x86)/cypress/psoc creator/3.3/psoc creator/import/gnu/arm/4.9.3/bin/../lib/gcc/arm-none-eabi/4.9.3/../../../../arm-none-eabi/lib/armv7-m\libg_nano.a
LOAD c:/program files (x86)/cypress/psoc creator/3.3/psoc creator/import/gnu/arm/4.9.3/bin/../lib/gcc/arm-none-eabi/4.9.3/../../../../arm-none-eabi/lib/armv7-m\libc_nano.a
END GROUP
START GROUP
LOAD c:/program files (x86)/cypress/psoc creator/3.3/psoc creator/import/gnu/arm/4.9.3/bin/../lib/gcc/arm-none-eabi/4.9.3/armv7-m\libgcc.a
LOAD c:/program files (x86)/cypress/psoc creator/3.3/psoc creator/import/gnu/arm/4.9.3/bin/../lib/gcc/arm-none-eabi/4.9.3/../../../../arm-none-eabi/lib/armv7-m\libc_nano.a
END GROUP
LOAD c:/program files (x86)/cypress/psoc creator/3.3/psoc creator/import/gnu/arm/4.9.3/bin/../lib/gcc/arm-none-eabi/4.9.3/armv7-m/crtend.o
LOAD c:/program files (x86)/cypress/psoc creator/3.3/psoc creator/import/gnu/arm/4.9.3/bin/../lib/gcc/arm-none-eabi/4.9.3/armv7-m/crtn.o
START GROUP
LOAD c:/program files (x86)/cypress/psoc creator/3.3/psoc creator/import/gnu/arm/4.9.3/bin/../lib/gcc/arm-none-eabi/4.9.3/armv7-m\libgcc.a
LOAD c:/program files (x86)/cypress/psoc creator/3.3/psoc creator/import/gnu/arm/4.9.3/bin/../lib/gcc/arm-none-eabi/4.9.3/../../../../arm-none-eabi/lib/armv7-m\libc.a
LOAD c:/program files (x86)/cypress/psoc creator/3.3/psoc creator/import/gnu/arm/4.9.3/bin/../lib/gcc/arm-none-eabi/4.9.3/../../../../arm-none-eabi/lib/armv7-m\libnosys.a
END GROUP
                0x00000000                CY_APPL_ORIGIN = 0x0
                0x00000100                CY_FLASH_ROW_SIZE = 0x100
                0x00000020                CY_ECC_ROW_SIZE = 0x20
                0x00000000                CY_EE_IN_BTLDR = 0x0
                0x00000000                CY_APPL_LOADABLE = 0x0
                0x00000800                CY_EE_SIZE = 0x800
                0x00000001                CY_APPL_NUM = 0x1
                0x00000001                CY_APPL_MAX = 0x1
                0x00000040                CY_METADATA_SIZE = 0x40
                0x00000000                CY_APPL_LOADABLE = 0x0
                0x00000000                CY_CHECKSUM_EXCLUDE_SIZE = ALIGN (0x0, CY_FLASH_ROW_SIZE)
                0x1fff81a8                PROVIDE (__cy_heap_start, _end)
                0x00000001                PROVIDE (__cy_region_num, ((__cy_regions_end - __cy_regions) / 0x10))
                0x20008000                PROVIDE (__cy_stack, (ORIGIN (ram) + 0x10000))
                0x20007800                PROVIDE (__cy_heap_end, (__cy_stack - 0x800))

.cybootloader   0x00000000        0x0
 *(.cybootloader)
                0x00000000                appl1_start = CY_APPL_ORIGIN?CY_APPL_ORIGIN:ALIGN (CY_FLASH_ROW_SIZE)
                0x0001ff00                appl2_start = (appl1_start + ALIGN ((((0x40000 - appl1_start) - (0x2 * CY_FLASH_ROW_SIZE)) / 0x2), CY_FLASH_ROW_SIZE))
                0x00000000                appl_start = (CY_APPL_NUM == 0x1)?appl1_start:appl2_start
                0x00000000                ecc_offset = ((appl_start / CY_FLASH_ROW_SIZE) * CY_ECC_ROW_SIZE)
                0x00000000                ee_offset = (CY_APPL_LOADABLE && ! (CY_EE_IN_BTLDR))?((CY_EE_SIZE / CY_APPL_MAX) * (CY_APPL_NUM - 0x1)):0x0
                0x00000800                ee_size = (CY_APPL_LOADABLE && ! (CY_EE_IN_BTLDR))?(CY_EE_SIZE / CY_APPL_MAX):CY_EE_SIZE
                0x00000000                PROVIDE (CY_ECC_OFFSET, ecc_offset)

.text           0x00000000      0xe5c
 CREATE_OBJECT_SYMBOLS
                0x00000000                PROVIDE (__cy_interrupt_vector, RomVectors)
 *(.romvectors)
 .romvectors    0x00000000       0x10 .\CortexM3\ARM_GCC_493\Debug\Cm3Start.o
                0x00000000                RomVectors
                0x00000001                ASSERT ((. != __cy_interrupt_vector), No interrupt vector)
                0x00000001                ASSERT (CY_APPL_ORIGIN?(SIZEOF (.cybootloader) <= CY_APPL_ORIGIN):0x1, Wrong image location)
                0x00000010                PROVIDE (__cy_reset, Reset)
 *(.text.Reset)
 .text.Reset    0x00000010       0x18 .\CortexM3\ARM_GCC_493\Debug\Cm3Start.o
                0x00000010                Reset
                0x00000001                ASSERT ((. != __cy_reset), No reset code)
 *(.dma_init)
                0x00000001                ASSERT ((((appl_start + .) <= 0x10000) || 0x1), DMA Init must be within the first 64k of flash)
 *(.text .text.* .gnu.linkonce.t.*)
 .text          0x00000028       0x5c c:/program files (x86)/cypress/psoc creator/3.3/psoc creator/import/gnu/arm/4.9.3/bin/../lib/gcc/arm-none-eabi/4.9.3/armv7-m/crtbegin.o
 .text.main     0x00000084       0x14 .\CortexM3\ARM_GCC_493\Debug\main.o
                0x00000084                main
 .text._write   0x00000098       0x1c .\CortexM3\ARM_GCC_493\Debug\main.o
                0x00000098                _write
 .text.IntDefaultHandler
                0x000000b4        0x4 .\CortexM3\ARM_GCC_493\Debug\Cm3Start.o
                0x000000b4                IntDefaultHandler
 .text._sbrk    0x000000b8       0x30 .\CortexM3\ARM_GCC_493\Debug\Cm3Start.o
                0x000000b8                _sbrk
 .text.Start_c  0x000000e8       0x4c .\CortexM3\ARM_GCC_493\Debug\Cm3Start.o
                0x000000e8                Start_c
 .text.initialize_psoc
                0x00000134       0x74 .\CortexM3\ARM_GCC_493\Debug\Cm3Start.o
                0x00000134                initialize_psoc
 .text.CyClockStartupError
                0x000001a8        0x4 .\CortexM3\ARM_GCC_493\Debug\ZumoBot_Lib.a(cyfitter_cfg.o)
 .text.cfg_write_bytes32
                0x000001ac       0x34 .\CortexM3\ARM_GCC_493\Debug\ZumoBot_Lib.a(cyfitter_cfg.o)
 .text.AnalogSetDefault
                0x000001e0       0x28 .\CortexM3\ARM_GCC_493\Debug\ZumoBot_Lib.a(cyfitter_cfg.o)
 .text.CYMEMZERO
                0x00000208        0xc .\CortexM3\ARM_GCC_493\Debug\ZumoBot_Lib.a(cyfitter_cfg.o)
 .text.ClockSetup
                0x00000214       0xdc .\CortexM3\ARM_GCC_493\Debug\ZumoBot_Lib.a(cyfitter_cfg.o)
 .text.CYCONFIGCPY
                0x000002f0        0x8 .\CortexM3\ARM_GCC_493\Debug\ZumoBot_Lib.a(cyfitter_cfg.o)
 .text.cyfitter_cfg
                0x000002f8      0x144 .\CortexM3\ARM_GCC_493\Debug\ZumoBot_Lib.a(cyfitter_cfg.o)
                0x000002f8                cyfitter_cfg
 .text.UART_Init
                0x0000043c       0x28 .\CortexM3\ARM_GCC_493\Debug\ZumoBot_Lib.a(UART.o)
                0x0000043c                UART_Init
 .text.UART_Enable
                0x00000464       0x38 .\CortexM3\ARM_GCC_493\Debug\ZumoBot_Lib.a(UART.o)
                0x00000464                UART_Enable
 .text.UART_Start
                0x0000049c       0x1c .\CortexM3\ARM_GCC_493\Debug\ZumoBot_Lib.a(UART.o)
                0x0000049c                UART_Start
 .text.UART_PutChar
                0x000004b8       0x18 .\CortexM3\ARM_GCC_493\Debug\ZumoBot_Lib.a(UART.o)
                0x000004b8                UART_PutChar
 .text.UART_IntClock_Start
                0x000004d0       0x1c .\CortexM3\ARM_GCC_493\Debug\ZumoBot_Lib.a(UART_IntClock.o)
                0x000004d0                UART_IntClock_Start
 *fill*         0x000004ec        0x4 
 .text          0x000004f0       0x20 .\CortexM3\ARM_GCC_493\Debug\ZumoBot_Lib.a(CyBootAsmGnu.o)
                0x000004f0                CyDelayCycles
                0x00000500                CyEnterCriticalSection
                0x00000508                CyExitCriticalSection
 .text.__errno  0x00000510        0xc c:/program files (x86)/cypress/psoc creator/3.3/psoc creator/import/gnu/arm/4.9.3/bin/../lib/gcc/arm-none-eabi/4.9.3/../../../../arm-none-eabi/lib/armv7-m\libg_nano.a(lib_a-errno.o)
                0x00000510                __errno
 .text.__libc_init_array
                0x0000051c       0x4c c:/program files (x86)/cypress/psoc creator/3.3/psoc creator/import/gnu/arm/4.9.3/bin/../lib/gcc/arm-none-eabi/4.9.3/../../../../arm-none-eabi/lib/armv7-m\libg_nano.a(lib_a-init.o)
                0x0000051c                __libc_init_array
 .text.memcpy   0x00000568       0x16 c:/program files (x86)/cypress/psoc creator/3.3/psoc creator/import/gnu/arm/4.9.3/bin/../lib/gcc/arm-none-eabi/4.9.3/../../../../arm-none-eabi/lib/armv7-m\libg_nano.a(lib_a-memcpy.o)
                0x00000568                memcpy
 .text.memset   0x0000057e       0x10 c:/program files (x86)/cypress/psoc creator/3.3/psoc creator/import/gnu/arm/4.9.3/bin/../lib/gcc/arm-none-eabi/4.9.3/../../../../arm-none-eabi/lib/armv7-m\libg_nano.a(lib_a-memset.o)
                0x0000057e                memset
 .text._puts_r  0x0000058e       0xbc c:/program files (x86)/cypress/psoc creator/3.3/psoc creator/import/gnu/arm/4.9.3/bin/../lib/gcc/arm-none-eabi/4.9.3/../../../../arm-none-eabi/lib/armv7-m\libg_nano.a(lib_a-puts.o)
                0x0000058e                _puts_r
 *fill*         0x0000064a        0x2 
 .text.puts     0x0000064c       0x10 c:/program files (x86)/cypress/psoc creator/3.3/psoc creator/import/gnu/arm/4.9.3/bin/../lib/gcc/arm-none-eabi/4.9.3/../../../../arm-none-eabi/lib/armv7-m\libg_nano.a(lib_a-puts.o)
                0x0000064c                puts
 .text.__swbuf_r
                0x0000065c       0xa8 c:/program files (x86)/cypress/psoc creator/3.3/psoc creator/import/gnu/arm/4.9.3/bin/../lib/gcc/arm-none-eabi/4.9.3/../../../../arm-none-eabi/lib/armv7-m\libg_nano.a(lib_a-wbuf.o)
                0x0000065c                __swbuf_r
 .text.__swsetup_r
                0x00000704       0xd8 c:/program files (x86)/cypress/psoc creator/3.3/psoc creator/import/gnu/arm/4.9.3/bin/../lib/gcc/arm-none-eabi/4.9.3/../../../../arm-none-eabi/lib/armv7-m\libg_nano.a(lib_a-wsetup.o)
                0x00000704                __swsetup_r
 .text.__sflush_r
                0x000007dc      0x106 c:/program files (x86)/cypress/psoc creator/3.3/psoc creator/import/gnu/arm/4.9.3/bin/../lib/gcc/arm-none-eabi/4.9.3/../../../../arm-none-eabi/lib/armv7-m\libg_nano.a(lib_a-fflush.o)
                0x000007dc                __sflush_r
 *fill*         0x000008e2        0x2 
 .text._fflush_r
                0x000008e4       0x54 c:/program files (x86)/cypress/psoc creator/3.3/psoc creator/import/gnu/arm/4.9.3/bin/../lib/gcc/arm-none-eabi/4.9.3/../../../../arm-none-eabi/lib/armv7-m\libg_nano.a(lib_a-fflush.o)
                0x000008e4                _fflush_r
 .text._cleanup_r
                0x00000938        0xc c:/program files (x86)/cypress/psoc creator/3.3/psoc creator/import/gnu/arm/4.9.3/bin/../lib/gcc/arm-none-eabi/4.9.3/../../../../arm-none-eabi/lib/armv7-m\libg_nano.a(lib_a-findfp.o)
                0x00000938                _cleanup_r
 .text.std.isra.0
                0x00000944       0x48 c:/program files (x86)/cypress/psoc creator/3.3/psoc creator/import/gnu/arm/4.9.3/bin/../lib/gcc/arm-none-eabi/4.9.3/../../../../arm-none-eabi/lib/armv7-m\libg_nano.a(lib_a-findfp.o)
 .text.__sfmoreglue
                0x0000098c       0x2c c:/program files (x86)/cypress/psoc creator/3.3/psoc creator/import/gnu/arm/4.9.3/bin/../lib/gcc/arm-none-eabi/4.9.3/../../../../arm-none-eabi/lib/armv7-m\libg_nano.a(lib_a-findfp.o)
                0x0000098c                __sfmoreglue
 .text.__sinit  0x000009b8       0x60 c:/program files (x86)/cypress/psoc creator/3.3/psoc creator/import/gnu/arm/4.9.3/bin/../lib/gcc/arm-none-eabi/4.9.3/../../../../arm-none-eabi/lib/armv7-m\libg_nano.a(lib_a-findfp.o)
                0x000009b8                __sinit
 .text.__sfp    0x00000a18       0x74 c:/program files (x86)/cypress/psoc creator/3.3/psoc creator/import/gnu/arm/4.9.3/bin/../lib/gcc/arm-none-eabi/4.9.3/../../../../arm-none-eabi/lib/armv7-m\libg_nano.a(lib_a-findfp.o)
                0x00000a18                __sfp
 .text._fwalk_reent
                0x00000a8c       0x3c c:/program files (x86)/cypress/psoc creator/3.3/psoc creator/import/gnu/arm/4.9.3/bin/../lib/gcc/arm-none-eabi/4.9.3/../../../../arm-none-eabi/lib/armv7-m\libg_nano.a(lib_a-fwalk.o)
                0x00000a8c                _fwalk_reent
 .text.__smakebuf_r
                0x00000ac8       0x98 c:/program files (x86)/cypress/psoc creator/3.3/psoc creator/import/gnu/arm/4.9.3/bin/../lib/gcc/arm-none-eabi/4.9.3/../../../../arm-none-eabi/lib/armv7-m\libg_nano.a(lib_a-makebuf.o)
                0x00000ac8                __smakebuf_r
 .text._free_r  0x00000b60       0x88 c:/program files (x86)/cypress/psoc creator/3.3/psoc creator/import/gnu/arm/4.9.3/bin/../lib/gcc/arm-none-eabi/4.9.3/../../../../arm-none-eabi/lib/armv7-m\libg_nano.a(lib_a-nano-freer.o)
                0x00000b60                _free_r
 .text._malloc_r
                0x00000be8       0xac c:/program files (x86)/cypress/psoc creator/3.3/psoc creator/import/gnu/arm/4.9.3/bin/../lib/gcc/arm-none-eabi/4.9.3/../../../../arm-none-eabi/lib/armv7-m\libg_nano.a(lib_a-nano-mallocr.o)
                0x00000be8                _malloc_r
 .text._sbrk_r  0x00000c94       0x20 c:/program files (x86)/cypress/psoc creator/3.3/psoc creator/import/gnu/arm/4.9.3/bin/../lib/gcc/arm-none-eabi/4.9.3/../../../../arm-none-eabi/lib/armv7-m\libg_nano.a(lib_a-sbrkr.o)
                0x00000c94                _sbrk_r
 .text.__sread  0x00000cb4       0x22 c:/program files (x86)/cypress/psoc creator/3.3/psoc creator/import/gnu/arm/4.9.3/bin/../lib/gcc/arm-none-eabi/4.9.3/../../../../arm-none-eabi/lib/armv7-m\libg_nano.a(lib_a-stdio.o)
                0x00000cb4                __sread
 .text.__swrite
                0x00000cd6       0x38 c:/program files (x86)/cypress/psoc creator/3.3/psoc creator/import/gnu/arm/4.9.3/bin/../lib/gcc/arm-none-eabi/4.9.3/../../../../arm-none-eabi/lib/armv7-m\libg_nano.a(lib_a-stdio.o)
                0x00000cd6                __swrite
 .text.__sseek  0x00000d0e       0x24 c:/program files (x86)/cypress/psoc creator/3.3/psoc creator/import/gnu/arm/4.9.3/bin/../lib/gcc/arm-none-eabi/4.9.3/../../../../arm-none-eabi/lib/armv7-m\libg_nano.a(lib_a-stdio.o)
                0x00000d0e                __sseek
 .text.__sclose
                0x00000d32        0x8 c:/program files (x86)/cypress/psoc creator/3.3/psoc creator/import/gnu/arm/4.9.3/bin/../lib/gcc/arm-none-eabi/4.9.3/../../../../arm-none-eabi/lib/armv7-m\libg_nano.a(lib_a-stdio.o)
                0x00000d32                __sclose
 *fill*         0x00000d3a        0x2 
 .text._write_r
                0x00000d3c       0x24 c:/program files (x86)/cypress/psoc creator/3.3/psoc creator/import/gnu/arm/4.9.3/bin/../lib/gcc/arm-none-eabi/4.9.3/../../../../arm-none-eabi/lib/armv7-m\libg_nano.a(lib_a-writer.o)
                0x00000d3c                _write_r
 .text._close_r
                0x00000d60       0x20 c:/program files (x86)/cypress/psoc creator/3.3/psoc creator/import/gnu/arm/4.9.3/bin/../lib/gcc/arm-none-eabi/4.9.3/../../../../arm-none-eabi/lib/armv7-m\libg_nano.a(lib_a-closer.o)
                0x00000d60                _close_r
 .text._fstat_r
                0x00000d80       0x24 c:/program files (x86)/cypress/psoc creator/3.3/psoc creator/import/gnu/arm/4.9.3/bin/../lib/gcc/arm-none-eabi/4.9.3/../../../../arm-none-eabi/lib/armv7-m\libg_nano.a(lib_a-fstatr.o)
                0x00000d80                _fstat_r
 .text._isatty_r
                0x00000da4       0x20 c:/program files (x86)/cypress/psoc creator/3.3/psoc creator/import/gnu/arm/4.9.3/bin/../lib/gcc/arm-none-eabi/4.9.3/../../../../arm-none-eabi/lib/armv7-m\libg_nano.a(lib_a-isattyr.o)
                0x00000da4                _isatty_r
 .text._lseek_r
                0x00000dc4       0x24 c:/program files (x86)/cypress/psoc creator/3.3/psoc creator/import/gnu/arm/4.9.3/bin/../lib/gcc/arm-none-eabi/4.9.3/../../../../arm-none-eabi/lib/armv7-m\libg_nano.a(lib_a-lseekr.o)
                0x00000dc4                _lseek_r
 .text._read_r  0x00000de8       0x24 c:/program files (x86)/cypress/psoc creator/3.3/psoc creator/import/gnu/arm/4.9.3/bin/../lib/gcc/arm-none-eabi/4.9.3/../../../../arm-none-eabi/lib/armv7-m\libg_nano.a(lib_a-readr.o)
                0x00000de8                _read_r
 .text._close   0x00000e0c       0x10 c:/program files (x86)/cypress/psoc creator/3.3/psoc creator/import/gnu/arm/4.9.3/bin/../lib/gcc/arm-none-eabi/4.9.3/../../../../arm-none-eabi/lib/armv7-m\libnosys.a(close.o)
                0x00000e0c                _close
 .text._fstat   0x00000e1c       0x10 c:/program files (x86)/cypress/psoc creator/3.3/psoc creator/import/gnu/arm/4.9.3/bin/../lib/gcc/arm-none-eabi/4.9.3/../../../../arm-none-eabi/lib/armv7-m\libnosys.a(fstat.o)
                0x00000e1c                _fstat
 .text._isatty  0x00000e2c       0x10 c:/program files (x86)/cypress/psoc creator/3.3/psoc creator/import/gnu/arm/4.9.3/bin/../lib/gcc/arm-none-eabi/4.9.3/../../../../arm-none-eabi/lib/armv7-m\libnosys.a(isatty.o)
                0x00000e2c                _isatty
 .text._lseek   0x00000e3c       0x10 c:/program files (x86)/cypress/psoc creator/3.3/psoc creator/import/gnu/arm/4.9.3/bin/../lib/gcc/arm-none-eabi/4.9.3/../../../../arm-none-eabi/lib/armv7-m\libnosys.a(lseek.o)
                0x00000e3c                _lseek
 .text._read    0x00000e4c       0x10 c:/program files (x86)/cypress/psoc creator/3.3/psoc creator/import/gnu/arm/4.9.3/bin/../lib/gcc/arm-none-eabi/4.9.3/../../../../arm-none-eabi/lib/armv7-m\libnosys.a(read.o)
                0x00000e4c                _read
 *(.plt)
 *(.gnu.warning)
 *(.glue_7t)
 .glue_7t       0x00000000        0x0 linker stubs
 *(.glue_7)
 .glue_7        0x00000000        0x0 linker stubs
 *(.vfp11_veneer)
 .vfp11_veneer  0x00000000        0x0 linker stubs
 *(.bootloader)
 *(.ARM.extab* .gnu.linkonce.armextab.*)
 *(.gcc_except_table)

.v4_bx          0x00000e5c        0x0
 .v4_bx         0x00000000        0x0 linker stubs

.iplt           0x00000e5c        0x0
 .iplt          0x00000000        0x0 c:/program files (x86)/cypress/psoc creator/3.3/psoc creator/import/gnu/arm/4.9.3/bin/../lib/gcc/arm-none-eabi/4.9.3/armv7-m/crtbegin.o

.eh_frame_hdr
 *(.eh_frame_hdr)

.eh_frame       0x00000e5c        0x4
 *(.eh_frame)
 .eh_frame      0x00000e5c        0x0 c:/program files (x86)/cypress/psoc creator/3.3/psoc creator/import/gnu/arm/4.9.3/bin/../lib/gcc/arm-none-eabi/4.9.3/armv7-m/crtbegin.o
 .eh_frame      0x00000e5c        0x4 c:/program files (x86)/cypress/psoc creator/3.3/psoc creator/import/gnu/arm/4.9.3/bin/../lib/gcc/arm-none-eabi/4.9.3/armv7-m/crtend.o
                0x00000e60                PROVIDE (__exidx_start, .)

.ARM.exidx
 *(.ARM.exidx* .gnu.linkonce.armexidx.*)
                0x00000e60                __exidx_end = .

.rodata         0x00000e60       0xe8
 *(.rodata .rodata.* .gnu.linkonce.r.*)
 .rodata.str1.4
                0x00000e60        0x8 .\CortexM3\ARM_GCC_493\Debug\main.o
 .rodata        0x00000e68       0x44 .\CortexM3\ARM_GCC_493\Debug\ZumoBot_Lib.a(cyfitter_cfg.o)
 .rodata.str1.1
                0x00000eac        0x2 c:/program files (x86)/cypress/psoc creator/3.3/psoc creator/import/gnu/arm/4.9.3/bin/../lib/gcc/arm-none-eabi/4.9.3/../../../../arm-none-eabi/lib/armv7-m\libg_nano.a(lib_a-impure.o)
 *fill*         0x00000eae        0x2 
 .rodata._global_impure_ptr
                0x00000eb0        0x4 c:/program files (x86)/cypress/psoc creator/3.3/psoc creator/import/gnu/arm/4.9.3/bin/../lib/gcc/arm-none-eabi/4.9.3/../../../../arm-none-eabi/lib/armv7-m\libg_nano.a(lib_a-impure.o)
                0x00000eb0                _global_impure_ptr
 .rodata.__sf_fake_stdin
                0x00000eb4       0x20 c:/program files (x86)/cypress/psoc creator/3.3/psoc creator/import/gnu/arm/4.9.3/bin/../lib/gcc/arm-none-eabi/4.9.3/../../../../arm-none-eabi/lib/armv7-m\libg_nano.a(lib_a-findfp.o)
                0x00000eb4                __sf_fake_stdin
 .rodata.__sf_fake_stdout
                0x00000ed4       0x20 c:/program files (x86)/cypress/psoc creator/3.3/psoc creator/import/gnu/arm/4.9.3/bin/../lib/gcc/arm-none-eabi/4.9.3/../../../../arm-none-eabi/lib/armv7-m\libg_nano.a(lib_a-findfp.o)
                0x00000ed4                __sf_fake_stdout
 .rodata.__sf_fake_stderr
                0x00000ef4       0x20 c:/program files (x86)/cypress/psoc creator/3.3/psoc creator/import/gnu/arm/4.9.3/bin/../lib/gcc/arm-none-eabi/4.9.3/../../../../arm-none-eabi/lib/armv7-m\libg_nano.a(lib_a-findfp.o)
                0x00000ef4                __sf_fake_stderr
                0x00000f14                . = ALIGN (0x4)
 *(.init)
 .init          0x00000f14        0x4 c:/program files (x86)/cypress/psoc creator/3.3/psoc creator/import/gnu/arm/4.9.3/bin/../lib/gcc/arm-none-eabi/4.9.3/armv7-m/crti.o
                0x00000f14                _init
 .init          0x00000f18        0x8 c:/program files (x86)/cypress/psoc creator/3.3/psoc creator/import/gnu/arm/4.9.3/bin/../lib/gcc/arm-none-eabi/4.9.3/armv7-m/crtn.o
                0x00000f20                . = ALIGN (0x4)
                0x00000f20                __preinit_array_start = .
 *(.preinit_array)
                0x00000f20                __preinit_array_end = .
                0x00000f20                . = ALIGN (0x4)
                0x00000f20                __init_array_start = .
 *(SORT(.init_array.*))
 *(.init_array)
 .init_array    0x00000f20        0x4 c:/program files (x86)/cypress/psoc creator/3.3/psoc creator/import/gnu/arm/4.9.3/bin/../lib/gcc/arm-none-eabi/4.9.3/armv7-m/crtbegin.o
 .init_array    0x00000f24        0x4 .\CortexM3\ARM_GCC_493\Debug\Cm3Start.o
                0x00000f28                __init_array_end = .
                0x00000f28                . = ALIGN (0x4)
 *(.fini)
 .fini          0x00000f28        0x4 c:/program files (x86)/cypress/psoc creator/3.3/psoc creator/import/gnu/arm/4.9.3/bin/../lib/gcc/arm-none-eabi/4.9.3/armv7-m/crti.o
                0x00000f28                _fini
 .fini          0x00000f2c        0x8 c:/program files (x86)/cypress/psoc creator/3.3/psoc creator/import/gnu/arm/4.9.3/bin/../lib/gcc/arm-none-eabi/4.9.3/armv7-m/crtn.o
                0x00000f34                . = ALIGN (0x4)
                0x00000f34                __fini_array_start = .
 *(.fini_array)
 .fini_array    0x00000f34        0x4 c:/program files (x86)/cypress/psoc creator/3.3/psoc creator/import/gnu/arm/4.9.3/bin/../lib/gcc/arm-none-eabi/4.9.3/armv7-m/crtbegin.o
 *(SORT(.fini_array.*))
                0x00000f38                __fini_array_end = .
                0x00000f38                . = ALIGN (0x4)
 *crtbegin.o(.ctors)
 *(EXCLUDE_FILE(*crtend.o) .ctors)
 *(SORT(.ctors.*))
 *crtend.o(.ctors)
                0x00000f38                . = ALIGN (0x4)
 *crtbegin.o(.dtors)
 *(EXCLUDE_FILE(*crtend.o) .dtors)
 *(SORT(.dtors.*))
 *crtend.o(.dtors)
                0x00000f38                . = ALIGN (0x4)
                0x00000f38                __cy_regions = .
                0x00000f38        0x4 LONG 0xf48 __cy_region_init_ram
                0x00000f3c        0x4 LONG 0x1fff8108 __cy_region_start_data
                0x00000f40        0x4 LONG 0x70 __cy_region_init_size_ram
                0x00000f44        0x4 LONG 0x30 __cy_region_zero_size_ram
                0x00000f48                __cy_regions_end = .
                0x00000f48                . = ALIGN (0x8)
                0x00000f48                _etext = .

.cy_checksum_exclude
                0x00000f48        0x0
 *(.cy_checksum_exclude)

.ramvectors     0x1fff8000      0x100
                0x1fff8000                __cy_region_start_ram = .
 *(.ramvectors)
 .ramvectors    0x1fff8000      0x100 .\CortexM3\ARM_GCC_493\Debug\Cm3Start.o
                0x1fff8000                CyRamVectors

.noinit         0x1fff8100        0x5
 *(.noinit)
 .noinit        0x1fff8100        0x4 .\CortexM3\ARM_GCC_493\Debug\Cm3Start.o
 .noinit        0x1fff8104        0x1 .\CortexM3\ARM_GCC_493\Debug\ZumoBot_Lib.a(CyLib.o)
                0x1fff8104                CyResetStatus

.data           0x1fff8108       0x70 load address 0x00000f48
                0x1fff8108                __cy_region_start_data = .
 *(.jcr)
 .jcr           0x1fff8108        0x0 c:/program files (x86)/cypress/psoc creator/3.3/psoc creator/import/gnu/arm/4.9.3/bin/../lib/gcc/arm-none-eabi/4.9.3/armv7-m/crtbegin.o
 .jcr           0x1fff8108        0x4 c:/program files (x86)/cypress/psoc creator/3.3/psoc creator/import/gnu/arm/4.9.3/bin/../lib/gcc/arm-none-eabi/4.9.3/armv7-m/crtend.o
 *(.got.plt)
 *(.got)
 *(.shdata)
 *(.data .data.* .gnu.linkonce.d.*)
 .data          0x1fff810c        0x4 .\CortexM3\ARM_GCC_493\Debug\Cm3Start.o
 .data.impure_data
                0x1fff8110       0x60 c:/program files (x86)/cypress/psoc creator/3.3/psoc creator/import/gnu/arm/4.9.3/bin/../lib/gcc/arm-none-eabi/4.9.3/../../../../arm-none-eabi/lib/armv7-m\libg_nano.a(lib_a-impure.o)
 .data._impure_ptr
                0x1fff8170        0x4 c:/program files (x86)/cypress/psoc creator/3.3/psoc creator/import/gnu/arm/4.9.3/bin/../lib/gcc/arm-none-eabi/4.9.3/../../../../arm-none-eabi/lib/armv7-m\libg_nano.a(lib_a-impure.o)
                0x1fff8170                _impure_ptr
                0x1fff8178                . = ALIGN (0x8)
 *fill*         0x1fff8174        0x4 
 *(.ram)
                0x1fff8178                _edata = .

.igot.plt       0x1fff8178        0x0 load address 0x00000fb8
 .igot.plt      0x00000000        0x0 c:/program files (x86)/cypress/psoc creator/3.3/psoc creator/import/gnu/arm/4.9.3/bin/../lib/gcc/arm-none-eabi/4.9.3/armv7-m/crtbegin.o

.bss            0x1fff8178       0x30 load address 0x00000fb8
                0x1fff8178                PROVIDE (__bss_start__, .)
 *(.shbss)
 *(.bss .bss.* .gnu.linkonce.b.*)
 .bss           0x1fff8178       0x1c c:/program files (x86)/cypress/psoc creator/3.3/psoc creator/import/gnu/arm/4.9.3/bin/../lib/gcc/arm-none-eabi/4.9.3/armv7-m/crtbegin.o
 .bss           0x1fff8194        0x2 .\CortexM3\ARM_GCC_493\Debug\ZumoBot_Lib.a(UART.o)
                0x1fff8194                UART_initVar
 *fill*         0x1fff8196        0x2 
 .bss.__malloc_sbrk_start
                0x1fff8198        0x4 c:/program files (x86)/cypress/psoc creator/3.3/psoc creator/import/gnu/arm/4.9.3/bin/../lib/gcc/arm-none-eabi/4.9.3/../../../../arm-none-eabi/lib/armv7-m\libg_nano.a(lib_a-nano-mallocr.o)
                0x1fff8198                __malloc_sbrk_start
 .bss.__malloc_free_list
                0x1fff819c        0x4 c:/program files (x86)/cypress/psoc creator/3.3/psoc creator/import/gnu/arm/4.9.3/bin/../lib/gcc/arm-none-eabi/4.9.3/../../../../arm-none-eabi/lib/armv7-m\libg_nano.a(lib_a-nano-mallocr.o)
                0x1fff819c                __malloc_free_list
 *(COMMON)
 COMMON         0x1fff81a0        0x4 c:/program files (x86)/cypress/psoc creator/3.3/psoc creator/import/gnu/arm/4.9.3/bin/../lib/gcc/arm-none-eabi/4.9.3/../../../../arm-none-eabi/lib/armv7-m\libg_nano.a(lib_a-reent.o)
                0x1fff81a0                errno
                0x1fff81a8                . = ALIGN (0x8)
 *fill*         0x1fff81a4        0x4 
 *(.ram.b)
                0x1fff81a8                _end = .
                0x1fff81a8                __end = .
                0x1fff81a8                PROVIDE (end, .)
                0x1fff81a8                PROVIDE (__bss_end__, .)
                0x00000f48                __cy_region_init_ram = LOADADDR (.data)
                0x00000070                __cy_region_init_size_ram = (_edata - ADDR (.data))
                0x00000030                __cy_region_zero_size_ram = (_end - _edata)

.heap           0x1fff81a8      0x200 load address 0x00000fb8
                0x1fff81a8                . = _end
                0x1fff83a8                . = (. + 0x200)
 *fill*         0x1fff81a8      0x200 
                0x1fff83a8                __cy_heap_limit = .

.stack          0x20007800      0x800
                0x20007800                __cy_stack_limit = .
                0x20008000                . = (. + 0x800)
 *fill*         0x20007800      0x800 
                0x00000001                ASSERT ((__cy_stack_limit >= __cy_heap_limit), region RAM overflowed with stack)
                0x00000000                cy_checksum_exclude_size = (CY_APPL_LOADABLE == 0x1)?SIZEOF (.cy_checksum_exclude):0x0
                0x00000001                ASSERT ((cy_checksum_exclude_size <= CY_CHECKSUM_EXCLUDE_SIZE), CY_BOOT: Section .cy_checksum_exclude size exceedes specified limit.)

.cyloadermeta
 *(.cyloadermeta)

.cyloadablemeta
 *(.cyloadablemeta)

.cyconfigecc    0x80000000      0xc4c
 *(.cyconfigecc)
 .cyconfigecc   0x80000000      0xc4c .\CortexM3\ARM_GCC_493\Debug\cymetadata.o
                0x80000000                cy_meta_configecc

.cycustnvl      0x90000000        0x4
 *(.cycustnvl)
 .cycustnvl     0x90000000        0x4 .\CortexM3\ARM_GCC_493\Debug\cymetadata.o
                0x90000000                cy_meta_custnvl

.cywolatch      0x90100000        0x4
 *(.cywolatch)
 .cywolatch     0x90100000        0x4 .\CortexM3\ARM_GCC_493\Debug\cymetadata.o
                0x90100000                cy_meta_wonvl

.cyeeprom       0x90200000        0x0
 *(.cyeeprom)
                0x00000001                ASSERT ((. <= ((0x90200000 + ee_offset) + ee_size)), .cyeeprom data will not fit in EEPROM)

.cyflashprotect
                0x90400000      0x100
 *(.cyflashprotect)
 .cyflashprotect
                0x90400000      0x100 .\CortexM3\ARM_GCC_493\Debug\cymetadata.o
                0x90400000                cy_meta_flashprotect

.cymeta         0x90500000        0xc
 *(.cymeta)
 .cymeta        0x90500000        0xc .\CortexM3\ARM_GCC_493\Debug\cymetadata.o
                0x90500000                cy_metadata

.rel.dyn        0x00000fb8        0x0 load address 0x9050000c
 .rel.iplt      0x00000000        0x0 c:/program files (x86)/cypress/psoc creator/3.3/psoc creator/import/gnu/arm/4.9.3/bin/../lib/gcc/arm-none-eabi/4.9.3/armv7-m/crtbegin.o

.stab           0x00000000       0x84
 *(.stab)
 .stab          0x00000000       0x24 c:/program files (x86)/cypress/psoc creator/3.3/psoc creator/import/gnu/arm/4.9.3/bin/../lib/gcc/arm-none-eabi/4.9.3/../../../../arm-none-eabi/lib/armv7-m\libnosys.a(close.o)
 .stab          0x00000024       0x18 c:/program files (x86)/cypress/psoc creator/3.3/psoc creator/import/gnu/arm/4.9.3/bin/../lib/gcc/arm-none-eabi/4.9.3/../../../../arm-none-eabi/lib/armv7-m\libnosys.a(fstat.o)
                                 0x24 (size before relaxing)
 .stab          0x0000003c       0x18 c:/program files (x86)/cypress/psoc creator/3.3/psoc creator/import/gnu/arm/4.9.3/bin/../lib/gcc/arm-none-eabi/4.9.3/../../../../arm-none-eabi/lib/armv7-m\libnosys.a(isatty.o)
                                 0x24 (size before relaxing)
 .stab          0x00000054       0x18 c:/program files (x86)/cypress/psoc creator/3.3/psoc creator/import/gnu/arm/4.9.3/bin/../lib/gcc/arm-none-eabi/4.9.3/../../../../arm-none-eabi/lib/armv7-m\libnosys.a(lseek.o)
                                 0x24 (size before relaxing)
 .stab          0x0000006c       0x18 c:/program files (x86)/cypress/psoc creator/3.3/psoc creator/import/gnu/arm/4.9.3/bin/../lib/gcc/arm-none-eabi/4.9.3/../../../../arm-none-eabi/lib/armv7-m\libnosys.a(read.o)
                                 0x24 (size before relaxing)

.stabstr        0x00000000      0x117
 *(.stabstr)
 .stabstr       0x00000000      0x117 c:/program files (x86)/cypress/psoc creator/3.3/psoc creator/import/gnu/arm/4.9.3/bin/../lib/gcc/arm-none-eabi/4.9.3/../../../../arm-none-eabi/lib/armv7-m\libnosys.a(close.o)

.debug
 *(.debug)

.line
 *(.line)

.debug_srcinfo
 *(.debug_srcinfo)

.debug_sfnames
 *(.debug_sfnames)

.debug_aranges  0x00000000      0xdc0
 *(.debug_aranges)
 .debug_aranges
                0x00000000       0x28 .\CortexM3\ARM_GCC_493\Debug\main.o
 .debug_aranges
                0x00000028       0x30 .\CortexM3\ARM_GCC_493\Debug\nunchuk.o
 .debug_aranges
                0x00000058       0x40 .\CortexM3\ARM_GCC_493\Debug\Motor.o
 .debug_aranges
                0x00000098       0x28 .\CortexM3\ARM_GCC_493\Debug\Ultra.o
 .debug_aranges
                0x000000c0       0x38 .\CortexM3\ARM_GCC_493\Debug\Reflectance.o
 .debug_aranges
                0x000000f8       0x20 .\CortexM3\ARM_GCC_493\Debug\accel.o
 .debug_aranges
                0x00000118       0x18 .\CortexM3\ARM_GCC_493\Debug\gyro.o
 .debug_aranges
                0x00000130       0x28 .\CortexM3\ARM_GCC_493\Debug\I2C_made.o
 .debug_aranges
                0x00000158       0x20 .\CortexM3\ARM_GCC_493\Debug\magnet.o
 .debug_aranges
                0x00000178       0x18 .\CortexM3\ARM_GCC_493\Debug\cymetadata.o
 .debug_aranges
                0x00000190       0x48 .\CortexM3\ARM_GCC_493\Debug\Cm3Start.o
 .debug_aranges
                0x000001d8       0x58 .\CortexM3\ARM_GCC_493\Debug\ZumoBot_Lib.a(cyfitter_cfg.o)
 .debug_aranges
                0x00000230       0xa8 .\CortexM3\ARM_GCC_493\Debug\ZumoBot_Lib.a(PWM.o)
 .debug_aranges
                0x000002d8       0x38 .\CortexM3\ARM_GCC_493\Debug\ZumoBot_Lib.a(I2C.o)
 .debug_aranges
                0x00000310       0x20 .\CortexM3\ARM_GCC_493\Debug\ZumoBot_Lib.a(I2C_INT.o)
 .debug_aranges
                0x00000330       0x38 .\CortexM3\ARM_GCC_493\Debug\ZumoBot_Lib.a(I2C_PM.o)
 .debug_aranges
                0x00000368       0x80 .\CortexM3\ARM_GCC_493\Debug\ZumoBot_Lib.a(I2C_MASTER.o)
 .debug_aranges
                0x000003e8       0xf0 .\CortexM3\ARM_GCC_493\Debug\ZumoBot_Lib.a(UART.o)
 .debug_aranges
                0x000004d8       0x70 .\CortexM3\ARM_GCC_493\Debug\ZumoBot_Lib.a(UART_IntClock.o)
 .debug_aranges
                0x00000548       0x20 .\CortexM3\ARM_GCC_493\Debug\ZumoBot_Lib.a(CyBootAsmGnu.o)
 .debug_aranges
                0x00000568      0x298 .\CortexM3\ARM_GCC_493\Debug\ZumoBot_Lib.a(CyLib.o)
 .debug_aranges
                0x00000800       0x98 .\CortexM3\ARM_GCC_493\Debug\ZumoBot_Lib.a(cyPm.o)
 .debug_aranges
                0x00000898       0x38 .\CortexM3\ARM_GCC_493\Debug\ZumoBot_Lib.a(MotorDirLeft.o)
 .debug_aranges
                0x000008d0       0x38 .\CortexM3\ARM_GCC_493\Debug\ZumoBot_Lib.a(MotorDirRight.o)
 .debug_aranges
                0x00000908       0x38 .\CortexM3\ARM_GCC_493\Debug\ZumoBot_Lib.a(LL.o)
 .debug_aranges
                0x00000940       0x88 .\CortexM3\ARM_GCC_493\Debug\ZumoBot_Lib.a(Timer_LL.o)
 .debug_aranges
                0x000009c8       0x88 .\CortexM3\ARM_GCC_493\Debug\ZumoBot_Lib.a(Timer_RR.o)
 .debug_aranges
                0x00000a50       0x88 .\CortexM3\ARM_GCC_493\Debug\ZumoBot_Lib.a(Timer_RL.o)
 .debug_aranges
                0x00000ad8       0x38 .\CortexM3\ARM_GCC_493\Debug\ZumoBot_Lib.a(RL.o)
 .debug_aranges
                0x00000b10       0x38 .\CortexM3\ARM_GCC_493\Debug\ZumoBot_Lib.a(RR.o)
 .debug_aranges
                0x00000b48       0x88 .\CortexM3\ARM_GCC_493\Debug\ZumoBot_Lib.a(Timer_LR.o)
 .debug_aranges
                0x00000bd0       0x38 .\CortexM3\ARM_GCC_493\Debug\ZumoBot_Lib.a(LR.o)
 .debug_aranges
                0x00000c08       0x88 .\CortexM3\ARM_GCC_493\Debug\ZumoBot_Lib.a(Timer.o)
 .debug_aranges
                0x00000c90       0x38 .\CortexM3\ARM_GCC_493\Debug\ZumoBot_Lib.a(Echo.o)
 .debug_aranges
                0x00000cc8       0x80 .\CortexM3\ARM_GCC_493\Debug\ZumoBot_Lib.a(CyFlash.o)
 .debug_aranges
                0x00000d48       0x78 .\CortexM3\ARM_GCC_493\Debug\ZumoBot_Lib.a(CySpc.o)

.debug_pubnames
 *(.debug_pubnames)

.debug_info     0x00000000     0x75d5
 *(.debug_info .gnu.linkonce.wi.*)
 .debug_info    0x00000000      0x240 .\CortexM3\ARM_GCC_493\Debug\main.o
 .debug_info    0x00000240      0x354 .\CortexM3\ARM_GCC_493\Debug\nunchuk.o
 .debug_info    0x00000594      0x2d2 .\CortexM3\ARM_GCC_493\Debug\Motor.o
 .debug_info    0x00000866      0x216 .\CortexM3\ARM_GCC_493\Debug\Ultra.o
 .debug_info    0x00000a7c      0x548 .\CortexM3\ARM_GCC_493\Debug\Reflectance.o
 .debug_info    0x00000fc4      0x17f .\CortexM3\ARM_GCC_493\Debug\accel.o
 .debug_info    0x00001143       0xae .\CortexM3\ARM_GCC_493\Debug\gyro.o
 .debug_info    0x000011f1      0x2c9 .\CortexM3\ARM_GCC_493\Debug\I2C_made.o
 .debug_info    0x000014ba      0x19e .\CortexM3\ARM_GCC_493\Debug\magnet.o
 .debug_info    0x00001658      0x13f .\CortexM3\ARM_GCC_493\Debug\cymetadata.o
 .debug_info    0x00001797      0x3a5 .\CortexM3\ARM_GCC_493\Debug\Cm3Start.o
 .debug_info    0x00001b3c      0x60e .\CortexM3\ARM_GCC_493\Debug\ZumoBot_Lib.a(cyfitter_cfg.o)
 .debug_info    0x0000214a      0x37e .\CortexM3\ARM_GCC_493\Debug\ZumoBot_Lib.a(PWM.o)
 .debug_info    0x000024c8      0x2db .\CortexM3\ARM_GCC_493\Debug\ZumoBot_Lib.a(I2C.o)
 .debug_info    0x000027a3      0x17f .\CortexM3\ARM_GCC_493\Debug\ZumoBot_Lib.a(I2C_INT.o)
 .debug_info    0x00002922      0x1fe .\CortexM3\ARM_GCC_493\Debug\ZumoBot_Lib.a(I2C_PM.o)
 .debug_info    0x00002b20      0x400 .\CortexM3\ARM_GCC_493\Debug\ZumoBot_Lib.a(I2C_MASTER.o)
 .debug_info    0x00002f20      0x603 .\CortexM3\ARM_GCC_493\Debug\ZumoBot_Lib.a(UART.o)
 .debug_info    0x00003523      0x283 .\CortexM3\ARM_GCC_493\Debug\ZumoBot_Lib.a(UART_IntClock.o)
 .debug_info    0x000037a6       0x8b .\CortexM3\ARM_GCC_493\Debug\ZumoBot_Lib.a(CyBootAsmGnu.o)
 .debug_info    0x00003831     0x1371 .\CortexM3\ARM_GCC_493\Debug\ZumoBot_Lib.a(CyLib.o)
 .debug_info    0x00004ba2      0xa58 .\CortexM3\ARM_GCC_493\Debug\ZumoBot_Lib.a(cyPm.o)
 .debug_info    0x000055fa      0x121 .\CortexM3\ARM_GCC_493\Debug\ZumoBot_Lib.a(MotorDirLeft.o)
 .debug_info    0x0000571b      0x11f .\CortexM3\ARM_GCC_493\Debug\ZumoBot_Lib.a(MotorDirRight.o)
 .debug_info    0x0000583a      0x11f .\CortexM3\ARM_GCC_493\Debug\ZumoBot_Lib.a(LL.o)
 .debug_info    0x00005959      0x28e .\CortexM3\ARM_GCC_493\Debug\ZumoBot_Lib.a(Timer_LL.o)
 .debug_info    0x00005be7      0x28e .\CortexM3\ARM_GCC_493\Debug\ZumoBot_Lib.a(Timer_RR.o)
 .debug_info    0x00005e75      0x28e .\CortexM3\ARM_GCC_493\Debug\ZumoBot_Lib.a(Timer_RL.o)
 .debug_info    0x00006103      0x11f .\CortexM3\ARM_GCC_493\Debug\ZumoBot_Lib.a(RL.o)
 .debug_info    0x00006222      0x11f .\CortexM3\ARM_GCC_493\Debug\ZumoBot_Lib.a(RR.o)
 .debug_info    0x00006341      0x28e .\CortexM3\ARM_GCC_493\Debug\ZumoBot_Lib.a(Timer_LR.o)
 .debug_info    0x000065cf      0x11f .\CortexM3\ARM_GCC_493\Debug\ZumoBot_Lib.a(LR.o)
 .debug_info    0x000066ee      0x2ce .\CortexM3\ARM_GCC_493\Debug\ZumoBot_Lib.a(Timer.o)
 .debug_info    0x000069bc      0x11f .\CortexM3\ARM_GCC_493\Debug\ZumoBot_Lib.a(Echo.o)
 .debug_info    0x00006adb      0x60a .\CortexM3\ARM_GCC_493\Debug\ZumoBot_Lib.a(CyFlash.o)
 .debug_info    0x000070e5      0x4f0 .\CortexM3\ARM_GCC_493\Debug\ZumoBot_Lib.a(CySpc.o)

.debug_abbrev   0x00000000     0x2923
 *(.debug_abbrev)
 .debug_abbrev  0x00000000      0x160 .\CortexM3\ARM_GCC_493\Debug\main.o
 .debug_abbrev  0x00000160      0x177 .\CortexM3\ARM_GCC_493\Debug\nunchuk.o
 .debug_abbrev  0x000002d7      0x108 .\CortexM3\ARM_GCC_493\Debug\Motor.o
 .debug_abbrev  0x000003df      0x13c .\CortexM3\ARM_GCC_493\Debug\Ultra.o
 .debug_abbrev  0x0000051b      0x161 .\CortexM3\ARM_GCC_493\Debug\Reflectance.o
 .debug_abbrev  0x0000067c       0xfa .\CortexM3\ARM_GCC_493\Debug\accel.o
 .debug_abbrev  0x00000776       0x4b .\CortexM3\ARM_GCC_493\Debug\gyro.o
 .debug_abbrev  0x000007c1      0x153 .\CortexM3\ARM_GCC_493\Debug\I2C_made.o
 .debug_abbrev  0x00000914       0xfa .\CortexM3\ARM_GCC_493\Debug\magnet.o
 .debug_abbrev  0x00000a0e       0x77 .\CortexM3\ARM_GCC_493\Debug\cymetadata.o
 .debug_abbrev  0x00000a85      0x20f .\CortexM3\ARM_GCC_493\Debug\Cm3Start.o
 .debug_abbrev  0x00000c94      0x212 .\CortexM3\ARM_GCC_493\Debug\ZumoBot_Lib.a(cyfitter_cfg.o)
 .debug_abbrev  0x00000ea6      0x14d .\CortexM3\ARM_GCC_493\Debug\ZumoBot_Lib.a(PWM.o)
 .debug_abbrev  0x00000ff3      0x15c .\CortexM3\ARM_GCC_493\Debug\ZumoBot_Lib.a(I2C.o)
 .debug_abbrev  0x0000114f       0xbd .\CortexM3\ARM_GCC_493\Debug\ZumoBot_Lib.a(I2C_INT.o)
 .debug_abbrev  0x0000120c      0x12b .\CortexM3\ARM_GCC_493\Debug\ZumoBot_Lib.a(I2C_PM.o)
 .debug_abbrev  0x00001337      0x13c .\CortexM3\ARM_GCC_493\Debug\ZumoBot_Lib.a(I2C_MASTER.o)
 .debug_abbrev  0x00001473      0x1a2 .\CortexM3\ARM_GCC_493\Debug\ZumoBot_Lib.a(UART.o)
 .debug_abbrev  0x00001615      0x139 .\CortexM3\ARM_GCC_493\Debug\ZumoBot_Lib.a(UART_IntClock.o)
 .debug_abbrev  0x0000174e       0x14 .\CortexM3\ARM_GCC_493\Debug\ZumoBot_Lib.a(CyBootAsmGnu.o)
 .debug_abbrev  0x00001762      0x296 .\CortexM3\ARM_GCC_493\Debug\ZumoBot_Lib.a(CyLib.o)
 .debug_abbrev  0x000019f8      0x1ed .\CortexM3\ARM_GCC_493\Debug\ZumoBot_Lib.a(cyPm.o)
 .debug_abbrev  0x00001be5       0x90 .\CortexM3\ARM_GCC_493\Debug\ZumoBot_Lib.a(MotorDirLeft.o)
 .debug_abbrev  0x00001c75       0x90 .\CortexM3\ARM_GCC_493\Debug\ZumoBot_Lib.a(MotorDirRight.o)
 .debug_abbrev  0x00001d05       0x90 .\CortexM3\ARM_GCC_493\Debug\ZumoBot_Lib.a(LL.o)
 .debug_abbrev  0x00001d95      0x11a .\CortexM3\ARM_GCC_493\Debug\ZumoBot_Lib.a(Timer_LL.o)
 .debug_abbrev  0x00001eaf      0x11a .\CortexM3\ARM_GCC_493\Debug\ZumoBot_Lib.a(Timer_RR.o)
 .debug_abbrev  0x00001fc9      0x11a .\CortexM3\ARM_GCC_493\Debug\ZumoBot_Lib.a(Timer_RL.o)
 .debug_abbrev  0x000020e3       0x90 .\CortexM3\ARM_GCC_493\Debug\ZumoBot_Lib.a(RL.o)
 .debug_abbrev  0x00002173       0x90 .\CortexM3\ARM_GCC_493\Debug\ZumoBot_Lib.a(RR.o)
 .debug_abbrev  0x00002203      0x11a .\CortexM3\ARM_GCC_493\Debug\ZumoBot_Lib.a(Timer_LR.o)
 .debug_abbrev  0x0000231d       0x90 .\CortexM3\ARM_GCC_493\Debug\ZumoBot_Lib.a(LR.o)
 .debug_abbrev  0x000023ad      0x154 .\CortexM3\ARM_GCC_493\Debug\ZumoBot_Lib.a(Timer.o)
 .debug_abbrev  0x00002501       0x90 .\CortexM3\ARM_GCC_493\Debug\ZumoBot_Lib.a(Echo.o)
 .debug_abbrev  0x00002591      0x1d1 .\CortexM3\ARM_GCC_493\Debug\ZumoBot_Lib.a(CyFlash.o)
 .debug_abbrev  0x00002762      0x1c1 .\CortexM3\ARM_GCC_493\Debug\ZumoBot_Lib.a(CySpc.o)

.debug_line     0x00000000     0x394d
 *(.debug_line)
 .debug_line    0x00000000      0x1ba .\CortexM3\ARM_GCC_493\Debug\main.o
 .debug_line    0x000001ba      0x1cf .\CortexM3\ARM_GCC_493\Debug\nunchuk.o
 .debug_line    0x00000389      0x1e5 .\CortexM3\ARM_GCC_493\Debug\Motor.o
 .debug_line    0x0000056e      0x19d .\CortexM3\ARM_GCC_493\Debug\Ultra.o
 .debug_line    0x0000070b      0x24b .\CortexM3\ARM_GCC_493\Debug\Reflectance.o
 .debug_line    0x00000956      0x17e .\CortexM3\ARM_GCC_493\Debug\accel.o
 .debug_line    0x00000ad4      0x13a .\CortexM3\ARM_GCC_493\Debug\gyro.o
 .debug_line    0x00000c0e      0x1a7 .\CortexM3\ARM_GCC_493\Debug\I2C_made.o
 .debug_line    0x00000db5      0x189 .\CortexM3\ARM_GCC_493\Debug\magnet.o
 .debug_line    0x00000f3e       0x53 .\CortexM3\ARM_GCC_493\Debug\cymetadata.o
 .debug_line    0x00000f91      0x249 .\CortexM3\ARM_GCC_493\Debug\Cm3Start.o
 .debug_line    0x000011da      0x203 .\CortexM3\ARM_GCC_493\Debug\ZumoBot_Lib.a(cyfitter_cfg.o)
 .debug_line    0x000013dd      0x1a9 .\CortexM3\ARM_GCC_493\Debug\ZumoBot_Lib.a(PWM.o)
 .debug_line    0x00001586       0xdb .\CortexM3\ARM_GCC_493\Debug\ZumoBot_Lib.a(I2C.o)
 .debug_line    0x00001661      0x116 .\CortexM3\ARM_GCC_493\Debug\ZumoBot_Lib.a(I2C_INT.o)
 .debug_line    0x00001777       0xbd .\CortexM3\ARM_GCC_493\Debug\ZumoBot_Lib.a(I2C_PM.o)
 .debug_line    0x00001834      0x1ff .\CortexM3\ARM_GCC_493\Debug\ZumoBot_Lib.a(I2C_MASTER.o)
 .debug_line    0x00001a33      0x2be .\CortexM3\ARM_GCC_493\Debug\ZumoBot_Lib.a(UART.o)
 .debug_line    0x00001cf1      0x195 .\CortexM3\ARM_GCC_493\Debug\ZumoBot_Lib.a(UART_IntClock.o)
 .debug_line    0x00001e86       0x68 .\CortexM3\ARM_GCC_493\Debug\ZumoBot_Lib.a(CyBootAsmGnu.o)
 .debug_line    0x00001eee      0x806 .\CortexM3\ARM_GCC_493\Debug\ZumoBot_Lib.a(CyLib.o)
 .debug_line    0x000026f4      0x366 .\CortexM3\ARM_GCC_493\Debug\ZumoBot_Lib.a(cyPm.o)
 .debug_line    0x00002a5a       0x9b .\CortexM3\ARM_GCC_493\Debug\ZumoBot_Lib.a(MotorDirLeft.o)
 .debug_line    0x00002af5       0x9c .\CortexM3\ARM_GCC_493\Debug\ZumoBot_Lib.a(MotorDirRight.o)
 .debug_line    0x00002b91       0x91 .\CortexM3\ARM_GCC_493\Debug\ZumoBot_Lib.a(LL.o)
 .debug_line    0x00002c22      0x158 .\CortexM3\ARM_GCC_493\Debug\ZumoBot_Lib.a(Timer_LL.o)
 .debug_line    0x00002d7a      0x158 .\CortexM3\ARM_GCC_493\Debug\ZumoBot_Lib.a(Timer_RR.o)
 .debug_line    0x00002ed2      0x158 .\CortexM3\ARM_GCC_493\Debug\ZumoBot_Lib.a(Timer_RL.o)
 .debug_line    0x0000302a       0x91 .\CortexM3\ARM_GCC_493\Debug\ZumoBot_Lib.a(RL.o)
 .debug_line    0x000030bb       0x91 .\CortexM3\ARM_GCC_493\Debug\ZumoBot_Lib.a(RR.o)
 .debug_line    0x0000314c      0x158 .\CortexM3\ARM_GCC_493\Debug\ZumoBot_Lib.a(Timer_LR.o)
 .debug_line    0x000032a4       0x91 .\CortexM3\ARM_GCC_493\Debug\ZumoBot_Lib.a(LR.o)
 .debug_line    0x00003335      0x15b .\CortexM3\ARM_GCC_493\Debug\ZumoBot_Lib.a(Timer.o)
 .debug_line    0x00003490       0x93 .\CortexM3\ARM_GCC_493\Debug\ZumoBot_Lib.a(Echo.o)
 .debug_line    0x00003523      0x1ec .\CortexM3\ARM_GCC_493\Debug\ZumoBot_Lib.a(CyFlash.o)
 .debug_line    0x0000370f      0x23e .\CortexM3\ARM_GCC_493\Debug\ZumoBot_Lib.a(CySpc.o)

.debug_frame    0x00000000     0x27c8
 *(.debug_frame)
 .debug_frame   0x00000000       0x4c .\CortexM3\ARM_GCC_493\Debug\main.o
 .debug_frame   0x0000004c       0x74 .\CortexM3\ARM_GCC_493\Debug\nunchuk.o
 .debug_frame   0x000000c0       0xa8 .\CortexM3\ARM_GCC_493\Debug\Motor.o
 .debug_frame   0x00000168       0x4c .\CortexM3\ARM_GCC_493\Debug\Ultra.o
 .debug_frame   0x000001b4       0x90 .\CortexM3\ARM_GCC_493\Debug\Reflectance.o
 .debug_frame   0x00000244       0x3c .\CortexM3\ARM_GCC_493\Debug\accel.o
 .debug_frame   0x00000280       0x54 .\CortexM3\ARM_GCC_493\Debug\I2C_made.o
 .debug_frame   0x000002d4       0x30 .\CortexM3\ARM_GCC_493\Debug\magnet.o
 .debug_frame   0x00000304       0xac .\CortexM3\ARM_GCC_493\Debug\Cm3Start.o
 .debug_frame   0x000003b0       0xe4 .\CortexM3\ARM_GCC_493\Debug\ZumoBot_Lib.a(cyfitter_cfg.o)
 .debug_frame   0x00000494      0x154 .\CortexM3\ARM_GCC_493\Debug\ZumoBot_Lib.a(PWM.o)
 .debug_frame   0x000005e8       0x94 .\CortexM3\ARM_GCC_493\Debug\ZumoBot_Lib.a(I2C.o)
 .debug_frame   0x0000067c       0x30 .\CortexM3\ARM_GCC_493\Debug\ZumoBot_Lib.a(I2C_INT.o)
 .debug_frame   0x000006ac       0x74 .\CortexM3\ARM_GCC_493\Debug\ZumoBot_Lib.a(I2C_PM.o)
 .debug_frame   0x00000720      0x138 .\CortexM3\ARM_GCC_493\Debug\ZumoBot_Lib.a(I2C_MASTER.o)
 .debug_frame   0x00000858      0x250 .\CortexM3\ARM_GCC_493\Debug\ZumoBot_Lib.a(UART.o)
 .debug_frame   0x00000aa8       0xe0 .\CortexM3\ARM_GCC_493\Debug\ZumoBot_Lib.a(UART_IntClock.o)
 .debug_frame   0x00000b88      0x728 .\CortexM3\ARM_GCC_493\Debug\ZumoBot_Lib.a(CyLib.o)
 .debug_frame   0x000012b0      0x1f8 .\CortexM3\ARM_GCC_493\Debug\ZumoBot_Lib.a(cyPm.o)
 .debug_frame   0x000014a8       0x50 .\CortexM3\ARM_GCC_493\Debug\ZumoBot_Lib.a(MotorDirLeft.o)
 .debug_frame   0x000014f8       0x50 .\CortexM3\ARM_GCC_493\Debug\ZumoBot_Lib.a(MotorDirRight.o)
 .debug_frame   0x00001548       0x50 .\CortexM3\ARM_GCC_493\Debug\ZumoBot_Lib.a(LL.o)
 .debug_frame   0x00001598      0x108 .\CortexM3\ARM_GCC_493\Debug\ZumoBot_Lib.a(Timer_LL.o)
 .debug_frame   0x000016a0      0x108 .\CortexM3\ARM_GCC_493\Debug\ZumoBot_Lib.a(Timer_RR.o)
 .debug_frame   0x000017a8      0x108 .\CortexM3\ARM_GCC_493\Debug\ZumoBot_Lib.a(Timer_RL.o)
 .debug_frame   0x000018b0       0x50 .\CortexM3\ARM_GCC_493\Debug\ZumoBot_Lib.a(RL.o)
 .debug_frame   0x00001900       0x50 .\CortexM3\ARM_GCC_493\Debug\ZumoBot_Lib.a(RR.o)
 .debug_frame   0x00001950      0x108 .\CortexM3\ARM_GCC_493\Debug\ZumoBot_Lib.a(Timer_LR.o)
 .debug_frame   0x00001a58       0x50 .\CortexM3\ARM_GCC_493\Debug\ZumoBot_Lib.a(LR.o)
 .debug_frame   0x00001aa8      0x114 .\CortexM3\ARM_GCC_493\Debug\ZumoBot_Lib.a(Timer.o)
 .debug_frame   0x00001bbc       0x50 .\CortexM3\ARM_GCC_493\Debug\ZumoBot_Lib.a(Echo.o)
 .debug_frame   0x00001c0c      0x174 .\CortexM3\ARM_GCC_493\Debug\ZumoBot_Lib.a(CyFlash.o)
 .debug_frame   0x00001d80      0x160 .\CortexM3\ARM_GCC_493\Debug\ZumoBot_Lib.a(CySpc.o)
 .debug_frame   0x00001ee0       0x20 c:/program files (x86)/cypress/psoc creator/3.3/psoc creator/import/gnu/arm/4.9.3/bin/../lib/gcc/arm-none-eabi/4.9.3/../../../../arm-none-eabi/lib/armv7-m\libg_nano.a(lib_a-errno.o)
 .debug_frame   0x00001f00       0x28 c:/program files (x86)/cypress/psoc creator/3.3/psoc creator/import/gnu/arm/4.9.3/bin/../lib/gcc/arm-none-eabi/4.9.3/../../../../arm-none-eabi/lib/armv7-m\libg_nano.a(lib_a-exit.o)
 .debug_frame   0x00001f28       0x2c c:/program files (x86)/cypress/psoc creator/3.3/psoc creator/import/gnu/arm/4.9.3/bin/../lib/gcc/arm-none-eabi/4.9.3/../../../../arm-none-eabi/lib/armv7-m\libg_nano.a(lib_a-init.o)
 .debug_frame   0x00001f54       0x28 c:/program files (x86)/cypress/psoc creator/3.3/psoc creator/import/gnu/arm/4.9.3/bin/../lib/gcc/arm-none-eabi/4.9.3/../../../../arm-none-eabi/lib/armv7-m\libg_nano.a(lib_a-memcpy.o)
 .debug_frame   0x00001f7c       0x20 c:/program files (x86)/cypress/psoc creator/3.3/psoc creator/import/gnu/arm/4.9.3/bin/../lib/gcc/arm-none-eabi/4.9.3/../../../../arm-none-eabi/lib/armv7-m\libg_nano.a(lib_a-memset.o)
 .debug_frame   0x00001f9c       0x74 c:/program files (x86)/cypress/psoc creator/3.3/psoc creator/import/gnu/arm/4.9.3/bin/../lib/gcc/arm-none-eabi/4.9.3/../../../../arm-none-eabi/lib/armv7-m\libg_nano.a(lib_a-printf.o)
 .debug_frame   0x00002010       0x3c c:/program files (x86)/cypress/psoc creator/3.3/psoc creator/import/gnu/arm/4.9.3/bin/../lib/gcc/arm-none-eabi/4.9.3/../../../../arm-none-eabi/lib/armv7-m\libg_nano.a(lib_a-puts.o)
 .debug_frame   0x0000204c       0x3c c:/program files (x86)/cypress/psoc creator/3.3/psoc creator/import/gnu/arm/4.9.3/bin/../lib/gcc/arm-none-eabi/4.9.3/../../../../arm-none-eabi/lib/armv7-m\libg_nano.a(lib_a-wbuf.o)
 .debug_frame   0x00002088       0x2c c:/program files (x86)/cypress/psoc creator/3.3/psoc creator/import/gnu/arm/4.9.3/bin/../lib/gcc/arm-none-eabi/4.9.3/../../../../arm-none-eabi/lib/armv7-m\libg_nano.a(lib_a-wsetup.o)
 .debug_frame   0x000020b4       0x68 c:/program files (x86)/cypress/psoc creator/3.3/psoc creator/import/gnu/arm/4.9.3/bin/../lib/gcc/arm-none-eabi/4.9.3/../../../../arm-none-eabi/lib/armv7-m\libg_nano.a(lib_a-fflush.o)
 .debug_frame   0x0000211c      0x11c c:/program files (x86)/cypress/psoc creator/3.3/psoc creator/import/gnu/arm/4.9.3/bin/../lib/gcc/arm-none-eabi/4.9.3/../../../../arm-none-eabi/lib/armv7-m\libg_nano.a(lib_a-findfp.o)
 .debug_frame   0x00002238       0x54 c:/program files (x86)/cypress/psoc creator/3.3/psoc creator/import/gnu/arm/4.9.3/bin/../lib/gcc/arm-none-eabi/4.9.3/../../../../arm-none-eabi/lib/armv7-m\libg_nano.a(lib_a-fwalk.o)
 .debug_frame   0x0000228c       0x34 c:/program files (x86)/cypress/psoc creator/3.3/psoc creator/import/gnu/arm/4.9.3/bin/../lib/gcc/arm-none-eabi/4.9.3/../../../../arm-none-eabi/lib/armv7-m\libg_nano.a(lib_a-makebuf.o)
 .debug_frame   0x000022c0       0x2c c:/program files (x86)/cypress/psoc creator/3.3/psoc creator/import/gnu/arm/4.9.3/bin/../lib/gcc/arm-none-eabi/4.9.3/../../../../arm-none-eabi/lib/armv7-m\libg_nano.a(lib_a-nano-freer.o)
 .debug_frame   0x000022ec       0x2c c:/program files (x86)/cypress/psoc creator/3.3/psoc creator/import/gnu/arm/4.9.3/bin/../lib/gcc/arm-none-eabi/4.9.3/../../../../arm-none-eabi/lib/armv7-m\libg_nano.a(lib_a-nano-mallocr.o)
 .debug_frame   0x00002318       0xb8 c:/program files (x86)/cypress/psoc creator/3.3/psoc creator/import/gnu/arm/4.9.3/bin/../lib/gcc/arm-none-eabi/4.9.3/../../../../arm-none-eabi/lib/armv7-m\libg_nano.a(lib_a-nano-vfprintf.o)
 .debug_frame   0x000023d0       0x58 c:/program files (x86)/cypress/psoc creator/3.3/psoc creator/import/gnu/arm/4.9.3/bin/../lib/gcc/arm-none-eabi/4.9.3/../../../../arm-none-eabi/lib/armv7-m\libg_nano.a(lib_a-nano-vfprintf_i.o)
 .debug_frame   0x00002428       0x2c c:/program files (x86)/cypress/psoc creator/3.3/psoc creator/import/gnu/arm/4.9.3/bin/../lib/gcc/arm-none-eabi/4.9.3/../../../../arm-none-eabi/lib/armv7-m\libg_nano.a(lib_a-sbrkr.o)
 .debug_frame   0x00002454       0x88 c:/program files (x86)/cypress/psoc creator/3.3/psoc creator/import/gnu/arm/4.9.3/bin/../lib/gcc/arm-none-eabi/4.9.3/../../../../arm-none-eabi/lib/armv7-m\libg_nano.a(lib_a-stdio.o)
 .debug_frame   0x000024dc       0x2c c:/program files (x86)/cypress/psoc creator/3.3/psoc creator/import/gnu/arm/4.9.3/bin/../lib/gcc/arm-none-eabi/4.9.3/../../../../arm-none-eabi/lib/armv7-m\libg_nano.a(lib_a-writer.o)
 .debug_frame   0x00002508       0x2c c:/program files (x86)/cypress/psoc creator/3.3/psoc creator/import/gnu/arm/4.9.3/bin/../lib/gcc/arm-none-eabi/4.9.3/../../../../arm-none-eabi/lib/armv7-m\libg_nano.a(lib_a-closer.o)
 .debug_frame   0x00002534       0x2c c:/program files (x86)/cypress/psoc creator/3.3/psoc creator/import/gnu/arm/4.9.3/bin/../lib/gcc/arm-none-eabi/4.9.3/../../../../arm-none-eabi/lib/armv7-m\libg_nano.a(lib_a-fstatr.o)
 .debug_frame   0x00002560       0x3c c:/program files (x86)/cypress/psoc creator/3.3/psoc creator/import/gnu/arm/4.9.3/bin/../lib/gcc/arm-none-eabi/4.9.3/../../../../arm-none-eabi/lib/armv7-m\libg_nano.a(lib_a-fvwrite.o)
 .debug_frame   0x0000259c       0x2c c:/program files (x86)/cypress/psoc creator/3.3/psoc creator/import/gnu/arm/4.9.3/bin/../lib/gcc/arm-none-eabi/4.9.3/../../../../arm-none-eabi/lib/armv7-m\libg_nano.a(lib_a-isattyr.o)
 .debug_frame   0x000025c8       0x2c c:/program files (x86)/cypress/psoc creator/3.3/psoc creator/import/gnu/arm/4.9.3/bin/../lib/gcc/arm-none-eabi/4.9.3/../../../../arm-none-eabi/lib/armv7-m\libg_nano.a(lib_a-lseekr.o)
 .debug_frame   0x000025f4       0x28 c:/program files (x86)/cypress/psoc creator/3.3/psoc creator/import/gnu/arm/4.9.3/bin/../lib/gcc/arm-none-eabi/4.9.3/../../../../arm-none-eabi/lib/armv7-m\libg_nano.a(lib_a-memchr.o)
 .debug_frame   0x0000261c       0x28 c:/program files (x86)/cypress/psoc creator/3.3/psoc creator/import/gnu/arm/4.9.3/bin/../lib/gcc/arm-none-eabi/4.9.3/../../../../arm-none-eabi/lib/armv7-m\libg_nano.a(lib_a-memmove.o)
 .debug_frame   0x00002644       0x3c c:/program files (x86)/cypress/psoc creator/3.3/psoc creator/import/gnu/arm/4.9.3/bin/../lib/gcc/arm-none-eabi/4.9.3/../../../../arm-none-eabi/lib/armv7-m\libg_nano.a(lib_a-nano-reallocr.o)
 .debug_frame   0x00002680       0x2c c:/program files (x86)/cypress/psoc creator/3.3/psoc creator/import/gnu/arm/4.9.3/bin/../lib/gcc/arm-none-eabi/4.9.3/../../../../arm-none-eabi/lib/armv7-m\libg_nano.a(lib_a-readr.o)
 .debug_frame   0x000026ac       0x5c c:/program files (x86)/cypress/psoc creator/3.3/psoc creator/import/gnu/arm/4.9.3/bin/../lib/gcc/arm-none-eabi/4.9.3/../../../../arm-none-eabi/lib/armv7-m\libg_nano.a(lib_a-reent.o)
 .debug_frame   0x00002708       0x20 c:/program files (x86)/cypress/psoc creator/3.3/psoc creator/import/gnu/arm/4.9.3/bin/../lib/gcc/arm-none-eabi/4.9.3/../../../../arm-none-eabi/lib/armv7-m\libg_nano.a(lib_a-nano-msizer.o)
 .debug_frame   0x00002728       0x20 c:/program files (x86)/cypress/psoc creator/3.3/psoc creator/import/gnu/arm/4.9.3/bin/../lib/gcc/arm-none-eabi/4.9.3/../../../../arm-none-eabi/lib/armv7-m\libnosys.a(close.o)
 .debug_frame   0x00002748       0x20 c:/program files (x86)/cypress/psoc creator/3.3/psoc creator/import/gnu/arm/4.9.3/bin/../lib/gcc/arm-none-eabi/4.9.3/../../../../arm-none-eabi/lib/armv7-m\libnosys.a(fstat.o)
 .debug_frame   0x00002768       0x20 c:/program files (x86)/cypress/psoc creator/3.3/psoc creator/import/gnu/arm/4.9.3/bin/../lib/gcc/arm-none-eabi/4.9.3/../../../../arm-none-eabi/lib/armv7-m\libnosys.a(isatty.o)
 .debug_frame   0x00002788       0x20 c:/program files (x86)/cypress/psoc creator/3.3/psoc creator/import/gnu/arm/4.9.3/bin/../lib/gcc/arm-none-eabi/4.9.3/../../../../arm-none-eabi/lib/armv7-m\libnosys.a(lseek.o)
 .debug_frame   0x000027a8       0x20 c:/program files (x86)/cypress/psoc creator/3.3/psoc creator/import/gnu/arm/4.9.3/bin/../lib/gcc/arm-none-eabi/4.9.3/../../../../arm-none-eabi/lib/armv7-m\libnosys.a(read.o)

.debug_str      0x00000000     0x2773
 *(.debug_str)
 .debug_str     0x00000000      0x1c6 .\CortexM3\ARM_GCC_493\Debug\main.o
                                0x223 (size before relaxing)
 .debug_str     0x000001c6       0xaa .\CortexM3\ARM_GCC_493\Debug\nunchuk.o
                                0x246 (size before relaxing)
 .debug_str     0x00000270       0xbd .\CortexM3\ARM_GCC_493\Debug\Motor.o
                                0x25f (size before relaxing)
 .debug_str     0x0000032d       0x9c .\CortexM3\ARM_GCC_493\Debug\Ultra.o
                                0x244 (size before relaxing)
 .debug_str     0x000003c9      0x249 .\CortexM3\ARM_GCC_493\Debug\Reflectance.o
                                0x43d (size before relaxing)
 .debug_str     0x00000612       0x59 .\CortexM3\ARM_GCC_493\Debug\accel.o
                                0x1ee (size before relaxing)
 .debug_str     0x0000066b        0x9 .\CortexM3\ARM_GCC_493\Debug\gyro.o
                                0x19c (size before relaxing)
 .debug_str     0x00000674       0x3f .\CortexM3\ARM_GCC_493\Debug\I2C_made.o
                                0x22d (size before relaxing)
 .debug_str     0x000006b3       0x13 .\CortexM3\ARM_GCC_493\Debug\magnet.o
                                0x1d0 (size before relaxing)
 .debug_str     0x000006c6       0x77 .\CortexM3\ARM_GCC_493\Debug\cymetadata.o
                                0x1e5 (size before relaxing)
 .debug_str     0x0000073d      0x160 .\CortexM3\ARM_GCC_493\Debug\Cm3Start.o
                                0x2f9 (size before relaxing)
 .debug_str     0x0000089d      0x185 .\CortexM3\ARM_GCC_493\Debug\ZumoBot_Lib.a(cyfitter_cfg.o)
                                0x333 (size before relaxing)
 .debug_str     0x00000a22      0x18e .\CortexM3\ARM_GCC_493\Debug\ZumoBot_Lib.a(PWM.o)
                                0x33f (size before relaxing)
 .debug_str     0x00000bb0       0xff .\CortexM3\ARM_GCC_493\Debug\ZumoBot_Lib.a(I2C.o)
                                0x2dd (size before relaxing)
 .debug_str     0x00000caf       0x88 .\CortexM3\ARM_GCC_493\Debug\ZumoBot_Lib.a(I2C_INT.o)
                                0x24e (size before relaxing)
 .debug_str     0x00000d37       0x58 .\CortexM3\ARM_GCC_493\Debug\ZumoBot_Lib.a(I2C_PM.o)
                                0x26c (size before relaxing)
 .debug_str     0x00000d8f      0x12b .\CortexM3\ARM_GCC_493\Debug\ZumoBot_Lib.a(I2C_MASTER.o)
                                0x393 (size before relaxing)
 .debug_str     0x00000eba      0x289 .\CortexM3\ARM_GCC_493\Debug\ZumoBot_Lib.a(UART.o)
                                0x464 (size before relaxing)
 .debug_str     0x00001143      0x185 .\CortexM3\ARM_GCC_493\Debug\ZumoBot_Lib.a(UART_IntClock.o)
                                0x331 (size before relaxing)
 .debug_str     0x000012c8      0x7bc .\CortexM3\ARM_GCC_493\Debug\ZumoBot_Lib.a(CyLib.o)
                                0xa1e (size before relaxing)
 .debug_str     0x00001a84      0x35b .\CortexM3\ARM_GCC_493\Debug\ZumoBot_Lib.a(cyPm.o)
                                0x716 (size before relaxing)
 .debug_str     0x00001ddf       0x78 .\CortexM3\ARM_GCC_493\Debug\ZumoBot_Lib.a(MotorDirLeft.o)
                                0x200 (size before relaxing)
 .debug_str     0x00001e57       0x71 .\CortexM3\ARM_GCC_493\Debug\ZumoBot_Lib.a(MotorDirRight.o)
                                0x205 (size before relaxing)
 .debug_str     0x00001ec8       0x35 .\CortexM3\ARM_GCC_493\Debug\ZumoBot_Lib.a(LL.o)
                                0x1ce (size before relaxing)
 .debug_str     0x00001efd      0x11b .\CortexM3\ARM_GCC_493\Debug\ZumoBot_Lib.a(Timer_LL.o)
                                0x314 (size before relaxing)
 .debug_str     0x00002018      0x10f .\CortexM3\ARM_GCC_493\Debug\ZumoBot_Lib.a(Timer_RR.o)
                                0x314 (size before relaxing)
 .debug_str     0x00002127      0x10f .\CortexM3\ARM_GCC_493\Debug\ZumoBot_Lib.a(Timer_RL.o)
                                0x314 (size before relaxing)
 .debug_str     0x00002236       0x35 .\CortexM3\ARM_GCC_493\Debug\ZumoBot_Lib.a(RL.o)
                                0x1ce (size before relaxing)
 .debug_str     0x0000226b       0x35 .\CortexM3\ARM_GCC_493\Debug\ZumoBot_Lib.a(RR.o)
                                0x1ce (size before relaxing)
 .debug_str     0x000022a0      0x10f .\CortexM3\ARM_GCC_493\Debug\ZumoBot_Lib.a(Timer_LR.o)
                                0x314 (size before relaxing)
 .debug_str     0x000023af       0x35 .\CortexM3\ARM_GCC_493\Debug\ZumoBot_Lib.a(LR.o)
                                0x1ce (size before relaxing)
 .debug_str     0x000023e4       0xf5 .\CortexM3\ARM_GCC_493\Debug\ZumoBot_Lib.a(Timer.o)
                                0x314 (size before relaxing)
 .debug_str     0x000024d9       0x4e .\CortexM3\ARM_GCC_493\Debug\ZumoBot_Lib.a(Echo.o)
                                0x1d8 (size before relaxing)
 .debug_str     0x00002527      0x19e .\CortexM3\ARM_GCC_493\Debug\ZumoBot_Lib.a(CyFlash.o)
                                0x390 (size before relaxing)
 .debug_str     0x000026c5       0xae .\CortexM3\ARM_GCC_493\Debug\ZumoBot_Lib.a(CySpc.o)
                                0x319 (size before relaxing)

.debug_loc      0x00000000     0x285b
 *(.debug_loc)
 .debug_loc     0x00000000       0x87 .\CortexM3\ARM_GCC_493\Debug\main.o
 .debug_loc     0x00000087       0x89 .\CortexM3\ARM_GCC_493\Debug\nunchuk.o
 .debug_loc     0x00000110       0xde .\CortexM3\ARM_GCC_493\Debug\Motor.o
 .debug_loc     0x000001ee       0x70 .\CortexM3\ARM_GCC_493\Debug\Reflectance.o
 .debug_loc     0x0000025e       0x9f .\CortexM3\ARM_GCC_493\Debug\accel.o
 .debug_loc     0x000002fd       0xa5 .\CortexM3\ARM_GCC_493\Debug\I2C_made.o
 .debug_loc     0x000003a2       0x78 .\CortexM3\ARM_GCC_493\Debug\magnet.o
 .debug_loc     0x0000041a      0x144 .\CortexM3\ARM_GCC_493\Debug\Cm3Start.o
 .debug_loc     0x0000055e      0x25a .\CortexM3\ARM_GCC_493\Debug\ZumoBot_Lib.a(cyfitter_cfg.o)
 .debug_loc     0x000007b8       0x26 .\CortexM3\ARM_GCC_493\Debug\ZumoBot_Lib.a(PWM.o)
 .debug_loc     0x000007de       0x39 .\CortexM3\ARM_GCC_493\Debug\ZumoBot_Lib.a(I2C.o)
 .debug_loc     0x00000817       0x29 .\CortexM3\ARM_GCC_493\Debug\ZumoBot_Lib.a(I2C_INT.o)
 .debug_loc     0x00000840       0x13 .\CortexM3\ARM_GCC_493\Debug\ZumoBot_Lib.a(I2C_PM.o)
 .debug_loc     0x00000853      0x52f .\CortexM3\ARM_GCC_493\Debug\ZumoBot_Lib.a(I2C_MASTER.o)
 .debug_loc     0x00000d82      0x258 .\CortexM3\ARM_GCC_493\Debug\ZumoBot_Lib.a(UART.o)
 .debug_loc     0x00000fda      0x128 .\CortexM3\ARM_GCC_493\Debug\ZumoBot_Lib.a(UART_IntClock.o)
 .debug_loc     0x00001102      0xa11 .\CortexM3\ARM_GCC_493\Debug\ZumoBot_Lib.a(CyLib.o)
 .debug_loc     0x00001b13      0x1e4 .\CortexM3\ARM_GCC_493\Debug\ZumoBot_Lib.a(cyPm.o)
 .debug_loc     0x00001cf7       0x55 .\CortexM3\ARM_GCC_493\Debug\ZumoBot_Lib.a(MotorDirLeft.o)
 .debug_loc     0x00001d4c       0x42 .\CortexM3\ARM_GCC_493\Debug\ZumoBot_Lib.a(MotorDirRight.o)
 .debug_loc     0x00001d8e       0x42 .\CortexM3\ARM_GCC_493\Debug\ZumoBot_Lib.a(LL.o)
 .debug_loc     0x00001dd0       0x42 .\CortexM3\ARM_GCC_493\Debug\ZumoBot_Lib.a(RL.o)
 .debug_loc     0x00001e12       0x42 .\CortexM3\ARM_GCC_493\Debug\ZumoBot_Lib.a(RR.o)
 .debug_loc     0x00001e54       0x42 .\CortexM3\ARM_GCC_493\Debug\ZumoBot_Lib.a(LR.o)
 .debug_loc     0x00001e96       0x36 .\CortexM3\ARM_GCC_493\Debug\ZumoBot_Lib.a(Timer.o)
 .debug_loc     0x00001ecc       0x42 .\CortexM3\ARM_GCC_493\Debug\ZumoBot_Lib.a(Echo.o)
 .debug_loc     0x00001f0e      0x300 .\CortexM3\ARM_GCC_493\Debug\ZumoBot_Lib.a(CyFlash.o)
 .debug_loc     0x0000220e      0x64d .\CortexM3\ARM_GCC_493\Debug\ZumoBot_Lib.a(CySpc.o)

.debug_macinfo
 *(.debug_macinfo)

.debug_ranges   0x00000000      0xb60
 *(.debug_ranges)
 .debug_ranges  0x00000000       0x18 .\CortexM3\ARM_GCC_493\Debug\main.o
 .debug_ranges  0x00000018       0x20 .\CortexM3\ARM_GCC_493\Debug\nunchuk.o
 .debug_ranges  0x00000038       0x30 .\CortexM3\ARM_GCC_493\Debug\Motor.o
 .debug_ranges  0x00000068       0x18 .\CortexM3\ARM_GCC_493\Debug\Ultra.o
 .debug_ranges  0x00000080       0x28 .\CortexM3\ARM_GCC_493\Debug\Reflectance.o
 .debug_ranges  0x000000a8       0x10 .\CortexM3\ARM_GCC_493\Debug\accel.o
 .debug_ranges  0x000000b8       0x18 .\CortexM3\ARM_GCC_493\Debug\I2C_made.o
 .debug_ranges  0x000000d0       0x10 .\CortexM3\ARM_GCC_493\Debug\magnet.o
 .debug_ranges  0x000000e0       0x38 .\CortexM3\ARM_GCC_493\Debug\Cm3Start.o
 .debug_ranges  0x00000118       0x48 .\CortexM3\ARM_GCC_493\Debug\ZumoBot_Lib.a(cyfitter_cfg.o)
 .debug_ranges  0x00000160       0x98 .\CortexM3\ARM_GCC_493\Debug\ZumoBot_Lib.a(PWM.o)
 .debug_ranges  0x000001f8       0x28 .\CortexM3\ARM_GCC_493\Debug\ZumoBot_Lib.a(I2C.o)
 .debug_ranges  0x00000220       0x10 .\CortexM3\ARM_GCC_493\Debug\ZumoBot_Lib.a(I2C_INT.o)
 .debug_ranges  0x00000230       0x28 .\CortexM3\ARM_GCC_493\Debug\ZumoBot_Lib.a(I2C_PM.o)
 .debug_ranges  0x00000258       0x70 .\CortexM3\ARM_GCC_493\Debug\ZumoBot_Lib.a(I2C_MASTER.o)
 .debug_ranges  0x000002c8       0xe0 .\CortexM3\ARM_GCC_493\Debug\ZumoBot_Lib.a(UART.o)
 .debug_ranges  0x000003a8       0x60 .\CortexM3\ARM_GCC_493\Debug\ZumoBot_Lib.a(UART_IntClock.o)
 .debug_ranges  0x00000408      0x288 .\CortexM3\ARM_GCC_493\Debug\ZumoBot_Lib.a(CyLib.o)
 .debug_ranges  0x00000690       0x88 .\CortexM3\ARM_GCC_493\Debug\ZumoBot_Lib.a(cyPm.o)
 .debug_ranges  0x00000718       0x28 .\CortexM3\ARM_GCC_493\Debug\ZumoBot_Lib.a(MotorDirLeft.o)
 .debug_ranges  0x00000740       0x28 .\CortexM3\ARM_GCC_493\Debug\ZumoBot_Lib.a(MotorDirRight.o)
 .debug_ranges  0x00000768       0x28 .\CortexM3\ARM_GCC_493\Debug\ZumoBot_Lib.a(LL.o)
 .debug_ranges  0x00000790       0x78 .\CortexM3\ARM_GCC_493\Debug\ZumoBot_Lib.a(Timer_LL.o)
 .debug_ranges  0x00000808       0x78 .\CortexM3\ARM_GCC_493\Debug\ZumoBot_Lib.a(Timer_RR.o)
 .debug_ranges  0x00000880       0x78 .\CortexM3\ARM_GCC_493\Debug\ZumoBot_Lib.a(Timer_RL.o)
 .debug_ranges  0x000008f8       0x28 .\CortexM3\ARM_GCC_493\Debug\ZumoBot_Lib.a(RL.o)
 .debug_ranges  0x00000920       0x28 .\CortexM3\ARM_GCC_493\Debug\ZumoBot_Lib.a(RR.o)
 .debug_ranges  0x00000948       0x78 .\CortexM3\ARM_GCC_493\Debug\ZumoBot_Lib.a(Timer_LR.o)
 .debug_ranges  0x000009c0       0x28 .\CortexM3\ARM_GCC_493\Debug\ZumoBot_Lib.a(LR.o)
 .debug_ranges  0x000009e8       0x78 .\CortexM3\ARM_GCC_493\Debug\ZumoBot_Lib.a(Timer.o)
 .debug_ranges  0x00000a60       0x28 .\CortexM3\ARM_GCC_493\Debug\ZumoBot_Lib.a(Echo.o)
 .debug_ranges  0x00000a88       0x70 .\CortexM3\ARM_GCC_493\Debug\ZumoBot_Lib.a(CyFlash.o)
 .debug_ranges  0x00000af8       0x68 .\CortexM3\ARM_GCC_493\Debug\ZumoBot_Lib.a(CySpc.o)

.comment        0x00000000       0x70
 .comment       0x00000000       0x70 .\CortexM3\ARM_GCC_493\Debug\main.o
                                 0x71 (size before relaxing)
 .comment       0x00000000       0x71 .\CortexM3\ARM_GCC_493\Debug\nunchuk.o
 .comment       0x00000000       0x71 .\CortexM3\ARM_GCC_493\Debug\Motor.o
 .comment       0x00000000       0x71 .\CortexM3\ARM_GCC_493\Debug\Ultra.o
 .comment       0x00000000       0x71 .\CortexM3\ARM_GCC_493\Debug\Reflectance.o
 .comment       0x00000000       0x71 .\CortexM3\ARM_GCC_493\Debug\accel.o
 .comment       0x00000000       0x71 .\CortexM3\ARM_GCC_493\Debug\gyro.o
 .comment       0x00000000       0x71 .\CortexM3\ARM_GCC_493\Debug\I2C_made.o
 .comment       0x00000000       0x71 .\CortexM3\ARM_GCC_493\Debug\magnet.o
 .comment       0x00000000       0x71 .\CortexM3\ARM_GCC_493\Debug\cymetadata.o
 .comment       0x00000000       0x71 .\CortexM3\ARM_GCC_493\Debug\Cm3Start.o
 .comment       0x00000000       0x71 .\CortexM3\ARM_GCC_493\Debug\ZumoBot_Lib.a(cyfitter_cfg.o)
 .comment       0x00000000       0x71 .\CortexM3\ARM_GCC_493\Debug\ZumoBot_Lib.a(PWM.o)
 .comment       0x00000000       0x71 .\CortexM3\ARM_GCC_493\Debug\ZumoBot_Lib.a(I2C.o)
 .comment       0x00000000       0x71 .\CortexM3\ARM_GCC_493\Debug\ZumoBot_Lib.a(I2C_INT.o)
 .comment       0x00000000       0x71 .\CortexM3\ARM_GCC_493\Debug\ZumoBot_Lib.a(I2C_PM.o)
 .comment       0x00000000       0x71 .\CortexM3\ARM_GCC_493\Debug\ZumoBot_Lib.a(I2C_MASTER.o)
 .comment       0x00000000       0x71 .\CortexM3\ARM_GCC_493\Debug\ZumoBot_Lib.a(UART.o)
 .comment       0x00000000       0x71 .\CortexM3\ARM_GCC_493\Debug\ZumoBot_Lib.a(UART_IntClock.o)
 .comment       0x00000000       0x71 .\CortexM3\ARM_GCC_493\Debug\ZumoBot_Lib.a(CyLib.o)
 .comment       0x00000000       0x71 .\CortexM3\ARM_GCC_493\Debug\ZumoBot_Lib.a(cyPm.o)
 .comment       0x00000000       0x71 .\CortexM3\ARM_GCC_493\Debug\ZumoBot_Lib.a(MotorDirLeft.o)
 .comment       0x00000000       0x71 .\CortexM3\ARM_GCC_493\Debug\ZumoBot_Lib.a(MotorDirRight.o)
 .comment       0x00000000       0x71 .\CortexM3\ARM_GCC_493\Debug\ZumoBot_Lib.a(LL.o)
 .comment       0x00000000       0x71 .\CortexM3\ARM_GCC_493\Debug\ZumoBot_Lib.a(Timer_LL.o)
 .comment       0x00000000       0x71 .\CortexM3\ARM_GCC_493\Debug\ZumoBot_Lib.a(Timer_RR.o)
 .comment       0x00000000       0x71 .\CortexM3\ARM_GCC_493\Debug\ZumoBot_Lib.a(Timer_RL.o)
 .comment       0x00000000       0x71 .\CortexM3\ARM_GCC_493\Debug\ZumoBot_Lib.a(RL.o)
 .comment       0x00000000       0x71 .\CortexM3\ARM_GCC_493\Debug\ZumoBot_Lib.a(RR.o)
 .comment       0x00000000       0x71 .\CortexM3\ARM_GCC_493\Debug\ZumoBot_Lib.a(Timer_LR.o)
 .comment       0x00000000       0x71 .\CortexM3\ARM_GCC_493\Debug\ZumoBot_Lib.a(LR.o)
 .comment       0x00000000       0x71 .\CortexM3\ARM_GCC_493\Debug\ZumoBot_Lib.a(Timer.o)
 .comment       0x00000000       0x71 .\CortexM3\ARM_GCC_493\Debug\ZumoBot_Lib.a(Echo.o)
 .comment       0x00000000       0x71 .\CortexM3\ARM_GCC_493\Debug\ZumoBot_Lib.a(CyFlash.o)
 .comment       0x00000000       0x71 .\CortexM3\ARM_GCC_493\Debug\ZumoBot_Lib.a(CySpc.o)

.debug_weaknames
 *(.debug_weaknames)

.debug_funcnames
 *(.debug_funcnames)

.debug_typenames
 *(.debug_typenames)

.debug_varnames
 *(.debug_varnames)

.note.gnu.arm.ident
 *(.note.gnu.arm.ident)

.ARM.attributes
                0x00000000       0x29
 *(.ARM.attributes)
 .ARM.attributes
                0x00000000       0x1d c:/program files (x86)/cypress/psoc creator/3.3/psoc creator/import/gnu/arm/4.9.3/bin/../lib/gcc/arm-none-eabi/4.9.3/armv7-m/crti.o
 .ARM.attributes
                0x0000001d       0x2d c:/program files (x86)/cypress/psoc creator/3.3/psoc creator/import/gnu/arm/4.9.3/bin/../lib/gcc/arm-none-eabi/4.9.3/armv7-m/crtbegin.o
 .ARM.attributes
                0x0000004a       0x1b c:/program files (x86)/cypress/psoc creator/3.3/psoc creator/import/gnu/arm/4.9.3/bin/../lib/gcc/arm-none-eabi/4.9.3/../../../../arm-none-eabi/lib/armv7-m/crt0.o
 .ARM.attributes
                0x00000065       0x33 .\CortexM3\ARM_GCC_493\Debug\main.o
 .ARM.attributes
                0x00000098       0x33 .\CortexM3\ARM_GCC_493\Debug\nunchuk.o
 .ARM.attributes
                0x000000cb       0x33 .\CortexM3\ARM_GCC_493\Debug\Motor.o
 .ARM.attributes
                0x000000fe       0x33 .\CortexM3\ARM_GCC_493\Debug\Ultra.o
 .ARM.attributes
                0x00000131       0x33 .\CortexM3\ARM_GCC_493\Debug\Reflectance.o
 .ARM.attributes
                0x00000164       0x33 .\CortexM3\ARM_GCC_493\Debug\accel.o
 .ARM.attributes
                0x00000197       0x33 .\CortexM3\ARM_GCC_493\Debug\gyro.o
 .ARM.attributes
                0x000001ca       0x33 .\CortexM3\ARM_GCC_493\Debug\I2C_made.o
 .ARM.attributes
                0x000001fd       0x33 .\CortexM3\ARM_GCC_493\Debug\magnet.o
 .ARM.attributes
                0x00000230       0x33 .\CortexM3\ARM_GCC_493\Debug\cymetadata.o
 .ARM.attributes
                0x00000263       0x33 .\CortexM3\ARM_GCC_493\Debug\Cm3Start.o
 .ARM.attributes
                0x00000296       0x33 .\CortexM3\ARM_GCC_493\Debug\ZumoBot_Lib.a(cyfitter_cfg.o)
 .ARM.attributes
                0x000002c9       0x33 .\CortexM3\ARM_GCC_493\Debug\ZumoBot_Lib.a(PWM.o)
 .ARM.attributes
                0x000002fc       0x33 .\CortexM3\ARM_GCC_493\Debug\ZumoBot_Lib.a(I2C.o)
 .ARM.attributes
                0x0000032f       0x33 .\CortexM3\ARM_GCC_493\Debug\ZumoBot_Lib.a(I2C_INT.o)
 .ARM.attributes
                0x00000362       0x33 .\CortexM3\ARM_GCC_493\Debug\ZumoBot_Lib.a(I2C_PM.o)
 .ARM.attributes
                0x00000395       0x33 .\CortexM3\ARM_GCC_493\Debug\ZumoBot_Lib.a(I2C_MASTER.o)
 .ARM.attributes
                0x000003c8       0x33 .\CortexM3\ARM_GCC_493\Debug\ZumoBot_Lib.a(UART.o)
 .ARM.attributes
                0x000003fb       0x33 .\CortexM3\ARM_GCC_493\Debug\ZumoBot_Lib.a(UART_IntClock.o)
 .ARM.attributes
                0x0000042e       0x21 .\CortexM3\ARM_GCC_493\Debug\ZumoBot_Lib.a(CyBootAsmGnu.o)
 .ARM.attributes
                0x0000044f       0x33 .\CortexM3\ARM_GCC_493\Debug\ZumoBot_Lib.a(CyLib.o)
 .ARM.attributes
                0x00000482       0x33 .\CortexM3\ARM_GCC_493\Debug\ZumoBot_Lib.a(cyPm.o)
 .ARM.attributes
                0x000004b5       0x33 .\CortexM3\ARM_GCC_493\Debug\ZumoBot_Lib.a(MotorDirLeft.o)
 .ARM.attributes
                0x000004e8       0x33 .\CortexM3\ARM_GCC_493\Debug\ZumoBot_Lib.a(MotorDirRight.o)
 .ARM.attributes
                0x0000051b       0x33 .\CortexM3\ARM_GCC_493\Debug\ZumoBot_Lib.a(LL.o)
 .ARM.attributes
                0x0000054e       0x33 .\CortexM3\ARM_GCC_493\Debug\ZumoBot_Lib.a(Timer_LL.o)
 .ARM.attributes
                0x00000581       0x33 .\CortexM3\ARM_GCC_493\Debug\ZumoBot_Lib.a(Timer_RR.o)
 .ARM.attributes
                0x000005b4       0x33 .\CortexM3\ARM_GCC_493\Debug\ZumoBot_Lib.a(Timer_RL.o)
 .ARM.attributes
                0x000005e7       0x33 .\CortexM3\ARM_GCC_493\Debug\ZumoBot_Lib.a(RL.o)
 .ARM.attributes
                0x0000061a       0x33 .\CortexM3\ARM_GCC_493\Debug\ZumoBot_Lib.a(RR.o)
 .ARM.attributes
                0x0000064d       0x33 .\CortexM3\ARM_GCC_493\Debug\ZumoBot_Lib.a(Timer_LR.o)
 .ARM.attributes
                0x00000680       0x33 .\CortexM3\ARM_GCC_493\Debug\ZumoBot_Lib.a(LR.o)
 .ARM.attributes
                0x000006b3       0x33 .\CortexM3\ARM_GCC_493\Debug\ZumoBot_Lib.a(Timer.o)
 .ARM.attributes
                0x000006e6       0x33 .\CortexM3\ARM_GCC_493\Debug\ZumoBot_Lib.a(Echo.o)
 .ARM.attributes
                0x00000719       0x33 .\CortexM3\ARM_GCC_493\Debug\ZumoBot_Lib.a(CyFlash.o)
 .ARM.attributes
                0x0000074c       0x33 .\CortexM3\ARM_GCC_493\Debug\ZumoBot_Lib.a(CySpc.o)
 .ARM.attributes
                0x0000077f       0x1d c:/program files (x86)/cypress/psoc creator/3.3/psoc creator/import/gnu/arm/4.9.3/bin/../lib/gcc/arm-none-eabi/4.9.3/armv7-m\libgcc.a(_arm_addsubdf3.o)
 .ARM.attributes
                0x0000079c       0x1d c:/program files (x86)/cypress/psoc creator/3.3/psoc creator/import/gnu/arm/4.9.3/bin/../lib/gcc/arm-none-eabi/4.9.3/armv7-m\libgcc.a(_arm_muldivdf3.o)
 .ARM.attributes
                0x000007b9       0x1d c:/program files (x86)/cypress/psoc creator/3.3/psoc creator/import/gnu/arm/4.9.3/bin/../lib/gcc/arm-none-eabi/4.9.3/armv7-m\libgcc.a(_arm_cmpdf2.o)
 .ARM.attributes
                0x000007d6       0x1d c:/program files (x86)/cypress/psoc creator/3.3/psoc creator/import/gnu/arm/4.9.3/bin/../lib/gcc/arm-none-eabi/4.9.3/armv7-m\libgcc.a(_arm_truncdfsf2.o)
 .ARM.attributes
                0x000007f3       0x1d c:/program files (x86)/cypress/psoc creator/3.3/psoc creator/import/gnu/arm/4.9.3/bin/../lib/gcc/arm-none-eabi/4.9.3/armv7-m\libgcc.a(_arm_addsubsf3.o)
 .ARM.attributes
                0x00000810       0x1d c:/program files (x86)/cypress/psoc creator/3.3/psoc creator/import/gnu/arm/4.9.3/bin/../lib/gcc/arm-none-eabi/4.9.3/armv7-m\libgcc.a(_arm_muldivsf3.o)
 .ARM.attributes
                0x0000082d       0x1d c:/program files (x86)/cypress/psoc creator/3.3/psoc creator/import/gnu/arm/4.9.3/bin/../lib/gcc/arm-none-eabi/4.9.3/armv7-m\libgcc.a(_arm_fixsfsi.o)
 .ARM.attributes
                0x0000084a       0x2d c:/program files (x86)/cypress/psoc creator/3.3/psoc creator/import/gnu/arm/4.9.3/bin/../lib/gcc/arm-none-eabi/4.9.3/../../../../arm-none-eabi/lib/armv7-m\libg_nano.a(lib_a-errno.o)
 .ARM.attributes
                0x00000877       0x2d c:/program files (x86)/cypress/psoc creator/3.3/psoc creator/import/gnu/arm/4.9.3/bin/../lib/gcc/arm-none-eabi/4.9.3/../../../../arm-none-eabi/lib/armv7-m\libg_nano.a(lib_a-exit.o)
 .ARM.attributes
                0x000008a4       0x2d c:/program files (x86)/cypress/psoc creator/3.3/psoc creator/import/gnu/arm/4.9.3/bin/../lib/gcc/arm-none-eabi/4.9.3/../../../../arm-none-eabi/lib/armv7-m\libg_nano.a(lib_a-impure.o)
 .ARM.attributes
                0x000008d1       0x2d c:/program files (x86)/cypress/psoc creator/3.3/psoc creator/import/gnu/arm/4.9.3/bin/../lib/gcc/arm-none-eabi/4.9.3/../../../../arm-none-eabi/lib/armv7-m\libg_nano.a(lib_a-init.o)
 .ARM.attributes
                0x000008fe       0x2d c:/program files (x86)/cypress/psoc creator/3.3/psoc creator/import/gnu/arm/4.9.3/bin/../lib/gcc/arm-none-eabi/4.9.3/../../../../arm-none-eabi/lib/armv7-m\libg_nano.a(lib_a-memcpy.o)
 .ARM.attributes
                0x0000092b       0x2d c:/program files (x86)/cypress/psoc creator/3.3/psoc creator/import/gnu/arm/4.9.3/bin/../lib/gcc/arm-none-eabi/4.9.3/../../../../arm-none-eabi/lib/armv7-m\libg_nano.a(lib_a-memset.o)
 .ARM.attributes
                0x00000958       0x2d c:/program files (x86)/cypress/psoc creator/3.3/psoc creator/import/gnu/arm/4.9.3/bin/../lib/gcc/arm-none-eabi/4.9.3/../../../../arm-none-eabi/lib/armv7-m\libg_nano.a(lib_a-printf.o)
 .ARM.attributes
                0x00000985       0x2d c:/program files (x86)/cypress/psoc creator/3.3/psoc creator/import/gnu/arm/4.9.3/bin/../lib/gcc/arm-none-eabi/4.9.3/../../../../arm-none-eabi/lib/armv7-m\libg_nano.a(lib_a-puts.o)
 .ARM.attributes
                0x000009b2       0x2d c:/program files (x86)/cypress/psoc creator/3.3/psoc creator/import/gnu/arm/4.9.3/bin/../lib/gcc/arm-none-eabi/4.9.3/../../../../arm-none-eabi/lib/armv7-m\libg_nano.a(lib_a-wbuf.o)
 .ARM.attributes
                0x000009df       0x2d c:/program files (x86)/cypress/psoc creator/3.3/psoc creator/import/gnu/arm/4.9.3/bin/../lib/gcc/arm-none-eabi/4.9.3/../../../../arm-none-eabi/lib/armv7-m\libg_nano.a(lib_a-wsetup.o)
 .ARM.attributes
                0x00000a0c       0x2d c:/program files (x86)/cypress/psoc creator/3.3/psoc creator/import/gnu/arm/4.9.3/bin/../lib/gcc/arm-none-eabi/4.9.3/../../../../arm-none-eabi/lib/armv7-m\libg_nano.a(lib_a-fflush.o)
 .ARM.attributes
                0x00000a39       0x2d c:/program files (x86)/cypress/psoc creator/3.3/psoc creator/import/gnu/arm/4.9.3/bin/../lib/gcc/arm-none-eabi/4.9.3/../../../../arm-none-eabi/lib/armv7-m\libg_nano.a(lib_a-findfp.o)
 .ARM.attributes
                0x00000a66       0x2d c:/program files (x86)/cypress/psoc creator/3.3/psoc creator/import/gnu/arm/4.9.3/bin/../lib/gcc/arm-none-eabi/4.9.3/../../../../arm-none-eabi/lib/armv7-m\libg_nano.a(lib_a-fwalk.o)
 .ARM.attributes
                0x00000a93       0x2d c:/program files (x86)/cypress/psoc creator/3.3/psoc creator/import/gnu/arm/4.9.3/bin/../lib/gcc/arm-none-eabi/4.9.3/../../../../arm-none-eabi/lib/armv7-m\libg_nano.a(lib_a-makebuf.o)
 .ARM.attributes
                0x00000ac0       0x2d c:/program files (x86)/cypress/psoc creator/3.3/psoc creator/import/gnu/arm/4.9.3/bin/../lib/gcc/arm-none-eabi/4.9.3/../../../../arm-none-eabi/lib/armv7-m\libg_nano.a(lib_a-nano-freer.o)
 .ARM.attributes
                0x00000aed       0x2d c:/program files (x86)/cypress/psoc creator/3.3/psoc creator/import/gnu/arm/4.9.3/bin/../lib/gcc/arm-none-eabi/4.9.3/../../../../arm-none-eabi/lib/armv7-m\libg_nano.a(lib_a-nano-mallocr.o)
 .ARM.attributes
                0x00000b1a       0x2d c:/program files (x86)/cypress/psoc creator/3.3/psoc creator/import/gnu/arm/4.9.3/bin/../lib/gcc/arm-none-eabi/4.9.3/../../../../arm-none-eabi/lib/armv7-m\libg_nano.a(lib_a-nano-vfprintf.o)
 .ARM.attributes
                0x00000b47       0x2d c:/program files (x86)/cypress/psoc creator/3.3/psoc creator/import/gnu/arm/4.9.3/bin/../lib/gcc/arm-none-eabi/4.9.3/../../../../arm-none-eabi/lib/armv7-m\libg_nano.a(lib_a-nano-vfprintf_i.o)
 .ARM.attributes
                0x00000b74       0x2d c:/program files (x86)/cypress/psoc creator/3.3/psoc creator/import/gnu/arm/4.9.3/bin/../lib/gcc/arm-none-eabi/4.9.3/../../../../arm-none-eabi/lib/armv7-m\libg_nano.a(lib_a-sbrkr.o)
 .ARM.attributes
                0x00000ba1       0x2d c:/program files (x86)/cypress/psoc creator/3.3/psoc creator/import/gnu/arm/4.9.3/bin/../lib/gcc/arm-none-eabi/4.9.3/../../../../arm-none-eabi/lib/armv7-m\libg_nano.a(lib_a-stdio.o)
 .ARM.attributes
                0x00000bce       0x2d c:/program files (x86)/cypress/psoc creator/3.3/psoc creator/import/gnu/arm/4.9.3/bin/../lib/gcc/arm-none-eabi/4.9.3/../../../../arm-none-eabi/lib/armv7-m\libg_nano.a(lib_a-writer.o)
 .ARM.attributes
                0x00000bfb       0x2d c:/program files (x86)/cypress/psoc creator/3.3/psoc creator/import/gnu/arm/4.9.3/bin/../lib/gcc/arm-none-eabi/4.9.3/../../../../arm-none-eabi/lib/armv7-m\libg_nano.a(lib_a-closer.o)
 .ARM.attributes
                0x00000c28       0x2d c:/program files (x86)/cypress/psoc creator/3.3/psoc creator/import/gnu/arm/4.9.3/bin/../lib/gcc/arm-none-eabi/4.9.3/../../../../arm-none-eabi/lib/armv7-m\libg_nano.a(lib_a-fstatr.o)
 .ARM.attributes
                0x00000c55       0x2d c:/program files (x86)/cypress/psoc creator/3.3/psoc creator/import/gnu/arm/4.9.3/bin/../lib/gcc/arm-none-eabi/4.9.3/../../../../arm-none-eabi/lib/armv7-m\libg_nano.a(lib_a-fvwrite.o)
 .ARM.attributes
                0x00000c82       0x2d c:/program files (x86)/cypress/psoc creator/3.3/psoc creator/import/gnu/arm/4.9.3/bin/../lib/gcc/arm-none-eabi/4.9.3/../../../../arm-none-eabi/lib/armv7-m\libg_nano.a(lib_a-isattyr.o)
 .ARM.attributes
                0x00000caf       0x2d c:/program files (x86)/cypress/psoc creator/3.3/psoc creator/import/gnu/arm/4.9.3/bin/../lib/gcc/arm-none-eabi/4.9.3/../../../../arm-none-eabi/lib/armv7-m\libg_nano.a(lib_a-lseekr.o)
 .ARM.attributes
                0x00000cdc       0x2d c:/program files (x86)/cypress/psoc creator/3.3/psoc creator/import/gnu/arm/4.9.3/bin/../lib/gcc/arm-none-eabi/4.9.3/../../../../arm-none-eabi/lib/armv7-m\libg_nano.a(lib_a-memchr.o)
 .ARM.attributes
                0x00000d09       0x2d c:/program files (x86)/cypress/psoc creator/3.3/psoc creator/import/gnu/arm/4.9.3/bin/../lib/gcc/arm-none-eabi/4.9.3/../../../../arm-none-eabi/lib/armv7-m\libg_nano.a(lib_a-memmove.o)
 .ARM.attributes
                0x00000d36       0x2d c:/program files (x86)/cypress/psoc creator/3.3/psoc creator/import/gnu/arm/4.9.3/bin/../lib/gcc/arm-none-eabi/4.9.3/../../../../arm-none-eabi/lib/armv7-m\libg_nano.a(lib_a-nano-reallocr.o)
 .ARM.attributes
                0x00000d63       0x2d c:/program files (x86)/cypress/psoc creator/3.3/psoc creator/import/gnu/arm/4.9.3/bin/../lib/gcc/arm-none-eabi/4.9.3/../../../../arm-none-eabi/lib/armv7-m\libg_nano.a(lib_a-readr.o)
 .ARM.attributes
                0x00000d90       0x2d c:/program files (x86)/cypress/psoc creator/3.3/psoc creator/import/gnu/arm/4.9.3/bin/../lib/gcc/arm-none-eabi/4.9.3/../../../../arm-none-eabi/lib/armv7-m\libg_nano.a(lib_a-reent.o)
 .ARM.attributes
                0x00000dbd       0x2d c:/program files (x86)/cypress/psoc creator/3.3/psoc creator/import/gnu/arm/4.9.3/bin/../lib/gcc/arm-none-eabi/4.9.3/../../../../arm-none-eabi/lib/armv7-m\libg_nano.a(lib_a-nano-msizer.o)
 .ARM.attributes
                0x00000dea       0x2d c:/program files (x86)/cypress/psoc creator/3.3/psoc creator/import/gnu/arm/4.9.3/bin/../lib/gcc/arm-none-eabi/4.9.3/armv7-m/crtend.o
 .ARM.attributes
                0x00000e17       0x1d c:/program files (x86)/cypress/psoc creator/3.3/psoc creator/import/gnu/arm/4.9.3/bin/../lib/gcc/arm-none-eabi/4.9.3/armv7-m/crtn.o
 .ARM.attributes
                0x00000e34       0x2d c:/program files (x86)/cypress/psoc creator/3.3/psoc creator/import/gnu/arm/4.9.3/bin/../lib/gcc/arm-none-eabi/4.9.3/../../../../arm-none-eabi/lib/armv7-m\libnosys.a(close.o)
 .ARM.attributes
                0x00000e61       0x2d c:/program files (x86)/cypress/psoc creator/3.3/psoc creator/import/gnu/arm/4.9.3/bin/../lib/gcc/arm-none-eabi/4.9.3/../../../../arm-none-eabi/lib/armv7-m\libnosys.a(fstat.o)
 .ARM.attributes
                0x00000e8e       0x2d c:/program files (x86)/cypress/psoc creator/3.3/psoc creator/import/gnu/arm/4.9.3/bin/../lib/gcc/arm-none-eabi/4.9.3/../../../../arm-none-eabi/lib/armv7-m\libnosys.a(isatty.o)
 .ARM.attributes
                0x00000ebb       0x2d c:/program files (x86)/cypress/psoc creator/3.3/psoc creator/import/gnu/arm/4.9.3/bin/../lib/gcc/arm-none-eabi/4.9.3/../../../../arm-none-eabi/lib/armv7-m\libnosys.a(lseek.o)
 .ARM.attributes
                0x00000ee8       0x2d c:/program files (x86)/cypress/psoc creator/3.3/psoc creator/import/gnu/arm/4.9.3/bin/../lib/gcc/arm-none-eabi/4.9.3/../../../../arm-none-eabi/lib/armv7-m\libnosys.a(read.o)

/DISCARD/
 *(.note.GNU-stack)
OUTPUT(.\CortexM3\ARM_GCC_493\Debug\ZumoBot_Lib.elf elf32-littlearm)
